nohup: ignoring input
--- Train Data ---
Shape of X [N, C, H, W]: torch.Size([256, 3, 64, 64])
Shape of y: torch.Size([256]) torch.int64

--- Test Data ---
Shape of X [N, C, H, W]: torch.Size([256, 10, 3, 64, 64])
Shape of y: torch.Size([256]) torch.int64
Using device: cuda
VGGNet_D(
  (features): Sequential(
    (0): Conv2d(3, 64, kernel_size=(3, 3), stride=(1, 1), padding=(1, 1))
    (1): ReLU(inplace=True)
    (2): Conv2d(64, 64, kernel_size=(3, 3), stride=(1, 1), padding=(1, 1))
    (3): ReLU(inplace=True)
    (4): MaxPool2d(kernel_size=2, stride=2, padding=0, dilation=1, ceil_mode=False)
    (5): Conv2d(64, 128, kernel_size=(3, 3), stride=(1, 1), padding=(1, 1))
    (6): ReLU(inplace=True)
    (7): Conv2d(128, 128, kernel_size=(3, 3), stride=(1, 1), padding=(1, 1))
    (8): ReLU(inplace=True)
    (9): MaxPool2d(kernel_size=2, stride=2, padding=0, dilation=1, ceil_mode=False)
    (10): Conv2d(128, 256, kernel_size=(3, 3), stride=(1, 1), padding=(1, 1))
    (11): ReLU(inplace=True)
    (12): Conv2d(256, 256, kernel_size=(3, 3), stride=(1, 1), padding=(1, 1))
    (13): ReLU(inplace=True)
    (14): Conv2d(256, 256, kernel_size=(3, 3), stride=(1, 1), padding=(1, 1))
    (15): ReLU(inplace=True)
    (16): MaxPool2d(kernel_size=2, stride=2, padding=0, dilation=1, ceil_mode=False)
    (17): Conv2d(256, 512, kernel_size=(3, 3), stride=(1, 1), padding=(1, 1))
    (18): ReLU(inplace=True)
    (19): Conv2d(512, 512, kernel_size=(3, 3), stride=(1, 1), padding=(1, 1))
    (20): ReLU(inplace=True)
    (21): Conv2d(512, 512, kernel_size=(3, 3), stride=(1, 1), padding=(1, 1))
    (22): ReLU(inplace=True)
    (23): MaxPool2d(kernel_size=2, stride=2, padding=0, dilation=1, ceil_mode=False)
    (24): Conv2d(512, 512, kernel_size=(3, 3), stride=(1, 1), padding=(1, 1))
    (25): ReLU(inplace=True)
    (26): Conv2d(512, 512, kernel_size=(3, 3), stride=(1, 1), padding=(1, 1))
    (27): ReLU(inplace=True)
    (28): Conv2d(512, 512, kernel_size=(3, 3), stride=(1, 1), padding=(1, 1))
    (29): ReLU(inplace=True)
    (30): MaxPool2d(kernel_size=2, stride=2, padding=0, dilation=1, ceil_mode=False)
  )
  (classifier): Sequential(
    (0): Conv2d(512, 4096, kernel_size=(2, 2), stride=(1, 1))
    (1): ReLU(inplace=True)
    (2): Dropout2d(p=0.5, inplace=False)
    (3): Conv2d(4096, 4096, kernel_size=(1, 1), stride=(1, 1))
    (4): ReLU(inplace=True)
    (5): Dropout2d(p=0.5, inplace=False)
    (6): Conv2d(4096, 200, kernel_size=(1, 1), stride=(1, 1))
  )
)
Epoch 1
-------------------------------
loss: 5.398292  [    0/100000]
loss: 5.297935  [ 2560/100000]
loss: 5.298065  [ 5120/100000]
loss: 5.299641  [ 7680/100000]
loss: 5.299429  [10240/100000]
loss: 5.298949  [12800/100000]
loss: 5.303374  [15360/100000]
loss: 5.300334  [17920/100000]
loss: 5.299580  [20480/100000]
loss: 5.299450  [23040/100000]
loss: 5.309399  [25600/100000]
loss: 5.294067  [28160/100000]
loss: 5.302818  [30720/100000]
loss: 5.304362  [33280/100000]
loss: 5.306272  [35840/100000]
loss: 5.304826  [38400/100000]
loss: 5.307603  [40960/100000]
loss: 5.295926  [43520/100000]
loss: 5.308193  [46080/100000]
loss: 5.300630  [48640/100000]
loss: 5.299711  [51200/100000]
loss: 5.306752  [53760/100000]
loss: 5.303144  [56320/100000]
loss: 5.297149  [58880/100000]
loss: 5.297680  [61440/100000]
loss: 5.300189  [64000/100000]
loss: 5.303051  [66560/100000]
loss: 5.296161  [69120/100000]
loss: 5.298093  [71680/100000]
loss: 5.295537  [74240/100000]
loss: 5.295234  [76800/100000]
loss: 5.309382  [79360/100000]
loss: 5.307701  [81920/100000]
loss: 5.301577  [84480/100000]
loss: 5.298730  [87040/100000]
loss: 5.296206  [89600/100000]
loss: 5.300157  [92160/100000]
loss: 5.297162  [94720/100000]
loss: 5.304938  [97280/100000]
loss: 5.306509  [62400/100000]
Epoch 1 finished in 121.73 seconds

Epoch 2
-------------------------------
loss: 5.302261  [    0/100000]
loss: 5.297236  [ 2560/100000]
loss: 5.297222  [ 5120/100000]
loss: 5.298987  [ 7680/100000]
loss: 5.300164  [10240/100000]
loss: 5.297822  [12800/100000]
loss: 5.304513  [15360/100000]
loss: 5.304758  [17920/100000]
loss: 5.301248  [20480/100000]
loss: 5.292018  [23040/100000]
loss: 5.301564  [25600/100000]
loss: 5.289576  [28160/100000]
loss: 5.299859  [30720/100000]
loss: 5.302524  [33280/100000]
loss: 5.292769  [35840/100000]
loss: 5.299071  [38400/100000]
loss: 5.285958  [40960/100000]
loss: 5.293395  [43520/100000]
loss: 5.289552  [46080/100000]
loss: 5.270118  [48640/100000]
loss: 5.245177  [51200/100000]
loss: 5.263910  [53760/100000]
loss: 5.233596  [56320/100000]
loss: 5.268005  [58880/100000]
loss: 5.235707  [61440/100000]
loss: 5.245405  [64000/100000]
loss: 5.243018  [66560/100000]
loss: 5.250287  [69120/100000]
loss: 5.243435  [71680/100000]
loss: 5.250501  [74240/100000]
loss: 5.246057  [76800/100000]
loss: 5.211164  [79360/100000]
loss: 5.275707  [81920/100000]
loss: 5.208901  [84480/100000]
loss: 5.208403  [87040/100000]
loss: 5.206689  [89600/100000]
loss: 5.213931  [92160/100000]
loss: 5.200642  [94720/100000]
loss: 5.219243  [97280/100000]
loss: 5.213245  [62400/100000]
Epoch 2 finished in 121.63 seconds

Epoch 3
-------------------------------
loss: 5.238118  [    0/100000]
loss: 5.238421  [ 2560/100000]
loss: 5.204526  [ 5120/100000]
loss: 5.214696  [ 7680/100000]
loss: 5.159363  [10240/100000]
loss: 5.220909  [12800/100000]
loss: 5.164186  [15360/100000]
loss: 5.187990  [17920/100000]
loss: 5.186100  [20480/100000]
loss: 5.183750  [23040/100000]
loss: 5.217994  [25600/100000]
loss: 5.250717  [28160/100000]
loss: 5.162221  [30720/100000]
loss: 5.204612  [33280/100000]
loss: 5.170609  [35840/100000]
loss: 5.165544  [38400/100000]
loss: 5.198401  [40960/100000]
loss: 5.204294  [43520/100000]
loss: 5.194508  [46080/100000]
loss: 5.205167  [48640/100000]
loss: 5.167824  [51200/100000]
loss: 5.142916  [53760/100000]
loss: 5.184533  [56320/100000]
loss: 5.193842  [58880/100000]
loss: 5.204636  [61440/100000]
loss: 5.160026  [64000/100000]
loss: 5.168539  [66560/100000]
loss: 5.201172  [69120/100000]
loss: 5.156848  [71680/100000]
loss: 5.166732  [74240/100000]
loss: 5.145109  [76800/100000]
loss: 5.237251  [79360/100000]
loss: 5.132964  [81920/100000]
loss: 5.177831  [84480/100000]
loss: 5.131746  [87040/100000]
loss: 5.089801  [89600/100000]
loss: 5.243876  [92160/100000]
loss: 5.201593  [94720/100000]
loss: 5.160679  [97280/100000]
loss: 5.185937  [62400/100000]
Epoch 3 finished in 121.60 seconds

Epoch 4
-------------------------------
loss: 5.158479  [    0/100000]
loss: 5.146180  [ 2560/100000]
loss: 5.170406  [ 5120/100000]
loss: 5.185005  [ 7680/100000]
loss: 5.135059  [10240/100000]
loss: 5.152583  [12800/100000]
loss: 5.160715  [15360/100000]
loss: 5.082075  [17920/100000]
loss: 5.092252  [20480/100000]
loss: 5.202698  [23040/100000]
loss: 5.076925  [25600/100000]
loss: 5.094633  [28160/100000]
loss: 5.175973  [30720/100000]
loss: 5.130143  [33280/100000]
loss: 5.145006  [35840/100000]
loss: 5.123868  [38400/100000]
loss: 5.134892  [40960/100000]
loss: 5.040919  [43520/100000]
loss: 5.073720  [46080/100000]
loss: 5.136220  [48640/100000]
loss: 5.167587  [51200/100000]
loss: 5.093485  [53760/100000]
loss: 5.088199  [56320/100000]
loss: 5.067277  [58880/100000]
loss: 5.136961  [61440/100000]
loss: 4.991141  [64000/100000]
loss: 5.033930  [66560/100000]
loss: 5.053168  [69120/100000]
loss: 5.087462  [71680/100000]
loss: 5.049016  [74240/100000]
loss: 5.103400  [76800/100000]
loss: 5.020048  [79360/100000]
loss: 5.067341  [81920/100000]
loss: 5.072051  [84480/100000]
loss: 5.015127  [87040/100000]
loss: 5.084583  [89600/100000]
loss: 4.985658  [92160/100000]
loss: 5.064887  [94720/100000]
loss: 4.948317  [97280/100000]
loss: 4.930804  [62400/100000]
Epoch 4 finished in 121.57 seconds

Epoch 5
-------------------------------
loss: 5.003673  [    0/100000]
loss: 5.000712  [ 2560/100000]
loss: 4.992545  [ 5120/100000]
loss: 5.057088  [ 7680/100000]
loss: 4.979438  [10240/100000]
loss: 5.001219  [12800/100000]
loss: 5.026522  [15360/100000]
loss: 4.956957  [17920/100000]
loss: 4.940158  [20480/100000]
loss: 4.930401  [23040/100000]
loss: 4.930387  [25600/100000]
loss: 4.842731  [28160/100000]
loss: 4.923927  [30720/100000]
loss: 4.958219  [33280/100000]
loss: 4.982444  [35840/100000]
loss: 4.964683  [38400/100000]
loss: 4.912633  [40960/100000]
loss: 4.868282  [43520/100000]
loss: 4.926795  [46080/100000]
loss: 4.919442  [48640/100000]
loss: 4.956921  [51200/100000]
loss: 5.058962  [53760/100000]
loss: 4.923646  [56320/100000]
loss: 4.940924  [58880/100000]
loss: 4.903329  [61440/100000]
loss: 4.971535  [64000/100000]
loss: 4.860228  [66560/100000]
loss: 4.932544  [69120/100000]
loss: 4.884872  [71680/100000]
loss: 5.046863  [74240/100000]
loss: 4.966190  [76800/100000]
loss: 4.961204  [79360/100000]
loss: 4.895949  [81920/100000]
loss: 4.859546  [84480/100000]
loss: 4.977018  [87040/100000]
loss: 4.893058  [89600/100000]
loss: 4.881535  [92160/100000]
loss: 4.934328  [94720/100000]
loss: 4.805485  [97280/100000]
loss: 4.850125  [62400/100000]
Epoch 5 finished in 121.63 seconds

Epoch 6
-------------------------------
loss: 4.811427  [    0/100000]
loss: 4.655869  [ 2560/100000]
loss: 4.783317  [ 5120/100000]
loss: 4.872771  [ 7680/100000]
loss: 4.817347  [10240/100000]
loss: 4.872794  [12800/100000]
loss: 4.819347  [15360/100000]
loss: 4.822489  [17920/100000]
loss: 4.921995  [20480/100000]
loss: 4.863616  [23040/100000]
loss: 4.841631  [25600/100000]
loss: 4.843678  [28160/100000]
loss: 4.628390  [30720/100000]
loss: 4.790730  [33280/100000]
loss: 4.747053  [35840/100000]
loss: 4.761108  [38400/100000]
loss: 4.770072  [40960/100000]
loss: 4.658108  [43520/100000]
loss: 4.703012  [46080/100000]
loss: 4.698076  [48640/100000]
loss: 4.767044  [51200/100000]
loss: 4.854753  [53760/100000]
loss: 4.815835  [56320/100000]
loss: 4.767522  [58880/100000]
loss: 4.789527  [61440/100000]
loss: 4.825704  [64000/100000]
loss: 4.717394  [66560/100000]
loss: 4.741129  [69120/100000]
loss: 4.682088  [71680/100000]
loss: 4.712682  [74240/100000]
loss: 4.820984  [76800/100000]
loss: 4.706639  [79360/100000]
loss: 4.749988  [81920/100000]
loss: 4.687484  [84480/100000]
loss: 4.804235  [87040/100000]
loss: 4.663569  [89600/100000]
loss: 4.654623  [92160/100000]
loss: 4.685555  [94720/100000]
loss: 4.580400  [97280/100000]
loss: 4.710106  [62400/100000]
Epoch 6 finished in 121.81 seconds

Epoch 7
-------------------------------
loss: 4.752072  [    0/100000]
loss: 4.601471  [ 2560/100000]
loss: 4.643388  [ 5120/100000]
loss: 4.738775  [ 7680/100000]
loss: 4.725683  [10240/100000]
loss: 4.614921  [12800/100000]
loss: 4.600162  [15360/100000]
loss: 4.671810  [17920/100000]
loss: 4.723059  [20480/100000]
loss: 4.579236  [23040/100000]
loss: 4.611836  [25600/100000]
loss: 4.576173  [28160/100000]
loss: 4.739464  [30720/100000]
loss: 4.616019  [33280/100000]
loss: 4.612992  [35840/100000]
loss: 4.704370  [38400/100000]
loss: 4.526354  [40960/100000]
loss: 4.686559  [43520/100000]
loss: 4.565621  [46080/100000]
loss: 4.674405  [48640/100000]
loss: 4.456386  [51200/100000]
loss: 4.578508  [53760/100000]
loss: 4.644344  [56320/100000]
loss: 4.529311  [58880/100000]
loss: 4.547078  [61440/100000]
loss: 4.446449  [64000/100000]
loss: 4.661830  [66560/100000]
loss: 4.636130  [69120/100000]
loss: 4.488993  [71680/100000]
loss: 4.615380  [74240/100000]
loss: 4.511380  [76800/100000]
loss: 4.491913  [79360/100000]
loss: 4.621049  [81920/100000]
loss: 4.487989  [84480/100000]
loss: 4.565142  [87040/100000]
loss: 4.523672  [89600/100000]
loss: 4.464613  [92160/100000]
loss: 4.499775  [94720/100000]
loss: 4.390267  [97280/100000]
loss: 4.626752  [62400/100000]
Epoch 7 finished in 121.56 seconds

Epoch 8
-------------------------------
loss: 4.573451  [    0/100000]
loss: 4.529664  [ 2560/100000]
loss: 4.583157  [ 5120/100000]
loss: 4.477982  [ 7680/100000]
loss: 4.326458  [10240/100000]
loss: 4.613671  [12800/100000]
loss: 4.307157  [15360/100000]
loss: 4.418203  [17920/100000]
loss: 4.456598  [20480/100000]
loss: 4.360896  [23040/100000]
loss: 4.527357  [25600/100000]
loss: 4.295537  [28160/100000]
loss: 4.438237  [30720/100000]
loss: 4.386366  [33280/100000]
loss: 4.572202  [35840/100000]
loss: 4.357175  [38400/100000]
loss: 4.362445  [40960/100000]
loss: 4.417072  [43520/100000]
loss: 4.481633  [46080/100000]
loss: 4.404381  [48640/100000]
loss: 4.441931  [51200/100000]
loss: 4.438927  [53760/100000]
loss: 4.486704  [56320/100000]
loss: 4.487900  [58880/100000]
loss: 4.635560  [61440/100000]
loss: 4.372068  [64000/100000]
loss: 4.263260  [66560/100000]
loss: 4.379799  [69120/100000]
loss: 4.487271  [71680/100000]
loss: 4.336846  [74240/100000]
loss: 4.344352  [76800/100000]
loss: 4.328127  [79360/100000]
loss: 4.333604  [81920/100000]
loss: 4.247599  [84480/100000]
loss: 4.433558  [87040/100000]
loss: 4.260928  [89600/100000]
loss: 4.219617  [92160/100000]
loss: 4.306289  [94720/100000]
loss: 4.388609  [97280/100000]
loss: 4.309144  [62400/100000]
Epoch 8 finished in 121.69 seconds

Epoch 9
-------------------------------
loss: 4.276671  [    0/100000]
loss: 4.456699  [ 2560/100000]
loss: 4.375858  [ 5120/100000]
loss: 4.431166  [ 7680/100000]
loss: 4.255470  [10240/100000]
loss: 4.157835  [12800/100000]
loss: 4.308153  [15360/100000]
loss: 4.443784  [17920/100000]
loss: 4.343368  [20480/100000]
loss: 4.360755  [23040/100000]
loss: 4.138857  [25600/100000]
loss: 4.529770  [28160/100000]
loss: 4.283589  [30720/100000]
loss: 4.349296  [33280/100000]
loss: 4.323593  [35840/100000]
loss: 4.493298  [38400/100000]
loss: 4.303102  [40960/100000]
loss: 4.252337  [43520/100000]
loss: 4.309486  [46080/100000]
loss: 4.205844  [48640/100000]
loss: 4.259636  [51200/100000]
loss: 4.377495  [53760/100000]
loss: 4.229490  [56320/100000]
loss: 4.187263  [58880/100000]
loss: 4.302311  [61440/100000]
loss: 4.365634  [64000/100000]
loss: 4.311975  [66560/100000]
loss: 4.243033  [69120/100000]
loss: 4.373506  [71680/100000]
loss: 4.111629  [74240/100000]
loss: 4.333281  [76800/100000]
loss: 4.152355  [79360/100000]
loss: 4.148167  [81920/100000]
loss: 4.122731  [84480/100000]
loss: 4.265702  [87040/100000]
loss: 4.231200  [89600/100000]
loss: 4.162193  [92160/100000]
loss: 4.201599  [94720/100000]
loss: 3.950801  [97280/100000]
loss: 4.353863  [62400/100000]
Epoch 9 finished in 121.61 seconds

Epoch 10
-------------------------------
loss: 4.064223  [    0/100000]
loss: 4.088540  [ 2560/100000]
loss: 4.018280  [ 5120/100000]
loss: 4.318335  [ 7680/100000]
loss: 4.275179  [10240/100000]
loss: 4.162222  [12800/100000]
loss: 4.175810  [15360/100000]
loss: 4.130694  [17920/100000]
loss: 3.898217  [20480/100000]
loss: 4.064959  [23040/100000]
loss: 4.075005  [25600/100000]
loss: 4.112325  [28160/100000]
loss: 4.022177  [30720/100000]
loss: 4.201110  [33280/100000]
loss: 3.969378  [35840/100000]
loss: 4.065155  [38400/100000]
loss: 4.069861  [40960/100000]
loss: 4.072146  [43520/100000]
loss: 4.243952  [46080/100000]
loss: 4.187601  [48640/100000]
loss: 4.202152  [51200/100000]
loss: 4.063625  [53760/100000]
loss: 4.222086  [56320/100000]
loss: 3.910963  [58880/100000]
loss: 4.018685  [61440/100000]
loss: 4.275932  [64000/100000]
loss: 4.167519  [66560/100000]
loss: 3.926641  [69120/100000]
loss: 4.159806  [71680/100000]
loss: 3.999324  [74240/100000]
loss: 4.190693  [76800/100000]
loss: 4.022808  [79360/100000]
loss: 4.097112  [81920/100000]
loss: 4.222906  [84480/100000]
loss: 4.072207  [87040/100000]
loss: 4.198287  [89600/100000]
loss: 4.141423  [92160/100000]
loss: 4.173693  [94720/100000]
loss: 4.223284  [97280/100000]
loss: 3.906778  [62400/100000]
Epoch 10 finished in 121.67 seconds

Epoch 11
-------------------------------
loss: 4.180079  [    0/100000]
loss: 3.926978  [ 2560/100000]
loss: 3.858856  [ 5120/100000]
loss: 3.951008  [ 7680/100000]
loss: 4.034815  [10240/100000]
loss: 4.057580  [12800/100000]
loss: 3.936812  [15360/100000]
loss: 3.683743  [17920/100000]
loss: 4.011614  [20480/100000]
loss: 3.861402  [23040/100000]
loss: 3.836462  [25600/100000]
loss: 3.815965  [28160/100000]
loss: 4.066108  [30720/100000]
loss: 3.943474  [33280/100000]
loss: 3.912049  [35840/100000]
loss: 3.871123  [38400/100000]
loss: 3.848760  [40960/100000]
loss: 4.048850  [43520/100000]
loss: 4.005033  [46080/100000]
loss: 3.853703  [48640/100000]
loss: 4.029495  [51200/100000]
loss: 3.883036  [53760/100000]
loss: 3.983376  [56320/100000]
loss: 4.011205  [58880/100000]
loss: 3.868837  [61440/100000]
loss: 3.910807  [64000/100000]
loss: 4.080010  [66560/100000]
loss: 3.903338  [69120/100000]
loss: 3.948858  [71680/100000]
loss: 3.944330  [74240/100000]
loss: 3.787756  [76800/100000]
loss: 4.111965  [79360/100000]
loss: 3.873134  [81920/100000]
loss: 3.905631  [84480/100000]
loss: 3.727211  [87040/100000]
loss: 3.894762  [89600/100000]
loss: 4.158314  [92160/100000]
loss: 3.849612  [94720/100000]
loss: 3.921106  [97280/100000]
loss: 3.865227  [62400/100000]
Epoch 11 finished in 121.76 seconds

Epoch 12
-------------------------------
loss: 4.026293  [    0/100000]
loss: 3.898845  [ 2560/100000]
loss: 3.863605  [ 5120/100000]
loss: 3.756945  [ 7680/100000]
loss: 3.858747  [10240/100000]
loss: 3.881395  [12800/100000]
loss: 3.966276  [15360/100000]
loss: 3.859733  [17920/100000]
loss: 3.875426  [20480/100000]
loss: 3.812994  [23040/100000]
loss: 3.674136  [25600/100000]
loss: 3.820057  [28160/100000]
loss: 3.928208  [30720/100000]
loss: 3.890719  [33280/100000]
loss: 3.924789  [35840/100000]
loss: 3.860272  [38400/100000]
loss: 3.790871  [40960/100000]
loss: 3.773245  [43520/100000]
loss: 3.760138  [46080/100000]
loss: 3.920616  [48640/100000]
loss: 3.779630  [51200/100000]
loss: 4.069897  [53760/100000]
loss: 3.961340  [56320/100000]
loss: 3.872744  [58880/100000]
loss: 3.661257  [61440/100000]
loss: 3.702100  [64000/100000]
loss: 3.750911  [66560/100000]
loss: 3.882108  [69120/100000]
loss: 3.923106  [71680/100000]
loss: 3.706927  [74240/100000]
loss: 3.862731  [76800/100000]
loss: 3.895591  [79360/100000]
loss: 3.593848  [81920/100000]
loss: 3.837000  [84480/100000]
loss: 3.965717  [87040/100000]
loss: 3.652405  [89600/100000]
loss: 3.990805  [92160/100000]
loss: 3.622165  [94720/100000]
loss: 3.795687  [97280/100000]
loss: 3.834644  [62400/100000]
Epoch 12 finished in 121.79 seconds

Epoch 13
-------------------------------
loss: 3.804822  [    0/100000]
loss: 3.769757  [ 2560/100000]
loss: 3.636489  [ 5120/100000]
loss: 3.837900  [ 7680/100000]
loss: 3.569508  [10240/100000]
loss: 3.761317  [12800/100000]
loss: 3.887645  [15360/100000]
loss: 3.643548  [17920/100000]
loss: 3.812661  [20480/100000]
loss: 3.914508  [23040/100000]
loss: 3.610111  [25600/100000]
loss: 3.903638  [28160/100000]
loss: 3.641510  [30720/100000]
loss: 3.763072  [33280/100000]
loss: 3.724298  [35840/100000]
loss: 3.779487  [38400/100000]
loss: 3.705717  [40960/100000]
loss: 3.672174  [43520/100000]
loss: 3.747547  [46080/100000]
loss: 3.746078  [48640/100000]
loss: 3.643278  [51200/100000]
loss: 3.630399  [53760/100000]
loss: 3.764334  [56320/100000]
loss: 3.712537  [58880/100000]
loss: 3.735289  [61440/100000]
loss: 3.965063  [64000/100000]
loss: 3.689138  [66560/100000]
loss: 3.735300  [69120/100000]
loss: 3.577580  [71680/100000]
loss: 3.675849  [74240/100000]
loss: 3.661680  [76800/100000]
loss: 3.627329  [79360/100000]
loss: 3.697692  [81920/100000]
loss: 3.523934  [84480/100000]
loss: 3.753612  [87040/100000]
loss: 3.477970  [89600/100000]
loss: 3.621229  [92160/100000]
loss: 3.744321  [94720/100000]
loss: 3.601374  [97280/100000]
loss: 3.782569  [62400/100000]
Epoch 13 finished in 121.65 seconds

Epoch 14
-------------------------------
loss: 3.329062  [    0/100000]
loss: 3.569580  [ 2560/100000]
loss: 3.566727  [ 5120/100000]
loss: 3.444696  [ 7680/100000]
loss: 3.762017  [10240/100000]
loss: 3.694677  [12800/100000]
loss: 3.767330  [15360/100000]
loss: 3.569322  [17920/100000]
loss: 3.741334  [20480/100000]
loss: 3.865019  [23040/100000]
loss: 3.762482  [25600/100000]
loss: 3.466471  [28160/100000]
loss: 3.747936  [30720/100000]
loss: 3.727777  [33280/100000]
loss: 3.605350  [35840/100000]
loss: 3.547608  [38400/100000]
loss: 3.484522  [40960/100000]
loss: 3.631511  [43520/100000]
loss: 3.641073  [46080/100000]
loss: 3.516564  [48640/100000]
loss: 3.501204  [51200/100000]
loss: 3.629795  [53760/100000]
loss: 3.639563  [56320/100000]
loss: 3.574287  [58880/100000]
loss: 3.807946  [61440/100000]
loss: 3.426690  [64000/100000]
loss: 3.428301  [66560/100000]
loss: 3.442850  [69120/100000]
loss: 3.649438  [71680/100000]
loss: 3.392520  [74240/100000]
loss: 3.482517  [76800/100000]
loss: 3.604543  [79360/100000]
loss: 3.746261  [81920/100000]
loss: 3.267033  [84480/100000]
loss: 3.475654  [87040/100000]
loss: 3.643034  [89600/100000]
loss: 3.346339  [92160/100000]
loss: 3.558415  [94720/100000]
loss: 3.455453  [97280/100000]
loss: 3.580522  [62400/100000]
Epoch 14 finished in 121.72 seconds

Epoch 15
-------------------------------
loss: 3.567742  [    0/100000]
loss: 3.421734  [ 2560/100000]
loss: 3.576870  [ 5120/100000]
loss: 3.286599  [ 7680/100000]
loss: 3.354948  [10240/100000]
loss: 3.604804  [12800/100000]
loss: 3.531483  [15360/100000]
loss: 3.371699  [17920/100000]
loss: 3.572472  [20480/100000]
loss: 3.462683  [23040/100000]
loss: 3.424406  [25600/100000]
loss: 3.261516  [28160/100000]
loss: 3.450242  [30720/100000]
loss: 3.479639  [33280/100000]
loss: 3.375654  [35840/100000]
loss: 3.762726  [38400/100000]
loss: 3.674351  [40960/100000]
loss: 3.583886  [43520/100000]
loss: 3.386136  [46080/100000]
loss: 3.463617  [48640/100000]
loss: 3.455695  [51200/100000]
loss: 3.686698  [53760/100000]
loss: 3.491780  [56320/100000]
loss: 3.560764  [58880/100000]
loss: 3.655606  [61440/100000]
loss: 3.274671  [64000/100000]
loss: 3.434772  [66560/100000]
loss: 3.622354  [69120/100000]
loss: 3.285437  [71680/100000]
loss: 3.613879  [74240/100000]
loss: 3.518463  [76800/100000]
loss: 3.205224  [79360/100000]
loss: 3.342872  [81920/100000]
loss: 3.330610  [84480/100000]
loss: 3.421803  [87040/100000]
loss: 3.569803  [89600/100000]
loss: 3.394628  [92160/100000]
loss: 3.537774  [94720/100000]
loss: 3.673393  [97280/100000]
loss: 3.282158  [62400/100000]
Epoch 15 finished in 121.76 seconds

Epoch 16
-------------------------------
loss: 3.276135  [    0/100000]
loss: 3.135861  [ 2560/100000]
loss: 3.356776  [ 5120/100000]
loss: 3.589311  [ 7680/100000]
loss: 3.095052  [10240/100000]
loss: 3.304581  [12800/100000]
loss: 3.374904  [15360/100000]
loss: 3.246876  [17920/100000]
loss: 3.369706  [20480/100000]
loss: 3.476950  [23040/100000]
loss: 3.466752  [25600/100000]
loss: 3.219243  [28160/100000]
loss: 3.330819  [30720/100000]
loss: 3.103551  [33280/100000]
loss: 3.273883  [35840/100000]
loss: 3.450657  [38400/100000]
loss: 3.557509  [40960/100000]
loss: 3.158048  [43520/100000]
loss: 3.209512  [46080/100000]
loss: 3.516367  [48640/100000]
loss: 3.612488  [51200/100000]
loss: 3.417850  [53760/100000]
loss: 3.378393  [56320/100000]
loss: 3.350676  [58880/100000]
loss: 3.318902  [61440/100000]
loss: 3.091859  [64000/100000]
loss: 3.442076  [66560/100000]
loss: 3.330917  [69120/100000]
loss: 3.424918  [71680/100000]
loss: 3.451994  [74240/100000]
loss: 3.189371  [76800/100000]
loss: 3.407846  [79360/100000]
loss: 3.141408  [81920/100000]
loss: 3.128564  [84480/100000]
loss: 3.359024  [87040/100000]
loss: 3.469382  [89600/100000]
loss: 3.412615  [92160/100000]
loss: 3.316250  [94720/100000]
loss: 3.352225  [97280/100000]
loss: 3.328117  [62400/100000]
Epoch 16 finished in 121.61 seconds

Epoch 17
-------------------------------
loss: 3.256067  [    0/100000]
loss: 3.400146  [ 2560/100000]
loss: 3.212679  [ 5120/100000]
loss: 3.321769  [ 7680/100000]
loss: 3.347486  [10240/100000]
loss: 3.247489  [12800/100000]
loss: 3.327730  [15360/100000]
loss: 3.192772  [17920/100000]
loss: 3.384424  [20480/100000]
loss: 3.298321  [23040/100000]
loss: 3.330412  [25600/100000]
loss: 3.319601  [28160/100000]
loss: 3.087818  [30720/100000]
loss: 3.306255  [33280/100000]
loss: 3.385549  [35840/100000]
loss: 3.326093  [38400/100000]
loss: 3.059714  [40960/100000]
loss: 3.390940  [43520/100000]
loss: 3.405729  [46080/100000]
loss: 3.198069  [48640/100000]
loss: 3.135128  [51200/100000]
loss: 3.244399  [53760/100000]
loss: 3.261936  [56320/100000]
loss: 3.245790  [58880/100000]
loss: 3.038038  [61440/100000]
loss: 3.159205  [64000/100000]
loss: 2.957609  [66560/100000]
loss: 3.196941  [69120/100000]
loss: 3.281845  [71680/100000]
loss: 3.334280  [74240/100000]
loss: 3.297190  [76800/100000]
loss: 3.324260  [79360/100000]
loss: 3.156924  [81920/100000]
loss: 2.898392  [84480/100000]
loss: 3.244378  [87040/100000]
loss: 3.270939  [89600/100000]
loss: 3.267917  [92160/100000]
loss: 3.259027  [94720/100000]
loss: 3.419540  [97280/100000]
loss: 3.407044  [62400/100000]
Epoch 17 finished in 121.69 seconds

Epoch 18
-------------------------------
loss: 3.127888  [    0/100000]
loss: 3.387421  [ 2560/100000]
loss: 3.436403  [ 5120/100000]
loss: 3.187391  [ 7680/100000]
loss: 3.039880  [10240/100000]
loss: 3.275630  [12800/100000]
loss: 3.198068  [15360/100000]
loss: 3.075309  [17920/100000]
loss: 3.171766  [20480/100000]
loss: 3.133744  [23040/100000]
loss: 3.174520  [25600/100000]
loss: 3.460653  [28160/100000]
loss: 3.100094  [30720/100000]
loss: 3.176126  [33280/100000]
loss: 3.132703  [35840/100000]
loss: 3.356117  [38400/100000]
loss: 3.293528  [40960/100000]
loss: 3.137981  [43520/100000]
loss: 3.366398  [46080/100000]
loss: 3.126125  [48640/100000]
loss: 3.138019  [51200/100000]
loss: 3.203580  [53760/100000]
loss: 3.232499  [56320/100000]
loss: 3.214738  [58880/100000]
loss: 3.252234  [61440/100000]
loss: 3.146947  [64000/100000]
loss: 3.076311  [66560/100000]
loss: 3.340983  [69120/100000]
loss: 3.168630  [71680/100000]
loss: 3.214180  [74240/100000]
loss: 3.029713  [76800/100000]
loss: 2.863555  [79360/100000]
loss: 3.245097  [81920/100000]
loss: 3.061853  [84480/100000]
loss: 3.212588  [87040/100000]
loss: 3.358595  [89600/100000]
loss: 3.076849  [92160/100000]
loss: 3.169986  [94720/100000]
loss: 3.210663  [97280/100000]
loss: 3.099081  [62400/100000]
Epoch 18 finished in 121.62 seconds

Epoch 19
-------------------------------
loss: 3.028873  [    0/100000]
loss: 3.009466  [ 2560/100000]
loss: 3.124677  [ 5120/100000]
loss: 3.086810  [ 7680/100000]
loss: 3.068144  [10240/100000]
loss: 3.090574  [12800/100000]
loss: 3.199641  [15360/100000]
loss: 3.040399  [17920/100000]
loss: 3.066926  [20480/100000]
loss: 3.025742  [23040/100000]
loss: 3.020958  [25600/100000]
loss: 3.104007  [28160/100000]
loss: 2.978336  [30720/100000]
loss: 2.925159  [33280/100000]
loss: 3.224068  [35840/100000]
loss: 3.170588  [38400/100000]
loss: 3.335333  [40960/100000]
loss: 2.881303  [43520/100000]
loss: 3.124139  [46080/100000]
loss: 3.165732  [48640/100000]
loss: 3.180645  [51200/100000]
loss: 2.920799  [53760/100000]
loss: 3.121426  [56320/100000]
loss: 3.231682  [58880/100000]
loss: 3.068954  [61440/100000]
loss: 2.868488  [64000/100000]
loss: 3.196883  [66560/100000]
loss: 3.002525  [69120/100000]
loss: 2.968012  [71680/100000]
loss: 3.057181  [74240/100000]
loss: 2.845097  [76800/100000]
loss: 3.170805  [79360/100000]
loss: 3.286622  [81920/100000]
loss: 2.878779  [84480/100000]
loss: 2.920648  [87040/100000]
loss: 3.193486  [89600/100000]
loss: 3.276032  [92160/100000]
loss: 2.935063  [94720/100000]
loss: 2.918977  [97280/100000]
loss: 2.998358  [62400/100000]
Epoch 19 finished in 121.77 seconds

Epoch 20
-------------------------------
loss: 3.089704  [    0/100000]
loss: 2.858543  [ 2560/100000]
loss: 3.109024  [ 5120/100000]
loss: 3.107505  [ 7680/100000]
loss: 3.067088  [10240/100000]
loss: 3.071777  [12800/100000]
loss: 2.978814  [15360/100000]
loss: 2.818374  [17920/100000]
loss: 3.040473  [20480/100000]
loss: 3.094866  [23040/100000]
loss: 3.086775  [25600/100000]
loss: 2.883345  [28160/100000]
loss: 2.998034  [30720/100000]
loss: 2.622274  [33280/100000]
loss: 2.954563  [35840/100000]
loss: 2.824817  [38400/100000]
loss: 2.805082  [40960/100000]
loss: 3.052694  [43520/100000]
loss: 2.902020  [46080/100000]
loss: 3.006843  [48640/100000]
loss: 3.043188  [51200/100000]
loss: 2.734869  [53760/100000]
loss: 3.183256  [56320/100000]
loss: 2.967944  [58880/100000]
loss: 3.127138  [61440/100000]
loss: 2.881468  [64000/100000]
loss: 2.949127  [66560/100000]
loss: 3.012547  [69120/100000]
loss: 3.001724  [71680/100000]
loss: 2.878145  [74240/100000]
loss: 3.015652  [76800/100000]
loss: 2.907175  [79360/100000]
loss: 2.989905  [81920/100000]
loss: 2.714192  [84480/100000]
loss: 2.848798  [87040/100000]
loss: 3.042911  [89600/100000]
loss: 2.856417  [92160/100000]
loss: 2.903664  [94720/100000]
loss: 2.994842  [97280/100000]
loss: 2.810104  [62400/100000]
Epoch 20 finished in 121.75 seconds

Epoch 21
-------------------------------
loss: 2.993683  [    0/100000]
loss: 2.862605  [ 2560/100000]
loss: 2.963562  [ 5120/100000]
loss: 2.773710  [ 7680/100000]
loss: 2.803775  [10240/100000]
loss: 2.989261  [12800/100000]
loss: 2.939382  [15360/100000]
loss: 2.878434  [17920/100000]
loss: 2.929434  [20480/100000]
loss: 2.987936  [23040/100000]
loss: 2.969676  [25600/100000]
loss: 2.970490  [28160/100000]
loss: 3.024830  [30720/100000]
loss: 2.802949  [33280/100000]
loss: 2.784242  [35840/100000]
loss: 2.743998  [38400/100000]
loss: 2.987203  [40960/100000]
loss: 3.037799  [43520/100000]
loss: 2.927032  [46080/100000]
loss: 3.126785  [48640/100000]
loss: 2.816489  [51200/100000]
loss: 2.730466  [53760/100000]
loss: 2.859014  [56320/100000]
loss: 2.896237  [58880/100000]
loss: 3.096094  [61440/100000]
loss: 2.741239  [64000/100000]
loss: 2.903803  [66560/100000]
loss: 2.965962  [69120/100000]
loss: 2.865186  [71680/100000]
loss: 2.960614  [74240/100000]
loss: 3.044784  [76800/100000]
loss: 2.975131  [79360/100000]
loss: 2.966142  [81920/100000]
loss: 3.076817  [84480/100000]
loss: 2.796738  [87040/100000]
loss: 2.797745  [89600/100000]
loss: 2.918649  [92160/100000]
loss: 3.086212  [94720/100000]
loss: 2.950185  [97280/100000]
loss: 2.876738  [62400/100000]
Epoch 21 finished in 121.80 seconds

Epoch 22
-------------------------------
loss: 2.657578  [    0/100000]
loss: 2.928335  [ 2560/100000]
loss: 2.955138  [ 5120/100000]
loss: 2.803223  [ 7680/100000]
loss: 2.940955  [10240/100000]
loss: 2.873607  [12800/100000]
loss: 2.710431  [15360/100000]
loss: 2.401490  [17920/100000]
loss: 2.849239  [20480/100000]
loss: 2.696367  [23040/100000]
loss: 2.729038  [25600/100000]
loss: 2.862834  [28160/100000]
loss: 2.677825  [30720/100000]
loss: 2.706344  [33280/100000]
loss: 2.747396  [35840/100000]
loss: 2.660971  [38400/100000]
loss: 2.998792  [40960/100000]
loss: 3.003087  [43520/100000]
loss: 2.751673  [46080/100000]
loss: 2.773569  [48640/100000]
loss: 2.704383  [51200/100000]
loss: 2.891294  [53760/100000]
loss: 2.841050  [56320/100000]
loss: 2.931260  [58880/100000]
loss: 2.921879  [61440/100000]
loss: 2.943681  [64000/100000]
loss: 2.844106  [66560/100000]
loss: 2.916984  [69120/100000]
loss: 2.756025  [71680/100000]
loss: 2.661946  [74240/100000]
loss: 2.665783  [76800/100000]
loss: 2.744142  [79360/100000]
loss: 2.944341  [81920/100000]
loss: 3.010138  [84480/100000]
loss: 2.984997  [87040/100000]
loss: 2.966456  [89600/100000]
loss: 2.836538  [92160/100000]
loss: 2.953919  [94720/100000]
loss: 2.909947  [97280/100000]
loss: 2.804115  [62400/100000]
Epoch 22 finished in 121.85 seconds

Epoch 23
-------------------------------
loss: 2.810525  [    0/100000]
loss: 2.586161  [ 2560/100000]
loss: 2.852496  [ 5120/100000]
loss: 3.080649  [ 7680/100000]
loss: 2.513763  [10240/100000]
loss: 2.824308  [12800/100000]
loss: 2.548197  [15360/100000]
loss: 2.848859  [17920/100000]
loss: 2.673908  [20480/100000]
loss: 2.880370  [23040/100000]
loss: 2.839400  [25600/100000]
loss: 2.690369  [28160/100000]
loss: 2.827112  [30720/100000]
loss: 2.880701  [33280/100000]
loss: 2.768900  [35840/100000]
loss: 2.917103  [38400/100000]
loss: 2.658928  [40960/100000]
loss: 2.377239  [43520/100000]
loss: 2.627841  [46080/100000]
loss: 2.847093  [48640/100000]
loss: 2.867469  [51200/100000]
loss: 2.841354  [53760/100000]
loss: 2.470148  [56320/100000]
loss: 2.770238  [58880/100000]
loss: 2.937411  [61440/100000]
loss: 2.704017  [64000/100000]
loss: 2.539308  [66560/100000]
loss: 2.865371  [69120/100000]
loss: 2.931736  [71680/100000]
loss: 2.816945  [74240/100000]
loss: 2.938494  [76800/100000]
loss: 2.655669  [79360/100000]
loss: 2.857652  [81920/100000]
loss: 2.772560  [84480/100000]
loss: 2.605604  [87040/100000]
loss: 2.850994  [89600/100000]
loss: 2.797194  [92160/100000]
loss: 2.616582  [94720/100000]
loss: 2.881918  [97280/100000]
loss: 2.601327  [62400/100000]
Epoch 23 finished in 121.75 seconds

Epoch 24
-------------------------------
loss: 2.893276  [    0/100000]
loss: 2.576786  [ 2560/100000]
loss: 2.524513  [ 5120/100000]
loss: 2.816409  [ 7680/100000]
loss: 2.641820  [10240/100000]
loss: 2.696454  [12800/100000]
loss: 2.824579  [15360/100000]
loss: 2.906408  [17920/100000]
loss: 2.640016  [20480/100000]
loss: 2.619040  [23040/100000]
loss: 2.880491  [25600/100000]
loss: 3.039799  [28160/100000]
loss: 2.714240  [30720/100000]
loss: 2.814225  [33280/100000]
loss: 2.584901  [35840/100000]
loss: 2.694902  [38400/100000]
loss: 2.746394  [40960/100000]
loss: 2.944658  [43520/100000]
loss: 2.949987  [46080/100000]
loss: 2.764719  [48640/100000]
loss: 2.684737  [51200/100000]
loss: 2.901413  [53760/100000]
loss: 2.536620  [56320/100000]
loss: 2.808125  [58880/100000]
loss: 2.708835  [61440/100000]
loss: 2.730063  [64000/100000]
loss: 2.552410  [66560/100000]
loss: 2.731071  [69120/100000]
loss: 2.683816  [71680/100000]
loss: 2.863173  [74240/100000]
loss: 2.773576  [76800/100000]
loss: 2.726436  [79360/100000]
loss: 2.448740  [81920/100000]
loss: 2.761502  [84480/100000]
loss: 2.670594  [87040/100000]
loss: 2.975018  [89600/100000]
loss: 2.638050  [92160/100000]
loss: 2.593721  [94720/100000]
loss: 3.062177  [97280/100000]
loss: 2.738898  [62400/100000]
Epoch 24 finished in 121.82 seconds

Epoch 25
-------------------------------
loss: 2.627834  [    0/100000]
loss: 2.503463  [ 2560/100000]
loss: 2.576930  [ 5120/100000]
loss: 2.665230  [ 7680/100000]
loss: 2.723203  [10240/100000]
loss: 2.569803  [12800/100000]
loss: 2.835508  [15360/100000]
loss: 2.410065  [17920/100000]
loss: 2.487908  [20480/100000]
loss: 2.509365  [23040/100000]
loss: 2.755763  [25600/100000]
loss: 2.733156  [28160/100000]
loss: 2.954329  [30720/100000]
loss: 2.603408  [33280/100000]
loss: 2.594495  [35840/100000]
loss: 2.561678  [38400/100000]
loss: 2.539750  [40960/100000]
loss: 2.644619  [43520/100000]
loss: 2.558452  [46080/100000]
loss: 2.725945  [48640/100000]
loss: 2.479930  [51200/100000]
loss: 2.585795  [53760/100000]
loss: 2.738393  [56320/100000]
loss: 2.454395  [58880/100000]
loss: 2.615788  [61440/100000]
loss: 2.575926  [64000/100000]
loss: 2.549250  [66560/100000]
loss: 2.737514  [69120/100000]
loss: 2.925020  [71680/100000]
loss: 2.733392  [74240/100000]
loss: 2.516844  [76800/100000]
loss: 2.856315  [79360/100000]
loss: 2.622788  [81920/100000]
loss: 2.656297  [84480/100000]
loss: 2.665861  [87040/100000]
loss: 2.859123  [89600/100000]
loss: 2.678079  [92160/100000]
loss: 2.544392  [94720/100000]
loss: 2.605340  [97280/100000]
loss: 2.906656  [62400/100000]
Epoch 25 finished in 121.68 seconds

Epoch 26
-------------------------------
loss: 2.803057  [    0/100000]
loss: 2.436287  [ 2560/100000]
loss: 2.581245  [ 5120/100000]
loss: 2.477942  [ 7680/100000]
loss: 2.350385  [10240/100000]
loss: 2.586823  [12800/100000]
loss: 2.420464  [15360/100000]
loss: 2.506725  [17920/100000]
loss: 2.540025  [20480/100000]
loss: 2.736321  [23040/100000]
loss: 2.516308  [25600/100000]
loss: 2.498309  [28160/100000]
loss: 2.409919  [30720/100000]
loss: 2.567402  [33280/100000]
loss: 2.569972  [35840/100000]
loss: 2.633786  [38400/100000]
loss: 2.413311  [40960/100000]
loss: 2.417603  [43520/100000]
loss: 2.953769  [46080/100000]
loss: 2.568853  [48640/100000]
loss: 2.952674  [51200/100000]
loss: 2.706059  [53760/100000]
loss: 2.670609  [56320/100000]
loss: 2.811271  [58880/100000]
loss: 2.491162  [61440/100000]
loss: 2.662709  [64000/100000]
loss: 2.411195  [66560/100000]
loss: 2.508084  [69120/100000]
loss: 2.626600  [71680/100000]
loss: 2.633116  [74240/100000]
loss: 2.901434  [76800/100000]
loss: 2.697852  [79360/100000]
loss: 2.610374  [81920/100000]
loss: 2.652774  [84480/100000]
loss: 2.598536  [87040/100000]
loss: 2.433767  [89600/100000]
loss: 2.669159  [92160/100000]
loss: 2.416172  [94720/100000]
loss: 2.409778  [97280/100000]
loss: 2.449152  [62400/100000]
Epoch 26 finished in 121.64 seconds

Epoch 27
-------------------------------
loss: 2.596331  [    0/100000]
loss: 2.392955  [ 2560/100000]
loss: 2.403085  [ 5120/100000]
loss: 2.358304  [ 7680/100000]
loss: 2.739746  [10240/100000]
loss: 2.393799  [12800/100000]
loss: 2.531022  [15360/100000]
loss: 2.594578  [17920/100000]
loss: 2.687189  [20480/100000]
loss: 2.365678  [23040/100000]
loss: 2.354224  [25600/100000]
loss: 2.545954  [28160/100000]
loss: 2.512360  [30720/100000]
loss: 2.619608  [33280/100000]
loss: 2.653195  [35840/100000]
loss: 2.392324  [38400/100000]
loss: 2.262477  [40960/100000]
loss: 2.389853  [43520/100000]
loss: 2.702742  [46080/100000]
loss: 2.556661  [48640/100000]
loss: 2.583066  [51200/100000]
loss: 2.559258  [53760/100000]
loss: 2.676448  [56320/100000]
loss: 2.776198  [58880/100000]
loss: 2.504039  [61440/100000]
loss: 2.393420  [64000/100000]
loss: 2.727786  [66560/100000]
loss: 2.534851  [69120/100000]
loss: 2.460167  [71680/100000]
loss: 2.448728  [74240/100000]
loss: 2.538998  [76800/100000]
loss: 2.520478  [79360/100000]
loss: 2.464716  [81920/100000]
loss: 2.705469  [84480/100000]
loss: 2.490870  [87040/100000]
loss: 2.523381  [89600/100000]
loss: 2.534448  [92160/100000]
loss: 2.438759  [94720/100000]
loss: 2.414994  [97280/100000]
loss: 2.278895  [62400/100000]
Epoch 27 finished in 121.66 seconds

Epoch 28
-------------------------------
loss: 2.603005  [    0/100000]
loss: 2.438570  [ 2560/100000]
loss: 2.421186  [ 5120/100000]
loss: 2.478336  [ 7680/100000]
loss: 2.645598  [10240/100000]
loss: 2.382020  [12800/100000]
loss: 2.352478  [15360/100000]
loss: 2.481673  [17920/100000]
loss: 2.546997  [20480/100000]
loss: 2.372639  [23040/100000]
loss: 2.722225  [25600/100000]
loss: 2.496103  [28160/100000]
loss: 2.572589  [30720/100000]
loss: 2.510691  [33280/100000]
loss: 2.406890  [35840/100000]
loss: 2.579767  [38400/100000]
loss: 2.443250  [40960/100000]
loss: 2.521185  [43520/100000]
loss: 2.651870  [46080/100000]
loss: 2.452500  [48640/100000]
loss: 2.617181  [51200/100000]
loss: 2.778999  [53760/100000]
loss: 2.456759  [56320/100000]
loss: 2.552081  [58880/100000]
loss: 2.559955  [61440/100000]
loss: 2.450271  [64000/100000]
loss: 2.490683  [66560/100000]
loss: 2.417063  [69120/100000]
loss: 2.423361  [71680/100000]
loss: 2.416695  [74240/100000]
loss: 2.535398  [76800/100000]
loss: 2.615170  [79360/100000]
loss: 2.354269  [81920/100000]
loss: 2.243430  [84480/100000]
loss: 2.426160  [87040/100000]
loss: 2.527200  [89600/100000]
loss: 2.380951  [92160/100000]
loss: 2.560214  [94720/100000]
loss: 2.669873  [97280/100000]
loss: 2.360926  [62400/100000]
Epoch 28 finished in 121.62 seconds

Epoch 29
-------------------------------
loss: 2.363448  [    0/100000]
loss: 2.249823  [ 2560/100000]
loss: 2.269553  [ 5120/100000]
loss: 2.209628  [ 7680/100000]
loss: 2.719343  [10240/100000]
loss: 2.469300  [12800/100000]
loss: 2.329733  [15360/100000]
loss: 2.447172  [17920/100000]
loss: 2.431593  [20480/100000]
loss: 2.477646  [23040/100000]
loss: 2.369407  [25600/100000]
loss: 2.437299  [28160/100000]
loss: 2.528913  [30720/100000]
loss: 2.442724  [33280/100000]
loss: 2.359295  [35840/100000]
loss: 2.356851  [38400/100000]
loss: 2.242903  [40960/100000]
loss: 2.545996  [43520/100000]
loss: 2.446868  [46080/100000]
loss: 2.401312  [48640/100000]
loss: 2.193235  [51200/100000]
loss: 2.442006  [53760/100000]
loss: 2.473478  [56320/100000]
loss: 2.490324  [58880/100000]
loss: 2.335268  [61440/100000]
loss: 2.468339  [64000/100000]
loss: 2.532649  [66560/100000]
loss: 2.611267  [69120/100000]
loss: 2.205729  [71680/100000]
loss: 2.350795  [74240/100000]
loss: 2.186731  [76800/100000]
loss: 2.404061  [79360/100000]
loss: 2.431710  [81920/100000]
loss: 2.317342  [84480/100000]
loss: 2.297385  [87040/100000]
loss: 2.301942  [89600/100000]
loss: 2.457333  [92160/100000]
loss: 2.383471  [94720/100000]
loss: 2.298256  [97280/100000]
loss: 2.384335  [62400/100000]
Epoch 29 finished in 121.72 seconds

Epoch 30
-------------------------------
loss: 2.343584  [    0/100000]
loss: 2.113493  [ 2560/100000]
loss: 2.487038  [ 5120/100000]
loss: 2.430452  [ 7680/100000]
loss: 2.133731  [10240/100000]
loss: 2.477047  [12800/100000]
loss: 2.213437  [15360/100000]
loss: 2.427811  [17920/100000]
loss: 2.368959  [20480/100000]
loss: 2.358352  [23040/100000]
loss: 2.507714  [25600/100000]
loss: 2.386228  [28160/100000]
loss: 2.304163  [30720/100000]
loss: 2.313132  [33280/100000]
loss: 2.213988  [35840/100000]
loss: 2.506529  [38400/100000]
loss: 2.109691  [40960/100000]
loss: 2.421494  [43520/100000]
loss: 2.198359  [46080/100000]
loss: 2.274514  [48640/100000]
loss: 2.067342  [51200/100000]
loss: 2.238607  [53760/100000]
loss: 2.325359  [56320/100000]
loss: 2.327487  [58880/100000]
loss: 2.448369  [61440/100000]
loss: 2.558065  [64000/100000]
loss: 2.559233  [66560/100000]
loss: 2.391097  [69120/100000]
loss: 2.216522  [71680/100000]
loss: 2.259889  [74240/100000]
loss: 2.458940  [76800/100000]
loss: 2.101273  [79360/100000]
loss: 2.467226  [81920/100000]
loss: 2.248762  [84480/100000]
loss: 2.372979  [87040/100000]
loss: 2.246322  [89600/100000]
loss: 2.323552  [92160/100000]
loss: 2.381600  [94720/100000]
loss: 2.274556  [97280/100000]
loss: 2.411504  [62400/100000]
Epoch 30 finished in 121.65 seconds

Saved Loss Plot as loss_plot.png
Saved PyTorchModel State
Test Error: 
 Accuracy: 40.9%, Avg loss: 2.501832 

