nohup: ignoring input
--- Train Data ---
Shape of X [N, C, H, W]: torch.Size([256, 3, 64, 64])
Shape of y: torch.Size([256]) torch.int64

--- Test Data ---
Shape of X [N, C, H, W]: torch.Size([256, 3, 64, 64])
Shape of y: torch.Size([256]) torch.int64
Using device: cuda
VGGNet_D(
  (features): Sequential(
    (0): Conv2d(3, 64, kernel_size=(3, 3), stride=(1, 1), padding=(1, 1))
    (1): ReLU(inplace=True)
    (2): Conv2d(64, 64, kernel_size=(3, 3), stride=(1, 1), padding=(1, 1))
    (3): ReLU(inplace=True)
    (4): MaxPool2d(kernel_size=2, stride=2, padding=0, dilation=1, ceil_mode=False)
    (5): Conv2d(64, 128, kernel_size=(3, 3), stride=(1, 1), padding=(1, 1))
    (6): ReLU(inplace=True)
    (7): Conv2d(128, 128, kernel_size=(3, 3), stride=(1, 1), padding=(1, 1))
    (8): ReLU(inplace=True)
    (9): MaxPool2d(kernel_size=2, stride=2, padding=0, dilation=1, ceil_mode=False)
    (10): Conv2d(128, 256, kernel_size=(3, 3), stride=(1, 1), padding=(1, 1))
    (11): ReLU(inplace=True)
    (12): Conv2d(256, 256, kernel_size=(3, 3), stride=(1, 1), padding=(1, 1))
    (13): ReLU(inplace=True)
    (14): Conv2d(256, 256, kernel_size=(3, 3), stride=(1, 1), padding=(1, 1))
    (15): ReLU(inplace=True)
    (16): MaxPool2d(kernel_size=2, stride=2, padding=0, dilation=1, ceil_mode=False)
    (17): Conv2d(256, 512, kernel_size=(3, 3), stride=(1, 1), padding=(1, 1))
    (18): ReLU(inplace=True)
    (19): Conv2d(512, 512, kernel_size=(3, 3), stride=(1, 1), padding=(1, 1))
    (20): ReLU(inplace=True)
    (21): Conv2d(512, 512, kernel_size=(3, 3), stride=(1, 1), padding=(1, 1))
    (22): ReLU(inplace=True)
    (23): MaxPool2d(kernel_size=2, stride=2, padding=0, dilation=1, ceil_mode=False)
    (24): Conv2d(512, 512, kernel_size=(3, 3), stride=(1, 1), padding=(1, 1))
    (25): ReLU(inplace=True)
    (26): Conv2d(512, 512, kernel_size=(3, 3), stride=(1, 1), padding=(1, 1))
    (27): ReLU(inplace=True)
    (28): Conv2d(512, 512, kernel_size=(3, 3), stride=(1, 1), padding=(1, 1))
    (29): ReLU(inplace=True)
    (30): MaxPool2d(kernel_size=2, stride=2, padding=0, dilation=1, ceil_mode=False)
  )
  (classifier): Sequential(
    (0): Conv2d(512, 4096, kernel_size=(2, 2), stride=(1, 1))
    (1): ReLU(inplace=True)
    (2): Dropout2d(p=0.5, inplace=False)
    (3): Conv2d(4096, 4096, kernel_size=(1, 1), stride=(1, 1))
    (4): ReLU(inplace=True)
    (5): Dropout2d(p=0.5, inplace=False)
    (6): Conv2d(4096, 200, kernel_size=(1, 1), stride=(1, 1))
  )
)
Epoch 1
-------------------------------
loss: 5.475936  [    0/100000]
loss: 5.290287  [ 2560/100000]
loss: 5.306116  [ 5120/100000]
loss: 5.304824  [ 7680/100000]
loss: 5.294604  [10240/100000]
loss: 5.303259  [12800/100000]
loss: 5.298252  [15360/100000]
loss: 5.308714  [17920/100000]
loss: 5.297034  [20480/100000]
loss: 5.298970  [23040/100000]
loss: 5.307745  [25600/100000]
loss: 5.310013  [28160/100000]
loss: 5.301957  [30720/100000]
loss: 5.300924  [33280/100000]
loss: 5.296754  [35840/100000]
loss: 5.303715  [38400/100000]
loss: 5.304908  [40960/100000]
loss: 5.308469  [43520/100000]
loss: 5.308685  [46080/100000]
loss: 5.303273  [48640/100000]
loss: 5.300615  [51200/100000]
loss: 5.298287  [53760/100000]
loss: 5.302044  [56320/100000]
loss: 5.304036  [58880/100000]
loss: 5.293218  [61440/100000]
loss: 5.305315  [64000/100000]
loss: 5.295538  [66560/100000]
loss: 5.303588  [69120/100000]
loss: 5.306063  [71680/100000]
loss: 5.309593  [74240/100000]
loss: 5.292504  [76800/100000]
loss: 5.278614  [79360/100000]
loss: 5.280191  [81920/100000]
loss: 5.248058  [84480/100000]
loss: 5.294538  [87040/100000]
loss: 5.271431  [89600/100000]
loss: 5.242740  [92160/100000]
loss: 5.260719  [94720/100000]
loss: 5.256486  [97280/100000]
loss: 5.251364  [62400/100000]
Epoch 1 finished in 119.87 seconds

Epoch 2
-------------------------------
loss: 5.224284  [    0/100000]
loss: 5.241049  [ 2560/100000]
loss: 5.249823  [ 5120/100000]
loss: 5.244039  [ 7680/100000]
loss: 5.246509  [10240/100000]
loss: 5.226396  [12800/100000]
loss: 5.240430  [15360/100000]
loss: 5.249930  [17920/100000]
loss: 5.238653  [20480/100000]
loss: 5.213968  [23040/100000]
loss: 5.190388  [25600/100000]
loss: 5.201241  [28160/100000]
loss: 5.191287  [30720/100000]
loss: 5.232455  [33280/100000]
loss: 5.208255  [35840/100000]
loss: 5.189910  [38400/100000]
loss: 5.174813  [40960/100000]
loss: 5.208755  [43520/100000]
loss: 5.209153  [46080/100000]
loss: 5.224705  [48640/100000]
loss: 5.241035  [51200/100000]
loss: 5.147169  [53760/100000]
loss: 5.173776  [56320/100000]
loss: 5.210765  [58880/100000]
loss: 5.215705  [61440/100000]
loss: 5.185025  [64000/100000]
loss: 5.183593  [66560/100000]
loss: 5.193615  [69120/100000]
loss: 5.136579  [71680/100000]
loss: 5.148497  [74240/100000]
loss: 5.238538  [76800/100000]
loss: 5.213833  [79360/100000]
loss: 5.190734  [81920/100000]
loss: 5.211446  [84480/100000]
loss: 5.139227  [87040/100000]
loss: 5.170407  [89600/100000]
loss: 5.200577  [92160/100000]
loss: 5.200759  [94720/100000]
loss: 5.134755  [97280/100000]
loss: 5.242350  [62400/100000]
Epoch 2 finished in 119.71 seconds

Epoch 3
-------------------------------
loss: 5.140708  [    0/100000]
loss: 5.144777  [ 2560/100000]
loss: 5.147986  [ 5120/100000]
loss: 5.166755  [ 7680/100000]
loss: 5.155092  [10240/100000]
loss: 5.080264  [12800/100000]
loss: 5.125898  [15360/100000]
loss: 5.139037  [17920/100000]
loss: 5.177842  [20480/100000]
loss: 5.158842  [23040/100000]
loss: 5.088791  [25600/100000]
loss: 5.108783  [28160/100000]
loss: 5.149510  [30720/100000]
loss: 5.055045  [33280/100000]
loss: 5.120007  [35840/100000]
loss: 5.192776  [38400/100000]
loss: 5.063386  [40960/100000]
loss: 5.195752  [43520/100000]
loss: 5.119807  [46080/100000]
loss: 5.116089  [48640/100000]
loss: 5.156843  [51200/100000]
loss: 5.091480  [53760/100000]
loss: 5.124610  [56320/100000]
loss: 5.023547  [58880/100000]
loss: 5.078386  [61440/100000]
loss: 5.015811  [64000/100000]
loss: 5.099415  [66560/100000]
loss: 5.039639  [69120/100000]
loss: 5.120823  [71680/100000]
loss: 5.068163  [74240/100000]
loss: 5.078777  [76800/100000]
loss: 5.021887  [79360/100000]
loss: 4.944918  [81920/100000]
loss: 4.997939  [84480/100000]
loss: 5.048988  [87040/100000]
loss: 5.079195  [89600/100000]
loss: 5.016977  [92160/100000]
loss: 4.976035  [94720/100000]
loss: 5.110128  [97280/100000]
loss: 5.120275  [62400/100000]
Epoch 3 finished in 119.75 seconds

Epoch 4
-------------------------------
loss: 5.004123  [    0/100000]
loss: 4.996819  [ 2560/100000]
loss: 5.026073  [ 5120/100000]
loss: 5.059410  [ 7680/100000]
loss: 4.972257  [10240/100000]
loss: 4.958063  [12800/100000]
loss: 5.043032  [15360/100000]
loss: 4.966950  [17920/100000]
loss: 4.961793  [20480/100000]
loss: 4.977929  [23040/100000]
loss: 4.895039  [25600/100000]
loss: 4.994828  [28160/100000]
loss: 5.101800  [30720/100000]
loss: 4.923281  [33280/100000]
loss: 4.913169  [35840/100000]
loss: 4.916380  [38400/100000]
loss: 4.865593  [40960/100000]
loss: 4.834918  [43520/100000]
loss: 4.900816  [46080/100000]
loss: 4.963067  [48640/100000]
loss: 4.878542  [51200/100000]
loss: 4.931240  [53760/100000]
loss: 4.936759  [56320/100000]
loss: 4.882976  [58880/100000]
loss: 4.840049  [61440/100000]
loss: 4.855298  [64000/100000]
loss: 4.921953  [66560/100000]
loss: 4.817311  [69120/100000]
loss: 4.823334  [71680/100000]
loss: 4.804831  [74240/100000]
loss: 4.801106  [76800/100000]
loss: 4.804133  [79360/100000]
loss: 4.844478  [81920/100000]
loss: 4.817225  [84480/100000]
loss: 4.756275  [87040/100000]
loss: 4.820626  [89600/100000]
loss: 4.906157  [92160/100000]
loss: 4.925556  [94720/100000]
loss: 4.748697  [97280/100000]
loss: 4.858958  [62400/100000]
Epoch 4 finished in 119.86 seconds

Epoch 5
-------------------------------
loss: 4.792438  [    0/100000]
loss: 4.761763  [ 2560/100000]
loss: 4.692477  [ 5120/100000]
loss: 4.847402  [ 7680/100000]
loss: 4.777282  [10240/100000]
loss: 4.699536  [12800/100000]
loss: 4.675866  [15360/100000]
loss: 4.784871  [17920/100000]
loss: 4.836788  [20480/100000]
loss: 4.756491  [23040/100000]
loss: 4.764904  [25600/100000]
loss: 4.759395  [28160/100000]
loss: 4.613276  [30720/100000]
loss: 4.732415  [33280/100000]
loss: 4.675737  [35840/100000]
loss: 4.801458  [38400/100000]
loss: 4.623386  [40960/100000]
loss: 4.781228  [43520/100000]
loss: 4.621363  [46080/100000]
loss: 4.710005  [48640/100000]
loss: 4.664560  [51200/100000]
loss: 4.615870  [53760/100000]
loss: 4.717789  [56320/100000]
loss: 4.791506  [58880/100000]
loss: 4.592295  [61440/100000]
loss: 4.718415  [64000/100000]
loss: 4.616654  [66560/100000]
loss: 4.729979  [69120/100000]
loss: 4.714561  [71680/100000]
loss: 4.617539  [74240/100000]
loss: 4.599441  [76800/100000]
loss: 4.689110  [79360/100000]
loss: 4.674377  [81920/100000]
loss: 4.604863  [84480/100000]
loss: 4.633315  [87040/100000]
loss: 4.576599  [89600/100000]
loss: 4.622889  [92160/100000]
loss: 4.691793  [94720/100000]
loss: 4.710281  [97280/100000]
loss: 4.507845  [62400/100000]
Epoch 5 finished in 119.84 seconds

Epoch 6
-------------------------------
loss: 4.461629  [    0/100000]
loss: 4.465948  [ 2560/100000]
loss: 4.681046  [ 5120/100000]
loss: 4.641812  [ 7680/100000]
loss: 4.607905  [10240/100000]
loss: 4.634697  [12800/100000]
loss: 4.825067  [15360/100000]
loss: 4.450648  [17920/100000]
loss: 4.556803  [20480/100000]
loss: 4.639596  [23040/100000]
loss: 4.414171  [25600/100000]
loss: 4.374928  [28160/100000]
loss: 4.472028  [30720/100000]
loss: 4.506285  [33280/100000]
loss: 4.640204  [35840/100000]
loss: 4.403520  [38400/100000]
loss: 4.591601  [40960/100000]
loss: 4.425106  [43520/100000]
loss: 4.611550  [46080/100000]
loss: 4.687223  [48640/100000]
loss: 4.542588  [51200/100000]
loss: 4.494999  [53760/100000]
loss: 4.547387  [56320/100000]
loss: 4.616354  [58880/100000]
loss: 4.564441  [61440/100000]
loss: 4.646011  [64000/100000]
loss: 4.487694  [66560/100000]
loss: 4.286463  [69120/100000]
loss: 4.656495  [71680/100000]
loss: 4.516550  [74240/100000]
loss: 4.465354  [76800/100000]
loss: 4.362255  [79360/100000]
loss: 4.442013  [81920/100000]
loss: 4.471964  [84480/100000]
loss: 4.548189  [87040/100000]
loss: 4.488077  [89600/100000]
loss: 4.487273  [92160/100000]
loss: 4.413968  [94720/100000]
loss: 4.385017  [97280/100000]
loss: 4.331912  [62400/100000]
Epoch 6 finished in 119.90 seconds

Epoch 7
-------------------------------
loss: 4.317389  [    0/100000]
loss: 4.209746  [ 2560/100000]
loss: 4.433759  [ 5120/100000]
loss: 4.261462  [ 7680/100000]
loss: 4.292170  [10240/100000]
loss: 4.414560  [12800/100000]
loss: 4.331640  [15360/100000]
loss: 4.313400  [17920/100000]
loss: 4.300148  [20480/100000]
loss: 4.225620  [23040/100000]
loss: 4.265974  [25600/100000]
loss: 4.487809  [28160/100000]
loss: 4.322682  [30720/100000]
loss: 4.255233  [33280/100000]
loss: 4.354527  [35840/100000]
loss: 4.340063  [38400/100000]
loss: 4.256659  [40960/100000]
loss: 4.374306  [43520/100000]
loss: 4.232918  [46080/100000]
loss: 4.236277  [48640/100000]
loss: 4.349357  [51200/100000]
loss: 4.230322  [53760/100000]
loss: 4.347417  [56320/100000]
loss: 4.393308  [58880/100000]
loss: 4.278281  [61440/100000]
loss: 4.307993  [64000/100000]
loss: 4.103620  [66560/100000]
loss: 4.403537  [69120/100000]
loss: 4.358391  [71680/100000]
loss: 4.358028  [74240/100000]
loss: 4.360708  [76800/100000]
loss: 4.413615  [79360/100000]
loss: 4.052246  [81920/100000]
loss: 4.136360  [84480/100000]
loss: 4.255412  [87040/100000]
loss: 4.351373  [89600/100000]
loss: 4.149462  [92160/100000]
loss: 4.288152  [94720/100000]
loss: 4.204491  [97280/100000]
loss: 4.344253  [62400/100000]
Epoch 7 finished in 119.90 seconds

Epoch 8
-------------------------------
loss: 4.285467  [    0/100000]
loss: 4.252443  [ 2560/100000]
loss: 4.067284  [ 5120/100000]
loss: 4.177715  [ 7680/100000]
loss: 4.217835  [10240/100000]
loss: 4.116073  [12800/100000]
loss: 4.040476  [15360/100000]
loss: 4.079145  [17920/100000]
loss: 4.237487  [20480/100000]
loss: 4.086066  [23040/100000]
loss: 4.052678  [25600/100000]
loss: 4.352681  [28160/100000]
loss: 4.129263  [30720/100000]
loss: 4.032713  [33280/100000]
loss: 4.095978  [35840/100000]
loss: 4.238287  [38400/100000]
loss: 4.113118  [40960/100000]
loss: 4.250109  [43520/100000]
loss: 4.148964  [46080/100000]
loss: 4.158274  [48640/100000]
loss: 4.125653  [51200/100000]
loss: 3.908916  [53760/100000]
loss: 4.096485  [56320/100000]
loss: 4.341288  [58880/100000]
loss: 4.172450  [61440/100000]
loss: 4.021807  [64000/100000]
loss: 4.114832  [66560/100000]
loss: 4.120087  [69120/100000]
loss: 4.028107  [71680/100000]
loss: 4.001613  [74240/100000]
loss: 4.025441  [76800/100000]
loss: 3.995780  [79360/100000]
loss: 4.174986  [81920/100000]
loss: 4.207890  [84480/100000]
loss: 3.998625  [87040/100000]
loss: 4.026671  [89600/100000]
loss: 4.071010  [92160/100000]
loss: 3.976116  [94720/100000]
loss: 3.942806  [97280/100000]
loss: 4.033586  [62400/100000]
Epoch 8 finished in 119.90 seconds

Epoch 9
-------------------------------
loss: 4.216517  [    0/100000]
loss: 3.826121  [ 2560/100000]
loss: 4.088343  [ 5120/100000]
loss: 4.000692  [ 7680/100000]
loss: 3.933323  [10240/100000]
loss: 3.743388  [12800/100000]
loss: 3.853052  [15360/100000]
loss: 3.952567  [17920/100000]
loss: 3.980022  [20480/100000]
loss: 3.838251  [23040/100000]
loss: 4.079906  [25600/100000]
loss: 4.003118  [28160/100000]
loss: 3.988826  [30720/100000]
loss: 4.197685  [33280/100000]
loss: 3.949507  [35840/100000]
loss: 3.885813  [38400/100000]
loss: 3.836996  [40960/100000]
loss: 3.956716  [43520/100000]
loss: 3.808682  [46080/100000]
loss: 3.943749  [48640/100000]
loss: 4.016165  [51200/100000]
loss: 3.722806  [53760/100000]
loss: 4.001284  [56320/100000]
loss: 4.021842  [58880/100000]
loss: 3.861996  [61440/100000]
loss: 3.862435  [64000/100000]
loss: 3.871189  [66560/100000]
loss: 3.868762  [69120/100000]
loss: 4.081894  [71680/100000]
loss: 4.032451  [74240/100000]
loss: 3.828403  [76800/100000]
loss: 3.833129  [79360/100000]
loss: 3.922212  [81920/100000]
loss: 3.624700  [84480/100000]
loss: 3.937875  [87040/100000]
loss: 3.867514  [89600/100000]
loss: 3.787716  [92160/100000]
loss: 3.760307  [94720/100000]
loss: 3.684932  [97280/100000]
loss: 4.080826  [62400/100000]
Epoch 9 finished in 119.88 seconds

Epoch 10
-------------------------------
loss: 3.827396  [    0/100000]
loss: 4.017116  [ 2560/100000]
loss: 3.699089  [ 5120/100000]
loss: 3.863665  [ 7680/100000]
loss: 4.031162  [10240/100000]
loss: 3.677801  [12800/100000]
loss: 3.944974  [15360/100000]
loss: 3.743051  [17920/100000]
loss: 3.852484  [20480/100000]
loss: 3.774522  [23040/100000]
loss: 3.563916  [25600/100000]
loss: 3.785584  [28160/100000]
loss: 3.775582  [30720/100000]
loss: 3.832215  [33280/100000]
loss: 3.750667  [35840/100000]
loss: 3.890396  [38400/100000]
loss: 3.650261  [40960/100000]
loss: 3.757758  [43520/100000]
loss: 3.468380  [46080/100000]
loss: 3.787584  [48640/100000]
loss: 3.718109  [51200/100000]
loss: 3.863416  [53760/100000]
loss: 3.824982  [56320/100000]
loss: 3.736169  [58880/100000]
loss: 3.717296  [61440/100000]
loss: 3.764422  [64000/100000]
loss: 3.588223  [66560/100000]
loss: 3.621571  [69120/100000]
loss: 3.850965  [71680/100000]
loss: 3.712322  [74240/100000]
loss: 3.683291  [76800/100000]
loss: 3.772259  [79360/100000]
loss: 3.724843  [81920/100000]
loss: 3.505673  [84480/100000]
loss: 3.767860  [87040/100000]
loss: 3.752014  [89600/100000]
loss: 3.822151  [92160/100000]
loss: 3.798445  [94720/100000]
loss: 3.635223  [97280/100000]
loss: 3.599316  [62400/100000]
Epoch 10 finished in 119.78 seconds

Epoch 11
-------------------------------
loss: 3.625420  [    0/100000]
loss: 3.541651  [ 2560/100000]
loss: 3.653593  [ 5120/100000]
loss: 3.415483  [ 7680/100000]
loss: 3.660843  [10240/100000]
loss: 3.689940  [12800/100000]
loss: 3.686050  [15360/100000]
loss: 3.743799  [17920/100000]
loss: 3.671567  [20480/100000]
loss: 3.850998  [23040/100000]
loss: 3.310111  [25600/100000]
loss: 3.531440  [28160/100000]
loss: 3.539506  [30720/100000]
loss: 3.838551  [33280/100000]
loss: 3.607501  [35840/100000]
loss: 3.416150  [38400/100000]
loss: 3.504531  [40960/100000]
loss: 3.700542  [43520/100000]
loss: 3.801793  [46080/100000]
loss: 3.484393  [48640/100000]
loss: 3.618402  [51200/100000]
loss: 3.765318  [53760/100000]
loss: 3.632975  [56320/100000]
loss: 3.686828  [58880/100000]
loss: 3.583830  [61440/100000]
loss: 3.624837  [64000/100000]
loss: 3.565390  [66560/100000]
loss: 3.494381  [69120/100000]
loss: 3.654872  [71680/100000]
loss: 3.402425  [74240/100000]
loss: 3.746119  [76800/100000]
loss: 3.771550  [79360/100000]
loss: 3.915598  [81920/100000]
loss: 3.585586  [84480/100000]
loss: 3.502873  [87040/100000]
loss: 3.662955  [89600/100000]
loss: 3.396336  [92160/100000]
loss: 3.695116  [94720/100000]
loss: 3.577533  [97280/100000]
loss: 3.595855  [62400/100000]
Epoch 11 finished in 119.88 seconds

Epoch 12
-------------------------------
loss: 3.502984  [    0/100000]
loss: 3.562122  [ 2560/100000]
loss: 3.521111  [ 5120/100000]
loss: 3.411097  [ 7680/100000]
loss: 3.574843  [10240/100000]
loss: 3.567306  [12800/100000]
loss: 3.248175  [15360/100000]
loss: 3.410217  [17920/100000]
loss: 3.464457  [20480/100000]
loss: 3.761009  [23040/100000]
loss: 3.437618  [25600/100000]
loss: 3.655373  [28160/100000]
loss: 3.516275  [30720/100000]
loss: 3.689015  [33280/100000]
loss: 3.574396  [35840/100000]
loss: 3.481012  [38400/100000]
loss: 3.322980  [40960/100000]
loss: 3.432687  [43520/100000]
loss: 3.675359  [46080/100000]
loss: 3.393924  [48640/100000]
loss: 3.404145  [51200/100000]
loss: 3.457137  [53760/100000]
loss: 3.485379  [56320/100000]
loss: 3.416948  [58880/100000]
loss: 3.739095  [61440/100000]
loss: 3.614200  [64000/100000]
loss: 3.340827  [66560/100000]
loss: 3.438059  [69120/100000]
loss: 3.306580  [71680/100000]
loss: 3.508645  [74240/100000]
loss: 3.379152  [76800/100000]
loss: 3.511163  [79360/100000]
loss: 3.517219  [81920/100000]
loss: 3.323504  [84480/100000]
loss: 3.310447  [87040/100000]
loss: 3.325068  [89600/100000]
loss: 3.624320  [92160/100000]
loss: 3.507198  [94720/100000]
loss: 3.603622  [97280/100000]
loss: 3.219172  [62400/100000]
Epoch 12 finished in 119.87 seconds

Epoch 13
-------------------------------
loss: 3.091038  [    0/100000]
loss: 3.334394  [ 2560/100000]
loss: 3.323203  [ 5120/100000]
loss: 3.540537  [ 7680/100000]
loss: 3.364880  [10240/100000]
loss: 3.294730  [12800/100000]
loss: 3.440822  [15360/100000]
loss: 3.448123  [17920/100000]
loss: 3.492197  [20480/100000]
loss: 3.487921  [23040/100000]
loss: 3.465636  [25600/100000]
loss: 3.293126  [28160/100000]
loss: 3.396600  [30720/100000]
loss: 3.150364  [33280/100000]
loss: 3.516604  [35840/100000]
loss: 3.291895  [38400/100000]
loss: 3.344712  [40960/100000]
loss: 3.475289  [43520/100000]
loss: 3.344080  [46080/100000]
loss: 3.266191  [48640/100000]
loss: 3.432557  [51200/100000]
loss: 3.235195  [53760/100000]
loss: 3.496300  [56320/100000]
loss: 3.395620  [58880/100000]
loss: 3.179851  [61440/100000]
loss: 3.265156  [64000/100000]
loss: 3.478419  [66560/100000]
loss: 3.251979  [69120/100000]
loss: 3.266718  [71680/100000]
loss: 3.524729  [74240/100000]
loss: 3.453189  [76800/100000]
loss: 3.381511  [79360/100000]
loss: 3.425641  [81920/100000]
loss: 3.388902  [84480/100000]
loss: 3.241629  [87040/100000]
loss: 3.446628  [89600/100000]
loss: 3.219841  [92160/100000]
loss: 3.289594  [94720/100000]
loss: 3.287331  [97280/100000]
loss: 3.510982  [62400/100000]
Epoch 13 finished in 119.79 seconds

Epoch 14
-------------------------------
loss: 3.176466  [    0/100000]
loss: 3.284907  [ 2560/100000]
loss: 3.097674  [ 5120/100000]
loss: 3.323975  [ 7680/100000]
loss: 3.303165  [10240/100000]
loss: 3.478432  [12800/100000]
loss: 3.183701  [15360/100000]
loss: 3.292776  [17920/100000]
loss: 3.356220  [20480/100000]
loss: 3.428796  [23040/100000]
loss: 3.095868  [25600/100000]
loss: 3.296280  [28160/100000]
loss: 3.248247  [30720/100000]
loss: 3.218729  [33280/100000]
loss: 3.172918  [35840/100000]
loss: 3.241077  [38400/100000]
loss: 3.078617  [40960/100000]
loss: 3.398570  [43520/100000]
loss: 3.106968  [46080/100000]
loss: 3.450098  [48640/100000]
loss: 3.212628  [51200/100000]
loss: 3.321036  [53760/100000]
loss: 3.188207  [56320/100000]
loss: 3.028439  [58880/100000]
loss: 3.143502  [61440/100000]
loss: 3.525725  [64000/100000]
loss: 3.157659  [66560/100000]
loss: 3.272980  [69120/100000]
loss: 3.137879  [71680/100000]
loss: 3.192098  [74240/100000]
loss: 3.464833  [76800/100000]
loss: 2.947353  [79360/100000]
loss: 3.146267  [81920/100000]
loss: 3.338587  [84480/100000]
loss: 3.074074  [87040/100000]
loss: 3.253345  [89600/100000]
loss: 3.268636  [92160/100000]
loss: 3.223822  [94720/100000]
loss: 3.263513  [97280/100000]
loss: 3.328525  [62400/100000]
Epoch 14 finished in 119.77 seconds

Epoch 15
-------------------------------
loss: 2.898349  [    0/100000]
loss: 3.090330  [ 2560/100000]
loss: 3.196985  [ 5120/100000]
loss: 3.139778  [ 7680/100000]
loss: 3.007613  [10240/100000]
loss: 3.099454  [12800/100000]
loss: 3.151926  [15360/100000]
loss: 3.396537  [17920/100000]
loss: 3.146373  [20480/100000]
loss: 3.444229  [23040/100000]
loss: 3.059172  [25600/100000]
loss: 3.228550  [28160/100000]
loss: 3.214592  [30720/100000]
loss: 3.107948  [33280/100000]
loss: 3.037884  [35840/100000]
loss: 3.030120  [38400/100000]
loss: 3.337622  [40960/100000]
loss: 2.819422  [43520/100000]
loss: 3.121187  [46080/100000]
loss: 3.045722  [48640/100000]
loss: 2.952348  [51200/100000]
loss: 2.907281  [53760/100000]
loss: 3.232671  [56320/100000]
loss: 3.106989  [58880/100000]
loss: 2.900682  [61440/100000]
loss: 2.958269  [64000/100000]
loss: 3.128769  [66560/100000]
loss: 3.224337  [69120/100000]
loss: 2.981209  [71680/100000]
loss: 3.174307  [74240/100000]
loss: 2.804576  [76800/100000]
loss: 2.946370  [79360/100000]
loss: 3.158036  [81920/100000]
loss: 3.233003  [84480/100000]
loss: 3.201800  [87040/100000]
loss: 2.935537  [89600/100000]
loss: 3.155267  [92160/100000]
loss: 3.060310  [94720/100000]
loss: 3.159902  [97280/100000]
loss: 3.054811  [62400/100000]
Epoch 15 finished in 119.88 seconds

Epoch 16
-------------------------------
loss: 3.112400  [    0/100000]
loss: 2.918831  [ 2560/100000]
loss: 3.002473  [ 5120/100000]
loss: 3.158211  [ 7680/100000]
loss: 3.135605  [10240/100000]
loss: 3.040603  [12800/100000]
loss: 2.913874  [15360/100000]
loss: 3.105234  [17920/100000]
loss: 3.000482  [20480/100000]
loss: 2.859374  [23040/100000]
loss: 2.992264  [25600/100000]
loss: 3.316454  [28160/100000]
loss: 2.767937  [30720/100000]
loss: 2.935485  [33280/100000]
loss: 3.140016  [35840/100000]
loss: 3.033061  [38400/100000]
loss: 3.212965  [40960/100000]
loss: 3.143427  [43520/100000]
loss: 2.809422  [46080/100000]
loss: 2.944328  [48640/100000]
loss: 2.989195  [51200/100000]
loss: 2.758782  [53760/100000]
loss: 2.985537  [56320/100000]
loss: 2.976024  [58880/100000]
loss: 3.013133  [61440/100000]
loss: 3.231599  [64000/100000]
loss: 2.986873  [66560/100000]
loss: 2.968960  [69120/100000]
loss: 3.146024  [71680/100000]
loss: 3.190929  [74240/100000]
loss: 2.981333  [76800/100000]
loss: 2.871730  [79360/100000]
loss: 2.993236  [81920/100000]
loss: 3.150314  [84480/100000]
loss: 2.946654  [87040/100000]
loss: 2.805829  [89600/100000]
loss: 2.829008  [92160/100000]
loss: 2.789310  [94720/100000]
loss: 2.853414  [97280/100000]
loss: 2.989490  [62400/100000]
Epoch 16 finished in 119.72 seconds

Epoch 17
-------------------------------
loss: 2.985202  [    0/100000]
loss: 3.146783  [ 2560/100000]
loss: 2.906231  [ 5120/100000]
loss: 2.878458  [ 7680/100000]
loss: 2.865076  [10240/100000]
loss: 2.810673  [12800/100000]
loss: 3.026786  [15360/100000]
loss: 3.006979  [17920/100000]
loss: 3.181558  [20480/100000]
loss: 2.874712  [23040/100000]
loss: 2.970215  [25600/100000]
loss: 2.814352  [28160/100000]
loss: 2.863158  [30720/100000]
loss: 2.992142  [33280/100000]
loss: 3.080068  [35840/100000]
loss: 2.875812  [38400/100000]
loss: 3.058240  [40960/100000]
loss: 3.085368  [43520/100000]
loss: 2.918452  [46080/100000]
loss: 2.925724  [48640/100000]
loss: 2.879720  [51200/100000]
loss: 2.855086  [53760/100000]
loss: 2.887651  [56320/100000]
loss: 3.000325  [58880/100000]
loss: 2.759562  [61440/100000]
loss: 2.789943  [64000/100000]
loss: 3.015676  [66560/100000]
loss: 2.893559  [69120/100000]
loss: 3.099705  [71680/100000]
loss: 3.076821  [74240/100000]
loss: 2.832696  [76800/100000]
loss: 2.739694  [79360/100000]
loss: 2.834249  [81920/100000]
loss: 2.859370  [84480/100000]
loss: 2.903528  [87040/100000]
loss: 3.016172  [89600/100000]
loss: 2.822918  [92160/100000]
loss: 2.851438  [94720/100000]
loss: 2.653845  [97280/100000]
loss: 3.039034  [62400/100000]
Epoch 17 finished in 119.76 seconds

Epoch 18
-------------------------------
loss: 2.751109  [    0/100000]
loss: 2.942641  [ 2560/100000]
loss: 2.929630  [ 5120/100000]
loss: 2.727959  [ 7680/100000]
loss: 2.987957  [10240/100000]
loss: 2.871176  [12800/100000]
loss: 2.708571  [15360/100000]
loss: 2.632521  [17920/100000]
loss: 2.766692  [20480/100000]
loss: 2.842528  [23040/100000]
loss: 2.716053  [25600/100000]
loss: 2.778148  [28160/100000]
loss: 2.955546  [30720/100000]
loss: 2.691769  [33280/100000]
loss: 2.836543  [35840/100000]
loss: 2.841311  [38400/100000]
loss: 2.672735  [40960/100000]
loss: 2.878839  [43520/100000]
loss: 2.931755  [46080/100000]
loss: 2.787812  [48640/100000]
loss: 2.861849  [51200/100000]
loss: 2.567507  [53760/100000]
loss: 3.023544  [56320/100000]
loss: 2.833967  [58880/100000]
loss: 2.752169  [61440/100000]
loss: 2.769705  [64000/100000]
loss: 2.764142  [66560/100000]
loss: 2.686604  [69120/100000]
loss: 2.846293  [71680/100000]
loss: 2.658938  [74240/100000]
loss: 2.792699  [76800/100000]
loss: 2.693132  [79360/100000]
loss: 2.698927  [81920/100000]
loss: 2.784690  [84480/100000]
loss: 2.803545  [87040/100000]
loss: 2.918902  [89600/100000]
loss: 2.841365  [92160/100000]
loss: 2.818684  [94720/100000]
loss: 3.042416  [97280/100000]
loss: 2.955337  [62400/100000]
Epoch 18 finished in 119.85 seconds

Epoch 19
-------------------------------
loss: 2.537814  [    0/100000]
loss: 2.670326  [ 2560/100000]
loss: 2.686785  [ 5120/100000]
loss: 2.604283  [ 7680/100000]
loss: 2.814649  [10240/100000]
loss: 2.852129  [12800/100000]
loss: 2.707422  [15360/100000]
loss: 2.656128  [17920/100000]
loss: 2.685490  [20480/100000]
loss: 2.600142  [23040/100000]
loss: 2.805560  [25600/100000]
loss: 2.998409  [28160/100000]
loss: 2.857878  [30720/100000]
loss: 2.767519  [33280/100000]
loss: 2.615916  [35840/100000]
loss: 2.664149  [38400/100000]
loss: 2.707664  [40960/100000]
loss: 2.604958  [43520/100000]
loss: 2.785348  [46080/100000]
loss: 2.805651  [48640/100000]
loss: 2.688132  [51200/100000]
loss: 2.551452  [53760/100000]
loss: 2.871843  [56320/100000]
loss: 2.763205  [58880/100000]
loss: 2.720811  [61440/100000]
loss: 2.857903  [64000/100000]
loss: 2.697458  [66560/100000]
loss: 2.611255  [69120/100000]
loss: 2.739305  [71680/100000]
loss: 2.549788  [74240/100000]
loss: 2.660364  [76800/100000]
loss: 2.593747  [79360/100000]
loss: 2.725353  [81920/100000]
loss: 2.605717  [84480/100000]
loss: 2.643952  [87040/100000]
loss: 2.780137  [89600/100000]
loss: 2.684552  [92160/100000]
loss: 2.569819  [94720/100000]
loss: 2.507618  [97280/100000]
loss: 2.581607  [62400/100000]
Epoch 19 finished in 119.88 seconds

Epoch 20
-------------------------------
loss: 2.565876  [    0/100000]
loss: 2.619769  [ 2560/100000]
loss: 2.622758  [ 5120/100000]
loss: 2.431168  [ 7680/100000]
loss: 2.517924  [10240/100000]
loss: 2.514983  [12800/100000]
loss: 2.578689  [15360/100000]
loss: 2.789311  [17920/100000]
loss: 2.683934  [20480/100000]
loss: 2.547256  [23040/100000]
loss: 2.852371  [25600/100000]
loss: 2.641694  [28160/100000]
loss: 2.645588  [30720/100000]
loss: 2.607339  [33280/100000]
loss: 2.707147  [35840/100000]
loss: 2.798022  [38400/100000]
loss: 2.415007  [40960/100000]
loss: 2.674131  [43520/100000]
loss: 2.892087  [46080/100000]
loss: 2.567710  [48640/100000]
loss: 2.683436  [51200/100000]
loss: 2.688861  [53760/100000]
loss: 2.735588  [56320/100000]
loss: 2.540907  [58880/100000]
loss: 2.793722  [61440/100000]
loss: 2.877564  [64000/100000]
loss: 2.541455  [66560/100000]
loss: 2.706732  [69120/100000]
loss: 2.657614  [71680/100000]
loss: 2.490257  [74240/100000]
loss: 2.560798  [76800/100000]
loss: 2.609617  [79360/100000]
loss: 2.603736  [81920/100000]
loss: 2.735665  [84480/100000]
loss: 2.536044  [87040/100000]
loss: 2.706191  [89600/100000]
loss: 2.826874  [92160/100000]
loss: 2.690136  [94720/100000]
loss: 2.639314  [97280/100000]
loss: 2.647683  [62400/100000]
Epoch 20 finished in 119.95 seconds

Epoch 21
-------------------------------
loss: 2.594540  [    0/100000]
loss: 2.592817  [ 2560/100000]
loss: 2.579782  [ 5120/100000]
loss: 2.699842  [ 7680/100000]
loss: 2.606109  [10240/100000]
loss: 2.340696  [12800/100000]
loss: 2.440763  [15360/100000]
loss: 2.449725  [17920/100000]
loss: 2.585602  [20480/100000]
loss: 2.503465  [23040/100000]
loss: 2.402686  [25600/100000]
loss: 2.661664  [28160/100000]
loss: 2.559997  [30720/100000]
loss: 2.424896  [33280/100000]
loss: 2.522934  [35840/100000]
loss: 2.410914  [38400/100000]
loss: 2.590699  [40960/100000]
loss: 2.504501  [43520/100000]
loss: 2.539493  [46080/100000]
loss: 2.666584  [48640/100000]
loss: 2.536921  [51200/100000]
loss: 2.488905  [53760/100000]
loss: 2.531777  [56320/100000]
loss: 2.686357  [58880/100000]
loss: 2.638677  [61440/100000]
loss: 2.429886  [64000/100000]
loss: 2.613251  [66560/100000]
loss: 2.649095  [69120/100000]
loss: 2.331683  [71680/100000]
loss: 2.516838  [74240/100000]
loss: 2.494722  [76800/100000]
loss: 2.664412  [79360/100000]
loss: 2.574019  [81920/100000]
loss: 2.340562  [84480/100000]
loss: 2.632169  [87040/100000]
loss: 2.462567  [89600/100000]
loss: 2.488420  [92160/100000]
loss: 2.456203  [94720/100000]
loss: 2.649020  [97280/100000]
loss: 2.622264  [62400/100000]
Epoch 21 finished in 119.96 seconds

Epoch 22
-------------------------------
loss: 2.396139  [    0/100000]
loss: 2.173540  [ 2560/100000]
loss: 2.531562  [ 5120/100000]
loss: 2.543642  [ 7680/100000]
loss: 2.322002  [10240/100000]
loss: 2.597132  [12800/100000]
loss: 2.361789  [15360/100000]
loss: 2.260810  [17920/100000]
loss: 2.360035  [20480/100000]
loss: 2.546359  [23040/100000]
loss: 2.618401  [25600/100000]
loss: 2.370446  [28160/100000]
loss: 2.632163  [30720/100000]
loss: 2.477386  [33280/100000]
loss: 2.639127  [35840/100000]
loss: 2.414408  [38400/100000]
loss: 2.588349  [40960/100000]
loss: 2.416342  [43520/100000]
loss: 2.404856  [46080/100000]
loss: 2.641099  [48640/100000]
loss: 2.599494  [51200/100000]
loss: 2.624954  [53760/100000]
loss: 2.339533  [56320/100000]
loss: 2.288479  [58880/100000]
loss: 2.261186  [61440/100000]
loss: 2.488522  [64000/100000]
loss: 2.590520  [66560/100000]
loss: 2.217114  [69120/100000]
loss: 2.530275  [71680/100000]
loss: 2.717536  [74240/100000]
loss: 2.383490  [76800/100000]
loss: 2.517618  [79360/100000]
loss: 2.449332  [81920/100000]
loss: 2.480441  [84480/100000]
loss: 2.350710  [87040/100000]
loss: 2.369709  [89600/100000]
loss: 2.332858  [92160/100000]
loss: 2.480220  [94720/100000]
loss: 2.508021  [97280/100000]
loss: 2.456668  [62400/100000]
Epoch 22 finished in 119.92 seconds

Epoch 23
-------------------------------
loss: 2.316578  [    0/100000]
loss: 2.576200  [ 2560/100000]
loss: 2.681756  [ 5120/100000]
loss: 2.370090  [ 7680/100000]
loss: 2.456907  [10240/100000]
loss: 2.309369  [12800/100000]
loss: 2.636490  [15360/100000]
loss: 2.136620  [17920/100000]
loss: 2.273913  [20480/100000]
loss: 2.296959  [23040/100000]
loss: 2.323740  [25600/100000]
loss: 2.405263  [28160/100000]
loss: 2.555724  [30720/100000]
loss: 2.524179  [33280/100000]
loss: 2.014864  [35840/100000]
loss: 2.235491  [38400/100000]
loss: 2.458068  [40960/100000]
loss: 2.439501  [43520/100000]
loss: 2.503142  [46080/100000]
loss: 2.127974  [48640/100000]
loss: 2.166562  [51200/100000]
loss: 2.230341  [53760/100000]
loss: 2.518769  [56320/100000]
loss: 2.375303  [58880/100000]
loss: 2.448279  [61440/100000]
loss: 2.201836  [64000/100000]
loss: 2.421401  [66560/100000]
loss: 2.403699  [69120/100000]
loss: 2.530379  [71680/100000]
loss: 2.374931  [74240/100000]
loss: 2.432722  [76800/100000]
loss: 2.292322  [79360/100000]
loss: 2.279700  [81920/100000]
loss: 2.629668  [84480/100000]
loss: 2.447647  [87040/100000]
loss: 2.417417  [89600/100000]
loss: 2.158861  [92160/100000]
loss: 2.168063  [94720/100000]
loss: 2.349007  [97280/100000]
loss: 2.168196  [62400/100000]
Epoch 23 finished in 119.88 seconds

Epoch 24
-------------------------------
loss: 2.250299  [    0/100000]
loss: 2.070719  [ 2560/100000]
loss: 2.168779  [ 5120/100000]
loss: 2.219476  [ 7680/100000]
loss: 2.204812  [10240/100000]
loss: 2.177207  [12800/100000]
loss: 1.818518  [15360/100000]
loss: 2.529266  [17920/100000]
loss: 2.106754  [20480/100000]
loss: 2.332100  [23040/100000]
loss: 2.378247  [25600/100000]
loss: 2.375916  [28160/100000]
loss: 2.398176  [30720/100000]
loss: 2.233903  [33280/100000]
loss: 2.337518  [35840/100000]
loss: 2.424948  [38400/100000]
loss: 2.193195  [40960/100000]
loss: 2.244828  [43520/100000]
loss: 2.419601  [46080/100000]
loss: 2.352062  [48640/100000]
loss: 2.559897  [51200/100000]
loss: 2.262611  [53760/100000]
loss: 2.378754  [56320/100000]
loss: 2.078635  [58880/100000]
loss: 2.201176  [61440/100000]
loss: 2.402873  [64000/100000]
loss: 2.245241  [66560/100000]
loss: 2.524490  [69120/100000]
loss: 2.375205  [71680/100000]
loss: 2.141580  [74240/100000]
loss: 2.352890  [76800/100000]
loss: 2.074885  [79360/100000]
loss: 2.376174  [81920/100000]
loss: 2.370073  [84480/100000]
loss: 2.337116  [87040/100000]
loss: 2.330751  [89600/100000]
loss: 2.206572  [92160/100000]
loss: 2.271543  [94720/100000]
loss: 2.333546  [97280/100000]
loss: 2.385070  [62400/100000]
Epoch 24 finished in 119.86 seconds

Epoch 25
-------------------------------
loss: 2.208163  [    0/100000]
loss: 2.205402  [ 2560/100000]
loss: 2.188015  [ 5120/100000]
loss: 2.249424  [ 7680/100000]
loss: 2.127109  [10240/100000]
loss: 2.027980  [12800/100000]
loss: 2.343457  [15360/100000]
loss: 2.174364  [17920/100000]
loss: 2.122343  [20480/100000]
loss: 2.341318  [23040/100000]
loss: 2.213423  [25600/100000]
loss: 2.278734  [28160/100000]
loss: 2.272754  [30720/100000]
loss: 2.190067  [33280/100000]
loss: 2.348174  [35840/100000]
loss: 2.396517  [38400/100000]
loss: 2.260908  [40960/100000]
loss: 2.274461  [43520/100000]
loss: 2.106949  [46080/100000]
loss: 2.350644  [48640/100000]
loss: 2.132218  [51200/100000]
loss: 2.292045  [53760/100000]
loss: 2.138591  [56320/100000]
loss: 1.971516  [58880/100000]
loss: 2.048446  [61440/100000]
loss: 2.418595  [64000/100000]
loss: 2.321434  [66560/100000]
loss: 2.271175  [69120/100000]
loss: 2.058526  [71680/100000]
loss: 2.104186  [74240/100000]
loss: 2.262131  [76800/100000]
loss: 2.222140  [79360/100000]
loss: 2.544147  [81920/100000]
loss: 2.377850  [84480/100000]
loss: 2.416765  [87040/100000]
loss: 2.121025  [89600/100000]
loss: 2.310596  [92160/100000]
loss: 2.216751  [94720/100000]
loss: 2.249407  [97280/100000]
loss: 2.353560  [62400/100000]
Epoch 25 finished in 119.98 seconds

Epoch 26
-------------------------------
loss: 2.171224  [    0/100000]
loss: 2.351177  [ 2560/100000]
loss: 2.148638  [ 5120/100000]
loss: 2.005037  [ 7680/100000]
loss: 2.309556  [10240/100000]
loss: 2.104104  [12800/100000]
loss: 1.966333  [15360/100000]
loss: 2.124595  [17920/100000]
loss: 1.926796  [20480/100000]
loss: 2.040399  [23040/100000]
loss: 2.291605  [25600/100000]
loss: 1.974516  [28160/100000]
loss: 2.186330  [30720/100000]
loss: 2.130421  [33280/100000]
loss: 2.059086  [35840/100000]
loss: 2.252200  [38400/100000]
loss: 1.887715  [40960/100000]
loss: 2.057734  [43520/100000]
loss: 2.192121  [46080/100000]
loss: 2.016069  [48640/100000]
loss: 2.023235  [51200/100000]
loss: 2.288150  [53760/100000]
loss: 2.276853  [56320/100000]
loss: 1.937401  [58880/100000]
loss: 2.076880  [61440/100000]
loss: 2.052794  [64000/100000]
loss: 2.245267  [66560/100000]
loss: 2.503739  [69120/100000]
loss: 2.004390  [71680/100000]
loss: 2.001525  [74240/100000]
loss: 2.249105  [76800/100000]
loss: 2.210110  [79360/100000]
loss: 2.407773  [81920/100000]
loss: 2.140483  [84480/100000]
loss: 2.091755  [87040/100000]
loss: 2.159531  [89600/100000]
loss: 2.034290  [92160/100000]
loss: 2.153431  [94720/100000]
loss: 2.124789  [97280/100000]
loss: 1.834909  [62400/100000]
Epoch 26 finished in 119.87 seconds

Epoch 27
-------------------------------
loss: 2.022433  [    0/100000]
loss: 2.073965  [ 2560/100000]
loss: 2.106392  [ 5120/100000]
loss: 2.063464  [ 7680/100000]
loss: 2.126451  [10240/100000]
loss: 1.971894  [12800/100000]
loss: 1.897189  [15360/100000]
loss: 1.931972  [17920/100000]
loss: 1.954458  [20480/100000]
loss: 2.048047  [23040/100000]
loss: 2.176446  [25600/100000]
loss: 2.045854  [28160/100000]
loss: 2.009681  [30720/100000]
loss: 2.157389  [33280/100000]
loss: 2.211283  [35840/100000]
loss: 2.290428  [38400/100000]
loss: 2.070241  [40960/100000]
loss: 2.322446  [43520/100000]
loss: 2.053615  [46080/100000]
loss: 2.096771  [48640/100000]
loss: 1.841348  [51200/100000]
loss: 1.975762  [53760/100000]
loss: 1.927089  [56320/100000]
loss: 2.037434  [58880/100000]
loss: 1.915367  [61440/100000]
loss: 1.936850  [64000/100000]
loss: 2.258023  [66560/100000]
loss: 2.185203  [69120/100000]
loss: 2.104141  [71680/100000]
loss: 2.089432  [74240/100000]
loss: 2.089548  [76800/100000]
loss: 2.055092  [79360/100000]
loss: 2.033876  [81920/100000]
loss: 1.948948  [84480/100000]
loss: 2.032555  [87040/100000]
loss: 2.096663  [89600/100000]
loss: 2.115648  [92160/100000]
loss: 2.068425  [94720/100000]
loss: 1.918091  [97280/100000]
loss: 2.058329  [62400/100000]
Epoch 27 finished in 119.87 seconds

Epoch 28
-------------------------------
loss: 2.059324  [    0/100000]
loss: 1.937591  [ 2560/100000]
loss: 1.872650  [ 5120/100000]
loss: 1.970212  [ 7680/100000]
loss: 1.906076  [10240/100000]
loss: 1.804107  [12800/100000]
loss: 2.045037  [15360/100000]
loss: 1.995270  [17920/100000]
loss: 2.144437  [20480/100000]
loss: 1.947849  [23040/100000]
loss: 1.910826  [25600/100000]
loss: 2.197766  [28160/100000]
loss: 2.177084  [30720/100000]
loss: 1.800542  [33280/100000]
loss: 1.994280  [35840/100000]
loss: 1.770149  [38400/100000]
loss: 1.968704  [40960/100000]
loss: 1.973292  [43520/100000]
loss: 1.900697  [46080/100000]
loss: 2.063350  [48640/100000]
loss: 1.999013  [51200/100000]
loss: 1.849508  [53760/100000]
loss: 2.114604  [56320/100000]
loss: 1.904414  [58880/100000]
loss: 1.956501  [61440/100000]
loss: 1.811248  [64000/100000]
loss: 1.981918  [66560/100000]
loss: 1.813570  [69120/100000]
loss: 1.905261  [71680/100000]
loss: 2.098139  [74240/100000]
loss: 2.101466  [76800/100000]
loss: 2.253880  [79360/100000]
loss: 2.166551  [81920/100000]
loss: 1.860999  [84480/100000]
loss: 2.024151  [87040/100000]
loss: 2.183897  [89600/100000]
loss: 2.061555  [92160/100000]
loss: 2.195346  [94720/100000]
loss: 1.984330  [97280/100000]
loss: 2.328017  [62400/100000]
Epoch 28 finished in 119.85 seconds

Epoch 29
-------------------------------
loss: 1.668769  [    0/100000]
loss: 1.870335  [ 2560/100000]
loss: 1.867083  [ 5120/100000]
loss: 1.808671  [ 7680/100000]
loss: 1.877430  [10240/100000]
loss: 1.710757  [12800/100000]
loss: 1.653716  [15360/100000]
loss: 1.995460  [17920/100000]
loss: 1.876330  [20480/100000]
loss: 1.767713  [23040/100000]
loss: 1.869140  [25600/100000]
loss: 1.850789  [28160/100000]
loss: 2.069662  [30720/100000]
loss: 1.978890  [33280/100000]
loss: 2.066974  [35840/100000]
loss: 2.035654  [38400/100000]
loss: 2.155064  [40960/100000]
loss: 1.937006  [43520/100000]
loss: 1.892729  [46080/100000]
loss: 1.873315  [48640/100000]
loss: 1.768366  [51200/100000]
loss: 1.960282  [53760/100000]
loss: 1.909433  [56320/100000]
loss: 2.135101  [58880/100000]
loss: 1.925237  [61440/100000]
loss: 2.035714  [64000/100000]
loss: 1.873658  [66560/100000]
loss: 1.579517  [69120/100000]
loss: 1.792547  [71680/100000]
loss: 1.991180  [74240/100000]
loss: 1.887417  [76800/100000]
loss: 1.873234  [79360/100000]
loss: 1.900682  [81920/100000]
loss: 2.066203  [84480/100000]
loss: 2.226730  [87040/100000]
loss: 2.050288  [89600/100000]
loss: 1.965447  [92160/100000]
loss: 2.210023  [94720/100000]
loss: 1.768286  [97280/100000]
loss: 1.779518  [62400/100000]
Epoch 29 finished in 119.91 seconds

Epoch 30
-------------------------------
loss: 1.687062  [    0/100000]
loss: 1.837770  [ 2560/100000]
loss: 1.841468  [ 5120/100000]
loss: 1.812672  [ 7680/100000]
loss: 1.671023  [10240/100000]
loss: 1.643321  [12800/100000]
loss: 1.863676  [15360/100000]
loss: 2.039004  [17920/100000]
loss: 1.797699  [20480/100000]
loss: 1.847067  [23040/100000]
loss: 1.933508  [25600/100000]
loss: 1.741913  [28160/100000]
loss: 1.740346  [30720/100000]
loss: 1.909019  [33280/100000]
loss: 1.872430  [35840/100000]
loss: 2.056751  [38400/100000]
loss: 1.785801  [40960/100000]
loss: 1.905510  [43520/100000]
loss: 1.694413  [46080/100000]
loss: 1.882438  [48640/100000]
loss: 1.683331  [51200/100000]
loss: 1.551568  [53760/100000]
loss: 1.809974  [56320/100000]
loss: 1.788733  [58880/100000]
loss: 1.950367  [61440/100000]
loss: 1.811079  [64000/100000]
loss: 1.894740  [66560/100000]
loss: 2.052877  [69120/100000]
loss: 2.004151  [71680/100000]
loss: 1.802599  [74240/100000]
loss: 2.047135  [76800/100000]
loss: 1.941921  [79360/100000]
loss: 1.885067  [81920/100000]
loss: 1.845093  [84480/100000]
loss: 1.719897  [87040/100000]
loss: 2.001074  [89600/100000]
loss: 1.810383  [92160/100000]
loss: 1.922118  [94720/100000]
loss: 2.133620  [97280/100000]
loss: 1.853391  [62400/100000]
Epoch 30 finished in 119.86 seconds

Saved Loss Plot as loss_plot.png
Saved PyTorchModel State
Test Error: 
 Accuracy: 36.3%, Avg loss: 3.022647 

