nohup: ignoring input
--- Train Data ---
Shape of X [N, C, H, W]: torch.Size([256, 3, 64, 64])
Shape of y: torch.Size([256]) torch.int64

--- Test Data ---
Shape of X [N, C, H, W]: torch.Size([256, 3, 64, 64])
Shape of y: torch.Size([256]) torch.int64
Using device: cuda
VGGNet_C(
  (features): Sequential(
    (0): Conv2d(3, 64, kernel_size=(3, 3), stride=(1, 1), padding=(1, 1))
    (1): ReLU(inplace=True)
    (2): Conv2d(64, 64, kernel_size=(3, 3), stride=(1, 1), padding=(1, 1))
    (3): ReLU(inplace=True)
    (4): MaxPool2d(kernel_size=2, stride=2, padding=0, dilation=1, ceil_mode=False)
    (5): Conv2d(64, 128, kernel_size=(3, 3), stride=(1, 1), padding=(1, 1))
    (6): ReLU(inplace=True)
    (7): Conv2d(128, 128, kernel_size=(3, 3), stride=(1, 1), padding=(1, 1))
    (8): ReLU(inplace=True)
    (9): MaxPool2d(kernel_size=2, stride=2, padding=0, dilation=1, ceil_mode=False)
    (10): Conv2d(128, 256, kernel_size=(3, 3), stride=(1, 1), padding=(1, 1))
    (11): ReLU(inplace=True)
    (12): Conv2d(256, 256, kernel_size=(3, 3), stride=(1, 1), padding=(1, 1))
    (13): ReLU(inplace=True)
    (14): Conv2d(256, 256, kernel_size=(1, 1), stride=(1, 1))
    (15): ReLU(inplace=True)
    (16): MaxPool2d(kernel_size=2, stride=2, padding=0, dilation=1, ceil_mode=False)
    (17): Conv2d(256, 512, kernel_size=(3, 3), stride=(1, 1), padding=(1, 1))
    (18): ReLU(inplace=True)
    (19): Conv2d(512, 512, kernel_size=(3, 3), stride=(1, 1), padding=(1, 1))
    (20): ReLU(inplace=True)
    (21): Conv2d(512, 512, kernel_size=(1, 1), stride=(1, 1))
    (22): ReLU(inplace=True)
    (23): MaxPool2d(kernel_size=2, stride=2, padding=0, dilation=1, ceil_mode=False)
    (24): Conv2d(512, 512, kernel_size=(3, 3), stride=(1, 1), padding=(1, 1))
    (25): ReLU(inplace=True)
    (26): Conv2d(512, 512, kernel_size=(3, 3), stride=(1, 1), padding=(1, 1))
    (27): ReLU(inplace=True)
    (28): Conv2d(512, 512, kernel_size=(1, 1), stride=(1, 1))
    (29): ReLU(inplace=True)
    (30): MaxPool2d(kernel_size=2, stride=2, padding=0, dilation=1, ceil_mode=False)
  )
  (classifier): Sequential(
    (0): Conv2d(512, 4096, kernel_size=(2, 2), stride=(1, 1))
    (1): ReLU(inplace=True)
    (2): Dropout2d(p=0.5, inplace=False)
    (3): Conv2d(4096, 4096, kernel_size=(1, 1), stride=(1, 1))
    (4): ReLU(inplace=True)
    (5): Dropout2d(p=0.5, inplace=False)
    (6): Conv2d(4096, 200, kernel_size=(1, 1), stride=(1, 1))
  )
)
Epoch 1
-------------------------------
loss: 5.403493  [    0/100000]
loss: 5.300290  [ 2560/100000]
loss: 5.298787  [ 5120/100000]
loss: 5.301456  [ 7680/100000]
loss: 5.297475  [10240/100000]
loss: 5.301955  [12800/100000]
loss: 5.307082  [15360/100000]
loss: 5.297776  [17920/100000]
loss: 5.309274  [20480/100000]
loss: 5.304322  [23040/100000]
loss: 5.308286  [25600/100000]
loss: 5.293451  [28160/100000]
loss: 5.299047  [30720/100000]
loss: 5.302591  [33280/100000]
loss: 5.299397  [35840/100000]
loss: 5.294345  [38400/100000]
loss: 5.300695  [40960/100000]
loss: 5.293689  [43520/100000]
loss: 5.305207  [46080/100000]
loss: 5.301437  [48640/100000]
loss: 5.288543  [51200/100000]
loss: 5.276935  [53760/100000]
loss: 5.261414  [56320/100000]
loss: 5.261198  [58880/100000]
loss: 5.246107  [61440/100000]
loss: 5.281912  [64000/100000]
loss: 5.252515  [66560/100000]
loss: 5.241394  [69120/100000]
loss: 5.259122  [71680/100000]
loss: 5.227489  [74240/100000]
loss: 5.209368  [76800/100000]
loss: 5.261025  [79360/100000]
loss: 5.201801  [81920/100000]
loss: 5.228584  [84480/100000]
loss: 5.266447  [87040/100000]
loss: 5.169204  [89600/100000]
loss: 5.202209  [92160/100000]
loss: 5.195720  [94720/100000]
loss: 5.210700  [97280/100000]
loss: 5.264944  [62400/100000]
Epoch 1 finished in 104.49 seconds

Epoch 2
-------------------------------
loss: 5.203807  [    0/100000]
loss: 5.151869  [ 2560/100000]
loss: 5.149054  [ 5120/100000]
loss: 5.163215  [ 7680/100000]
loss: 5.220959  [10240/100000]
loss: 5.123265  [12800/100000]
loss: 5.178294  [15360/100000]
loss: 5.196589  [17920/100000]
loss: 5.173946  [20480/100000]
loss: 5.135161  [23040/100000]
loss: 5.190954  [25600/100000]
loss: 5.171792  [28160/100000]
loss: 5.182922  [30720/100000]
loss: 5.147696  [33280/100000]
loss: 5.213363  [35840/100000]
loss: 5.172359  [38400/100000]
loss: 5.190067  [40960/100000]
loss: 5.179871  [43520/100000]
loss: 5.145751  [46080/100000]
loss: 5.151752  [48640/100000]
loss: 5.187715  [51200/100000]
loss: 5.111186  [53760/100000]
loss: 5.128346  [56320/100000]
loss: 5.138641  [58880/100000]
loss: 5.219921  [61440/100000]
loss: 5.150132  [64000/100000]
loss: 5.103824  [66560/100000]
loss: 5.141995  [69120/100000]
loss: 5.209350  [71680/100000]
loss: 5.183039  [74240/100000]
loss: 5.137636  [76800/100000]
loss: 5.069023  [79360/100000]
loss: 5.167708  [81920/100000]
loss: 5.183509  [84480/100000]
loss: 5.131001  [87040/100000]
loss: 4.984240  [89600/100000]
loss: 5.095040  [92160/100000]
loss: 5.072861  [94720/100000]
loss: 5.085288  [97280/100000]
loss: 5.075677  [62400/100000]
Epoch 2 finished in 104.66 seconds

Epoch 3
-------------------------------
loss: 5.078525  [    0/100000]
loss: 5.086653  [ 2560/100000]
loss: 5.018240  [ 5120/100000]
loss: 5.065972  [ 7680/100000]
loss: 5.068717  [10240/100000]
loss: 5.045072  [12800/100000]
loss: 5.056556  [15360/100000]
loss: 5.036505  [17920/100000]
loss: 5.035497  [20480/100000]
loss: 5.035861  [23040/100000]
loss: 5.014782  [25600/100000]
loss: 4.981111  [28160/100000]
loss: 4.997319  [30720/100000]
loss: 5.050103  [33280/100000]
loss: 5.020441  [35840/100000]
loss: 5.107121  [38400/100000]
loss: 5.040564  [40960/100000]
loss: 4.889198  [43520/100000]
loss: 4.964013  [46080/100000]
loss: 4.995490  [48640/100000]
loss: 5.098108  [51200/100000]
loss: 4.928868  [53760/100000]
loss: 5.057569  [56320/100000]
loss: 4.982023  [58880/100000]
loss: 4.928473  [61440/100000]
loss: 4.959081  [64000/100000]
loss: 5.006440  [66560/100000]
loss: 4.867125  [69120/100000]
loss: 4.875248  [71680/100000]
loss: 4.903685  [74240/100000]
loss: 4.953425  [76800/100000]
loss: 4.986804  [79360/100000]
loss: 4.957755  [81920/100000]
loss: 5.010636  [84480/100000]
loss: 4.917444  [87040/100000]
loss: 4.942087  [89600/100000]
loss: 4.975964  [92160/100000]
loss: 4.854613  [94720/100000]
loss: 4.837105  [97280/100000]
loss: 4.832102  [62400/100000]
Epoch 3 finished in 104.54 seconds

Epoch 4
-------------------------------
loss: 4.968791  [    0/100000]
loss: 4.847505  [ 2560/100000]
loss: 4.893034  [ 5120/100000]
loss: 4.934472  [ 7680/100000]
loss: 4.834006  [10240/100000]
loss: 4.872638  [12800/100000]
loss: 4.841783  [15360/100000]
loss: 4.795239  [17920/100000]
loss: 4.838529  [20480/100000]
loss: 4.839359  [23040/100000]
loss: 4.793550  [25600/100000]
loss: 4.818581  [28160/100000]
loss: 4.880842  [30720/100000]
loss: 4.812346  [33280/100000]
loss: 4.829921  [35840/100000]
loss: 4.800715  [38400/100000]
loss: 4.861556  [40960/100000]
loss: 4.768985  [43520/100000]
loss: 4.840728  [46080/100000]
loss: 4.840207  [48640/100000]
loss: 4.717885  [51200/100000]
loss: 4.727189  [53760/100000]
loss: 4.679464  [56320/100000]
loss: 4.814128  [58880/100000]
loss: 4.819355  [61440/100000]
loss: 4.679633  [64000/100000]
loss: 4.808984  [66560/100000]
loss: 4.748842  [69120/100000]
loss: 4.752469  [71680/100000]
loss: 4.698667  [74240/100000]
loss: 4.706532  [76800/100000]
loss: 4.776426  [79360/100000]
loss: 4.741385  [81920/100000]
loss: 4.917250  [84480/100000]
loss: 4.780894  [87040/100000]
loss: 4.742926  [89600/100000]
loss: 4.866733  [92160/100000]
loss: 4.766472  [94720/100000]
loss: 4.823652  [97280/100000]
loss: 4.627963  [62400/100000]
Epoch 4 finished in 104.39 seconds

Epoch 5
-------------------------------
loss: 4.732946  [    0/100000]
loss: 4.681217  [ 2560/100000]
loss: 4.600262  [ 5120/100000]
loss: 4.539445  [ 7680/100000]
loss: 4.579089  [10240/100000]
loss: 4.761169  [12800/100000]
loss: 4.604261  [15360/100000]
loss: 4.610299  [17920/100000]
loss: 4.709288  [20480/100000]
loss: 4.616631  [23040/100000]
loss: 4.727781  [25600/100000]
loss: 4.653424  [28160/100000]
loss: 4.688219  [30720/100000]
loss: 4.585275  [33280/100000]
loss: 4.459524  [35840/100000]
loss: 4.614362  [38400/100000]
loss: 4.609117  [40960/100000]
loss: 4.608920  [43520/100000]
loss: 4.648621  [46080/100000]
loss: 4.576848  [48640/100000]
loss: 4.519434  [51200/100000]
loss: 4.713617  [53760/100000]
loss: 4.603180  [56320/100000]
loss: 4.680304  [58880/100000]
loss: 4.585867  [61440/100000]
loss: 4.573654  [64000/100000]
loss: 4.614403  [66560/100000]
loss: 4.623521  [69120/100000]
loss: 4.564248  [71680/100000]
loss: 4.491904  [74240/100000]
loss: 4.522494  [76800/100000]
loss: 4.631957  [79360/100000]
loss: 4.598331  [81920/100000]
loss: 4.657530  [84480/100000]
loss: 4.547307  [87040/100000]
loss: 4.574488  [89600/100000]
loss: 4.511915  [92160/100000]
loss: 4.487292  [94720/100000]
loss: 4.554928  [97280/100000]
loss: 4.419457  [62400/100000]
Epoch 5 finished in 104.38 seconds

Epoch 6
-------------------------------
loss: 4.528136  [    0/100000]
loss: 4.520312  [ 2560/100000]
loss: 4.467246  [ 5120/100000]
loss: 4.577195  [ 7680/100000]
loss: 4.357656  [10240/100000]
loss: 4.469244  [12800/100000]
loss: 4.269074  [15360/100000]
loss: 4.356099  [17920/100000]
loss: 4.510877  [20480/100000]
loss: 4.352054  [23040/100000]
loss: 4.459312  [25600/100000]
loss: 4.166682  [28160/100000]
loss: 4.355507  [30720/100000]
loss: 4.568588  [33280/100000]
loss: 4.390829  [35840/100000]
loss: 4.374968  [38400/100000]
loss: 4.377414  [40960/100000]
loss: 4.449789  [43520/100000]
loss: 4.325185  [46080/100000]
loss: 4.379415  [48640/100000]
loss: 4.367069  [51200/100000]
loss: 4.392654  [53760/100000]
loss: 4.437949  [56320/100000]
loss: 4.541743  [58880/100000]
loss: 4.333494  [61440/100000]
loss: 4.414173  [64000/100000]
loss: 4.342187  [66560/100000]
loss: 4.313636  [69120/100000]
loss: 4.322736  [71680/100000]
loss: 4.361038  [74240/100000]
loss: 4.287572  [76800/100000]
loss: 4.420495  [79360/100000]
loss: 4.347059  [81920/100000]
loss: 4.338538  [84480/100000]
loss: 4.321486  [87040/100000]
loss: 4.261452  [89600/100000]
loss: 4.303885  [92160/100000]
loss: 4.248482  [94720/100000]
loss: 4.289255  [97280/100000]
loss: 4.206950  [62400/100000]
Epoch 6 finished in 104.49 seconds

Epoch 7
-------------------------------
loss: 4.232751  [    0/100000]
loss: 4.285305  [ 2560/100000]
loss: 4.159739  [ 5120/100000]
loss: 4.320645  [ 7680/100000]
loss: 4.126566  [10240/100000]
loss: 4.138515  [12800/100000]
loss: 4.409108  [15360/100000]
loss: 4.258749  [17920/100000]
loss: 4.093727  [20480/100000]
loss: 4.343518  [23040/100000]
loss: 4.252740  [25600/100000]
loss: 4.098689  [28160/100000]
loss: 4.325602  [30720/100000]
loss: 4.228936  [33280/100000]
loss: 4.347879  [35840/100000]
loss: 4.331797  [38400/100000]
loss: 4.260743  [40960/100000]
loss: 4.278493  [43520/100000]
loss: 4.200641  [46080/100000]
loss: 4.214906  [48640/100000]
loss: 3.999742  [51200/100000]
loss: 4.148594  [53760/100000]
loss: 4.199249  [56320/100000]
loss: 4.237626  [58880/100000]
loss: 4.254217  [61440/100000]
loss: 4.254713  [64000/100000]
loss: 4.231130  [66560/100000]
loss: 4.159657  [69120/100000]
loss: 4.199025  [71680/100000]
loss: 4.036121  [74240/100000]
loss: 4.282762  [76800/100000]
loss: 4.102973  [79360/100000]
loss: 4.220909  [81920/100000]
loss: 4.174432  [84480/100000]
loss: 4.136640  [87040/100000]
loss: 4.263650  [89600/100000]
loss: 4.207858  [92160/100000]
loss: 4.082100  [94720/100000]
loss: 4.048671  [97280/100000]
loss: 3.951724  [62400/100000]
Epoch 7 finished in 104.53 seconds

Epoch 8
-------------------------------
loss: 3.974741  [    0/100000]
loss: 4.088538  [ 2560/100000]
loss: 4.130636  [ 5120/100000]
loss: 4.030659  [ 7680/100000]
loss: 4.080986  [10240/100000]
loss: 3.972862  [12800/100000]
loss: 4.058475  [15360/100000]
loss: 3.968252  [17920/100000]
loss: 4.189492  [20480/100000]
loss: 3.859905  [23040/100000]
loss: 4.088322  [25600/100000]
loss: 4.014730  [28160/100000]
loss: 3.935054  [30720/100000]
loss: 3.926743  [33280/100000]
loss: 4.073877  [35840/100000]
loss: 4.153499  [38400/100000]
loss: 4.070268  [40960/100000]
loss: 3.925093  [43520/100000]
loss: 4.044648  [46080/100000]
loss: 4.039030  [48640/100000]
loss: 4.012903  [51200/100000]
loss: 3.784111  [53760/100000]
loss: 4.049062  [56320/100000]
loss: 4.229816  [58880/100000]
loss: 4.049809  [61440/100000]
loss: 3.966930  [64000/100000]
loss: 4.049237  [66560/100000]
loss: 3.964014  [69120/100000]
loss: 3.667791  [71680/100000]
loss: 3.940228  [74240/100000]
loss: 3.900355  [76800/100000]
loss: 3.970692  [79360/100000]
loss: 4.087452  [81920/100000]
loss: 3.864359  [84480/100000]
loss: 4.000590  [87040/100000]
loss: 3.893568  [89600/100000]
loss: 3.817922  [92160/100000]
loss: 3.844213  [94720/100000]
loss: 3.757254  [97280/100000]
loss: 3.674042  [62400/100000]
Epoch 8 finished in 104.52 seconds

Epoch 9
-------------------------------
loss: 3.858315  [    0/100000]
loss: 3.890443  [ 2560/100000]
loss: 4.089261  [ 5120/100000]
loss: 3.968391  [ 7680/100000]
loss: 3.683041  [10240/100000]
loss: 3.931764  [12800/100000]
loss: 3.774335  [15360/100000]
loss: 3.752338  [17920/100000]
loss: 3.719152  [20480/100000]
loss: 3.844526  [23040/100000]
loss: 3.837958  [25600/100000]
loss: 3.852014  [28160/100000]
loss: 3.899797  [30720/100000]
loss: 3.985026  [33280/100000]
loss: 3.892596  [35840/100000]
loss: 3.970438  [38400/100000]
loss: 3.686230  [40960/100000]
loss: 3.803630  [43520/100000]
loss: 3.746857  [46080/100000]
loss: 3.667055  [48640/100000]
loss: 3.691365  [51200/100000]
loss: 4.006081  [53760/100000]
loss: 4.060796  [56320/100000]
loss: 3.750494  [58880/100000]
loss: 3.737916  [61440/100000]
loss: 3.824692  [64000/100000]
loss: 3.957239  [66560/100000]
loss: 3.943084  [69120/100000]
loss: 3.798388  [71680/100000]
loss: 3.745037  [74240/100000]
loss: 3.849745  [76800/100000]
loss: 3.688775  [79360/100000]
loss: 3.482942  [81920/100000]
loss: 3.766695  [84480/100000]
loss: 3.556597  [87040/100000]
loss: 3.657921  [89600/100000]
loss: 3.728168  [92160/100000]
loss: 3.816622  [94720/100000]
loss: 3.689340  [97280/100000]
loss: 3.731204  [62400/100000]
Epoch 9 finished in 104.51 seconds

Epoch 10
-------------------------------
loss: 3.593432  [    0/100000]
loss: 3.855848  [ 2560/100000]
loss: 3.686167  [ 5120/100000]
loss: 3.636997  [ 7680/100000]
loss: 3.504239  [10240/100000]
loss: 3.624876  [12800/100000]
loss: 3.853811  [15360/100000]
loss: 3.866326  [17920/100000]
loss: 3.620669  [20480/100000]
loss: 3.611828  [23040/100000]
loss: 3.507770  [25600/100000]
loss: 3.787971  [28160/100000]
loss: 3.888002  [30720/100000]
loss: 3.509073  [33280/100000]
loss: 3.613413  [35840/100000]
loss: 3.706458  [38400/100000]
loss: 3.671652  [40960/100000]
loss: 3.541228  [43520/100000]
loss: 3.413376  [46080/100000]
loss: 3.633969  [48640/100000]
loss: 3.714125  [51200/100000]
loss: 3.510122  [53760/100000]
loss: 3.845084  [56320/100000]
loss: 3.565202  [58880/100000]
loss: 3.701847  [61440/100000]
loss: 3.606973  [64000/100000]
loss: 3.409308  [66560/100000]
loss: 3.651924  [69120/100000]
loss: 3.671554  [71680/100000]
loss: 3.886213  [74240/100000]
loss: 3.562591  [76800/100000]
loss: 3.756860  [79360/100000]
loss: 3.823233  [81920/100000]
loss: 3.789861  [84480/100000]
loss: 3.529515  [87040/100000]
loss: 3.470714  [89600/100000]
loss: 3.681973  [92160/100000]
loss: 3.403498  [94720/100000]
loss: 3.764647  [97280/100000]
loss: 3.521940  [62400/100000]
Epoch 10 finished in 104.48 seconds

Epoch 11
-------------------------------
loss: 3.610816  [    0/100000]
loss: 3.522601  [ 2560/100000]
loss: 3.628048  [ 5120/100000]
loss: 3.560093  [ 7680/100000]
loss: 3.654871  [10240/100000]
loss: 3.531442  [12800/100000]
loss: 3.353151  [15360/100000]
loss: 3.604898  [17920/100000]
loss: 3.696951  [20480/100000]
loss: 3.597403  [23040/100000]
loss: 3.506928  [25600/100000]
loss: 3.665823  [28160/100000]
loss: 3.428709  [30720/100000]
loss: 3.550716  [33280/100000]
loss: 3.571292  [35840/100000]
loss: 3.462841  [38400/100000]
loss: 3.632191  [40960/100000]
loss: 3.612879  [43520/100000]
loss: 3.649886  [46080/100000]
loss: 3.496478  [48640/100000]
loss: 3.619722  [51200/100000]
loss: 3.429352  [53760/100000]
loss: 3.710575  [56320/100000]
loss: 3.483971  [58880/100000]
loss: 3.587573  [61440/100000]
loss: 3.524904  [64000/100000]
loss: 3.489498  [66560/100000]
loss: 3.416639  [69120/100000]
loss: 3.566210  [71680/100000]
loss: 3.407959  [74240/100000]
loss: 3.574161  [76800/100000]
loss: 3.368427  [79360/100000]
loss: 3.322486  [81920/100000]
loss: 3.415163  [84480/100000]
loss: 3.604329  [87040/100000]
loss: 3.408232  [89600/100000]
loss: 3.517657  [92160/100000]
loss: 3.313988  [94720/100000]
loss: 3.392330  [97280/100000]
loss: 3.557904  [62400/100000]
Epoch 11 finished in 104.46 seconds

Epoch 12
-------------------------------
loss: 3.423596  [    0/100000]
loss: 3.349422  [ 2560/100000]
loss: 3.381982  [ 5120/100000]
loss: 3.502181  [ 7680/100000]
loss: 3.696777  [10240/100000]
loss: 3.455151  [12800/100000]
loss: 3.569064  [15360/100000]
loss: 3.298910  [17920/100000]
loss: 3.541259  [20480/100000]
loss: 3.278223  [23040/100000]
loss: 3.352947  [25600/100000]
loss: 3.477922  [28160/100000]
loss: 3.461196  [30720/100000]
loss: 3.473950  [33280/100000]
loss: 3.361947  [35840/100000]
loss: 3.416400  [38400/100000]
loss: 3.379560  [40960/100000]
loss: 3.445520  [43520/100000]
loss: 3.480949  [46080/100000]
loss: 3.484125  [48640/100000]
loss: 3.382055  [51200/100000]
loss: 3.375929  [53760/100000]
loss: 3.406595  [56320/100000]
loss: 3.375462  [58880/100000]
loss: 3.216778  [61440/100000]
loss: 3.220183  [64000/100000]
loss: 3.401915  [66560/100000]
loss: 3.303065  [69120/100000]
loss: 3.058678  [71680/100000]
loss: 3.245005  [74240/100000]
loss: 3.323597  [76800/100000]
loss: 3.571750  [79360/100000]
loss: 3.307085  [81920/100000]
loss: 3.196910  [84480/100000]
loss: 3.594113  [87040/100000]
loss: 3.483463  [89600/100000]
loss: 3.336458  [92160/100000]
loss: 3.309629  [94720/100000]
loss: 3.349713  [97280/100000]
loss: 3.163444  [62400/100000]
Epoch 12 finished in 104.42 seconds

Epoch 13
-------------------------------
loss: 3.285259  [    0/100000]
loss: 3.219815  [ 2560/100000]
loss: 3.374245  [ 5120/100000]
loss: 3.415330  [ 7680/100000]
loss: 3.464046  [10240/100000]
loss: 3.338941  [12800/100000]
loss: 3.379061  [15360/100000]
loss: 3.253595  [17920/100000]
loss: 3.462697  [20480/100000]
loss: 3.260076  [23040/100000]
loss: 3.365648  [25600/100000]
loss: 3.153979  [28160/100000]
loss: 3.189361  [30720/100000]
loss: 3.408333  [33280/100000]
loss: 2.982893  [35840/100000]
loss: 3.175884  [38400/100000]
loss: 3.209673  [40960/100000]
loss: 3.271401  [43520/100000]
loss: 3.342156  [46080/100000]
loss: 3.390632  [48640/100000]
loss: 3.391364  [51200/100000]
loss: 3.099081  [53760/100000]
loss: 3.194898  [56320/100000]
loss: 3.258251  [58880/100000]
loss: 3.202267  [61440/100000]
loss: 3.144459  [64000/100000]
loss: 3.231232  [66560/100000]
loss: 3.284688  [69120/100000]
loss: 3.504198  [71680/100000]
loss: 3.119530  [74240/100000]
loss: 3.254838  [76800/100000]
loss: 3.372690  [79360/100000]
loss: 3.197429  [81920/100000]
loss: 3.229816  [84480/100000]
loss: 3.200257  [87040/100000]
loss: 3.238233  [89600/100000]
loss: 3.258768  [92160/100000]
loss: 2.975462  [94720/100000]
loss: 3.193332  [97280/100000]
loss: 3.347445  [62400/100000]
Epoch 13 finished in 104.47 seconds

Epoch 14
-------------------------------
loss: 3.158592  [    0/100000]
loss: 3.236669  [ 2560/100000]
loss: 3.320618  [ 5120/100000]
loss: 3.147312  [ 7680/100000]
loss: 3.498950  [10240/100000]
loss: 3.405325  [12800/100000]
loss: 3.218228  [15360/100000]
loss: 3.020542  [17920/100000]
loss: 3.059092  [20480/100000]
loss: 3.080303  [23040/100000]
loss: 3.255583  [25600/100000]
loss: 3.002293  [28160/100000]
loss: 3.118975  [30720/100000]
loss: 3.112750  [33280/100000]
loss: 3.116996  [35840/100000]
loss: 3.059405  [38400/100000]
loss: 3.238522  [40960/100000]
loss: 3.384568  [43520/100000]
loss: 3.134074  [46080/100000]
loss: 3.086708  [48640/100000]
loss: 3.060029  [51200/100000]
loss: 3.154646  [53760/100000]
loss: 3.182382  [56320/100000]
loss: 3.158489  [58880/100000]
loss: 2.983429  [61440/100000]
loss: 3.161062  [64000/100000]
loss: 3.064038  [66560/100000]
loss: 3.259586  [69120/100000]
loss: 3.118906  [71680/100000]
loss: 3.363008  [74240/100000]
loss: 3.117749  [76800/100000]
loss: 3.073797  [79360/100000]
loss: 3.150076  [81920/100000]
loss: 3.191655  [84480/100000]
loss: 3.090793  [87040/100000]
loss: 3.022767  [89600/100000]
loss: 2.974654  [92160/100000]
loss: 3.189541  [94720/100000]
loss: 3.374017  [97280/100000]
loss: 2.886178  [62400/100000]
Epoch 14 finished in 104.36 seconds

Epoch 15
-------------------------------
loss: 3.126768  [    0/100000]
loss: 2.979442  [ 2560/100000]
loss: 2.945598  [ 5120/100000]
loss: 2.787702  [ 7680/100000]
loss: 3.053420  [10240/100000]
loss: 3.109464  [12800/100000]
loss: 3.104959  [15360/100000]
loss: 2.959031  [17920/100000]
loss: 3.265782  [20480/100000]
loss: 3.175926  [23040/100000]
loss: 3.131843  [25600/100000]
loss: 3.151544  [28160/100000]
loss: 3.265020  [30720/100000]
loss: 3.091157  [33280/100000]
loss: 3.133938  [35840/100000]
loss: 3.013393  [38400/100000]
loss: 3.349155  [40960/100000]
loss: 3.065842  [43520/100000]
loss: 3.079194  [46080/100000]
loss: 3.072454  [48640/100000]
loss: 2.940778  [51200/100000]
loss: 2.994498  [53760/100000]
loss: 3.065849  [56320/100000]
loss: 3.000971  [58880/100000]
loss: 3.305570  [61440/100000]
loss: 2.967277  [64000/100000]
loss: 3.107391  [66560/100000]
loss: 2.927953  [69120/100000]
loss: 3.079769  [71680/100000]
loss: 3.080869  [74240/100000]
loss: 2.905344  [76800/100000]
loss: 3.105605  [79360/100000]
loss: 3.014365  [81920/100000]
loss: 3.158220  [84480/100000]
loss: 3.109946  [87040/100000]
loss: 3.028358  [89600/100000]
loss: 2.941218  [92160/100000]
loss: 3.017002  [94720/100000]
loss: 3.105712  [97280/100000]
loss: 2.883616  [62400/100000]
Epoch 15 finished in 104.38 seconds

Epoch 16
-------------------------------
loss: 3.182512  [    0/100000]
loss: 3.181594  [ 2560/100000]
loss: 2.973012  [ 5120/100000]
loss: 2.901285  [ 7680/100000]
loss: 2.777603  [10240/100000]
loss: 2.909922  [12800/100000]
loss: 2.926020  [15360/100000]
loss: 2.910723  [17920/100000]
loss: 3.017593  [20480/100000]
loss: 2.862782  [23040/100000]
loss: 2.766884  [25600/100000]
loss: 2.950458  [28160/100000]
loss: 3.161282  [30720/100000]
loss: 3.102986  [33280/100000]
loss: 2.974961  [35840/100000]
loss: 2.976879  [38400/100000]
loss: 3.200395  [40960/100000]
loss: 2.978421  [43520/100000]
loss: 3.050848  [46080/100000]
loss: 2.791142  [48640/100000]
loss: 3.021926  [51200/100000]
loss: 2.916403  [53760/100000]
loss: 2.919896  [56320/100000]
loss: 3.056865  [58880/100000]
loss: 2.910016  [61440/100000]
loss: 2.833457  [64000/100000]
loss: 2.741682  [66560/100000]
loss: 2.886939  [69120/100000]
loss: 2.859586  [71680/100000]
loss: 2.656045  [74240/100000]
loss: 2.708313  [76800/100000]
loss: 3.058306  [79360/100000]
loss: 2.969819  [81920/100000]
loss: 2.790096  [84480/100000]
loss: 2.864566  [87040/100000]
loss: 2.805786  [89600/100000]
loss: 2.964729  [92160/100000]
loss: 3.053953  [94720/100000]
loss: 3.179512  [97280/100000]
loss: 2.987323  [62400/100000]
Epoch 16 finished in 104.39 seconds

Epoch 17
-------------------------------
loss: 2.937360  [    0/100000]
loss: 2.913430  [ 2560/100000]
loss: 2.919844  [ 5120/100000]
loss: 3.018729  [ 7680/100000]
loss: 2.747539  [10240/100000]
loss: 2.707749  [12800/100000]
loss: 2.742082  [15360/100000]
loss: 2.771472  [17920/100000]
loss: 2.892748  [20480/100000]
loss: 2.881967  [23040/100000]
loss: 2.898842  [25600/100000]
loss: 2.943073  [28160/100000]
loss: 2.758364  [30720/100000]
loss: 2.780034  [33280/100000]
loss: 2.873151  [35840/100000]
loss: 2.709579  [38400/100000]
loss: 2.773574  [40960/100000]
loss: 2.844364  [43520/100000]
loss: 2.845745  [46080/100000]
loss: 2.672411  [48640/100000]
loss: 2.809097  [51200/100000]
loss: 2.846269  [53760/100000]
loss: 2.865231  [56320/100000]
loss: 2.948305  [58880/100000]
loss: 2.876052  [61440/100000]
loss: 2.783466  [64000/100000]
loss: 2.797489  [66560/100000]
loss: 2.811171  [69120/100000]
loss: 2.752800  [71680/100000]
loss: 2.870641  [74240/100000]
loss: 2.716065  [76800/100000]
loss: 2.802680  [79360/100000]
loss: 2.802467  [81920/100000]
loss: 2.738585  [84480/100000]
loss: 2.824581  [87040/100000]
loss: 2.749973  [89600/100000]
loss: 2.833425  [92160/100000]
loss: 3.009732  [94720/100000]
loss: 2.779974  [97280/100000]
loss: 2.756760  [62400/100000]
Epoch 17 finished in 104.40 seconds

Epoch 18
-------------------------------
loss: 2.861997  [    0/100000]
loss: 2.580451  [ 2560/100000]
loss: 2.750903  [ 5120/100000]
loss: 2.652443  [ 7680/100000]
loss: 2.781774  [10240/100000]
loss: 2.830100  [12800/100000]
loss: 2.740116  [15360/100000]
loss: 2.727623  [17920/100000]
loss: 2.600419  [20480/100000]
loss: 2.584887  [23040/100000]
loss: 2.609111  [25600/100000]
loss: 2.699389  [28160/100000]
loss: 2.703894  [30720/100000]
loss: 2.781712  [33280/100000]
loss: 2.743853  [35840/100000]
loss: 2.781538  [38400/100000]
loss: 2.639148  [40960/100000]
loss: 2.518758  [43520/100000]
loss: 2.816177  [46080/100000]
loss: 2.634197  [48640/100000]
loss: 2.723126  [51200/100000]
loss: 2.943891  [53760/100000]
loss: 2.803054  [56320/100000]
loss: 2.773117  [58880/100000]
loss: 2.751693  [61440/100000]
loss: 2.729701  [64000/100000]
loss: 2.791222  [66560/100000]
loss: 2.945090  [69120/100000]
loss: 2.614244  [71680/100000]
loss: 2.658459  [74240/100000]
loss: 2.787251  [76800/100000]
loss: 2.616493  [79360/100000]
loss: 2.815585  [81920/100000]
loss: 2.704962  [84480/100000]
loss: 2.526234  [87040/100000]
loss: 2.769636  [89600/100000]
loss: 2.759457  [92160/100000]
loss: 2.787940  [94720/100000]
loss: 2.801699  [97280/100000]
loss: 2.958578  [62400/100000]
Epoch 18 finished in 104.44 seconds

Epoch 19
-------------------------------
loss: 2.813736  [    0/100000]
loss: 2.645823  [ 2560/100000]
loss: 2.669636  [ 5120/100000]
loss: 2.506426  [ 7680/100000]
loss: 2.729900  [10240/100000]
loss: 2.651044  [12800/100000]
loss: 2.739697  [15360/100000]
loss: 2.765257  [17920/100000]
loss: 2.508666  [20480/100000]
loss: 2.466589  [23040/100000]
loss: 2.560058  [25600/100000]
loss: 2.541379  [28160/100000]
loss: 2.654906  [30720/100000]
loss: 2.690722  [33280/100000]
loss: 2.763442  [35840/100000]
loss: 2.869096  [38400/100000]
loss: 2.713782  [40960/100000]
loss: 2.874057  [43520/100000]
loss: 2.727706  [46080/100000]
loss: 2.714413  [48640/100000]
loss: 2.587310  [51200/100000]
loss: 2.555954  [53760/100000]
loss: 2.619227  [56320/100000]
loss: 2.396259  [58880/100000]
loss: 2.637642  [61440/100000]
loss: 2.401671  [64000/100000]
loss: 2.569276  [66560/100000]
loss: 2.867799  [69120/100000]
loss: 2.463842  [71680/100000]
loss: 2.845614  [74240/100000]
loss: 2.531319  [76800/100000]
loss: 2.559174  [79360/100000]
loss: 2.819802  [81920/100000]
loss: 2.699571  [84480/100000]
loss: 2.864985  [87040/100000]
loss: 2.914655  [89600/100000]
loss: 2.656975  [92160/100000]
loss: 2.710110  [94720/100000]
loss: 2.615267  [97280/100000]
loss: 2.572269  [62400/100000]
Epoch 19 finished in 104.38 seconds

Epoch 20
-------------------------------
loss: 2.347091  [    0/100000]
loss: 2.299801  [ 2560/100000]
loss: 2.479445  [ 5120/100000]
loss: 2.501424  [ 7680/100000]
loss: 2.652585  [10240/100000]
loss: 2.600653  [12800/100000]
loss: 2.456718  [15360/100000]
loss: 2.505585  [17920/100000]
loss: 2.554578  [20480/100000]
loss: 2.645114  [23040/100000]
loss: 2.576884  [25600/100000]
loss: 2.494925  [28160/100000]
loss: 2.578544  [30720/100000]
loss: 2.537529  [33280/100000]
loss: 2.384235  [35840/100000]
loss: 2.531069  [38400/100000]
loss: 2.397646  [40960/100000]
loss: 2.842982  [43520/100000]
loss: 2.642580  [46080/100000]
loss: 2.572153  [48640/100000]
loss: 2.709026  [51200/100000]
loss: 2.649384  [53760/100000]
loss: 2.554014  [56320/100000]
loss: 2.747664  [58880/100000]
loss: 2.653688  [61440/100000]
loss: 2.560710  [64000/100000]
loss: 2.628114  [66560/100000]
loss: 2.758504  [69120/100000]
loss: 2.486506  [71680/100000]
loss: 2.755948  [74240/100000]
loss: 2.518085  [76800/100000]
loss: 2.773133  [79360/100000]
loss: 2.681695  [81920/100000]
loss: 2.612786  [84480/100000]
loss: 2.561520  [87040/100000]
loss: 2.486628  [89600/100000]
loss: 2.695818  [92160/100000]
loss: 2.661633  [94720/100000]
loss: 2.424327  [97280/100000]
loss: 2.564407  [62400/100000]
Epoch 20 finished in 104.49 seconds

Epoch 21
-------------------------------
loss: 2.528099  [    0/100000]
loss: 2.892903  [ 2560/100000]
loss: 2.606526  [ 5120/100000]
loss: 2.489559  [ 7680/100000]
loss: 2.254789  [10240/100000]
loss: 2.562174  [12800/100000]
loss: 2.331439  [15360/100000]
loss: 2.450444  [17920/100000]
loss: 2.657582  [20480/100000]
loss: 2.476270  [23040/100000]
loss: 2.429603  [25600/100000]
loss: 2.327740  [28160/100000]
loss: 2.575628  [30720/100000]
loss: 2.558339  [33280/100000]
loss: 2.709424  [35840/100000]
loss: 2.351704  [38400/100000]
loss: 2.480162  [40960/100000]
loss: 2.744172  [43520/100000]
loss: 2.587629  [46080/100000]
loss: 2.569952  [48640/100000]
loss: 2.685566  [51200/100000]
loss: 2.545853  [53760/100000]
loss: 2.594680  [56320/100000]
loss: 2.534755  [58880/100000]
loss: 2.473967  [61440/100000]
loss: 2.459212  [64000/100000]
loss: 2.439132  [66560/100000]
loss: 2.557010  [69120/100000]
loss: 2.743767  [71680/100000]
loss: 2.552168  [74240/100000]
loss: 2.553474  [76800/100000]
loss: 2.407384  [79360/100000]
loss: 2.562436  [81920/100000]
loss: 2.613870  [84480/100000]
loss: 2.470160  [87040/100000]
loss: 2.624800  [89600/100000]
loss: 2.399446  [92160/100000]
loss: 2.287765  [94720/100000]
loss: 2.374274  [97280/100000]
loss: 2.607601  [62400/100000]
Epoch 21 finished in 104.53 seconds

Epoch 22
-------------------------------
loss: 2.302041  [    0/100000]
loss: 2.367896  [ 2560/100000]
loss: 2.299231  [ 5120/100000]
loss: 2.665438  [ 7680/100000]
loss: 2.345414  [10240/100000]
loss: 2.482170  [12800/100000]
loss: 2.593130  [15360/100000]
loss: 2.358439  [17920/100000]
loss: 2.493444  [20480/100000]
loss: 2.689421  [23040/100000]
loss: 2.291541  [25600/100000]
loss: 2.708725  [28160/100000]
loss: 2.686617  [30720/100000]
loss: 2.343629  [33280/100000]
loss: 2.484734  [35840/100000]
loss: 2.514791  [38400/100000]
loss: 2.372047  [40960/100000]
loss: 2.447224  [43520/100000]
loss: 2.319180  [46080/100000]
loss: 2.524920  [48640/100000]
loss: 2.354130  [51200/100000]
loss: 2.535551  [53760/100000]
loss: 2.498875  [56320/100000]
loss: 2.579258  [58880/100000]
loss: 2.397268  [61440/100000]
loss: 2.525958  [64000/100000]
loss: 2.441399  [66560/100000]
loss: 2.368427  [69120/100000]
loss: 2.214316  [71680/100000]
loss: 2.554967  [74240/100000]
loss: 2.481818  [76800/100000]
loss: 2.642528  [79360/100000]
loss: 2.585003  [81920/100000]
loss: 2.483924  [84480/100000]
loss: 2.300749  [87040/100000]
loss: 2.309220  [89600/100000]
loss: 2.562627  [92160/100000]
loss: 2.383345  [94720/100000]
loss: 2.498985  [97280/100000]
loss: 2.345855  [62400/100000]
Epoch 22 finished in 104.45 seconds

Epoch 23
-------------------------------
loss: 2.229261  [    0/100000]
loss: 2.383289  [ 2560/100000]
loss: 2.239595  [ 5120/100000]
loss: 2.354288  [ 7680/100000]
loss: 2.209998  [10240/100000]
loss: 2.256485  [12800/100000]
loss: 2.316600  [15360/100000]
loss: 2.572320  [17920/100000]
loss: 2.531620  [20480/100000]
loss: 2.389227  [23040/100000]
loss: 2.386729  [25600/100000]
loss: 2.280837  [28160/100000]
loss: 2.289617  [30720/100000]
loss: 2.481100  [33280/100000]
loss: 2.270573  [35840/100000]
loss: 2.549811  [38400/100000]
loss: 2.366717  [40960/100000]
loss: 2.417959  [43520/100000]
loss: 2.307909  [46080/100000]
loss: 2.298529  [48640/100000]
loss: 2.625566  [51200/100000]
loss: 2.398631  [53760/100000]
loss: 2.551647  [56320/100000]
loss: 2.202369  [58880/100000]
loss: 2.567274  [61440/100000]
loss: 2.479365  [64000/100000]
loss: 2.223023  [66560/100000]
loss: 2.084620  [69120/100000]
loss: 2.403831  [71680/100000]
loss: 2.375606  [74240/100000]
loss: 2.485741  [76800/100000]
loss: 2.369652  [79360/100000]
loss: 2.202619  [81920/100000]
loss: 2.285358  [84480/100000]
loss: 2.288965  [87040/100000]
loss: 2.386896  [89600/100000]
loss: 2.346562  [92160/100000]
loss: 2.370698  [94720/100000]
loss: 2.213349  [97280/100000]
loss: 2.286637  [62400/100000]
Epoch 23 finished in 104.38 seconds

Epoch 24
-------------------------------
loss: 2.107273  [    0/100000]
loss: 2.361766  [ 2560/100000]
loss: 2.464894  [ 5120/100000]
loss: 2.295865  [ 7680/100000]
loss: 2.283415  [10240/100000]
loss: 2.300618  [12800/100000]
loss: 2.322664  [15360/100000]
loss: 2.426454  [17920/100000]
loss: 2.318624  [20480/100000]
loss: 2.236171  [23040/100000]
loss: 2.426520  [25600/100000]
loss: 2.180271  [28160/100000]
loss: 2.497783  [30720/100000]
loss: 2.170851  [33280/100000]
loss: 2.218348  [35840/100000]
loss: 2.313388  [38400/100000]
loss: 2.288072  [40960/100000]
loss: 2.400237  [43520/100000]
loss: 2.353970  [46080/100000]
loss: 2.015940  [48640/100000]
loss: 2.326179  [51200/100000]
loss: 2.294856  [53760/100000]
loss: 2.447033  [56320/100000]
loss: 2.495864  [58880/100000]
loss: 2.263183  [61440/100000]
loss: 2.379364  [64000/100000]
loss: 2.438900  [66560/100000]
loss: 2.066461  [69120/100000]
loss: 2.212988  [71680/100000]
loss: 2.421813  [74240/100000]
loss: 2.239057  [76800/100000]
loss: 2.227790  [79360/100000]
loss: 2.237263  [81920/100000]
loss: 2.183461  [84480/100000]
loss: 2.222988  [87040/100000]
loss: 2.168377  [89600/100000]
loss: 2.171653  [92160/100000]
loss: 2.399112  [94720/100000]
loss: 2.265595  [97280/100000]
loss: 2.238570  [62400/100000]
Epoch 24 finished in 104.48 seconds

Epoch 25
-------------------------------
loss: 2.304557  [    0/100000]
loss: 2.191735  [ 2560/100000]
loss: 2.330557  [ 5120/100000]
loss: 2.165139  [ 7680/100000]
loss: 2.385633  [10240/100000]
loss: 2.380387  [12800/100000]
loss: 2.310638  [15360/100000]
loss: 2.253261  [17920/100000]
loss: 1.998420  [20480/100000]
loss: 2.281130  [23040/100000]
loss: 2.126862  [25600/100000]
loss: 2.196138  [28160/100000]
loss: 2.275708  [30720/100000]
loss: 2.320047  [33280/100000]
loss: 2.083470  [35840/100000]
loss: 2.140679  [38400/100000]
loss: 2.284719  [40960/100000]
loss: 2.220929  [43520/100000]
loss: 2.259544  [46080/100000]
loss: 2.309230  [48640/100000]
loss: 2.062234  [51200/100000]
loss: 2.178414  [53760/100000]
loss: 2.327184  [56320/100000]
loss: 2.071242  [58880/100000]
loss: 2.120791  [61440/100000]
loss: 2.145707  [64000/100000]
loss: 2.229556  [66560/100000]
loss: 2.324439  [69120/100000]
loss: 2.308307  [71680/100000]
loss: 2.211599  [74240/100000]
loss: 2.277707  [76800/100000]
loss: 2.036662  [79360/100000]
loss: 2.206202  [81920/100000]
loss: 2.381842  [84480/100000]
loss: 2.112072  [87040/100000]
loss: 2.201345  [89600/100000]
loss: 2.044890  [92160/100000]
loss: 2.359647  [94720/100000]
loss: 2.268212  [97280/100000]
loss: 2.502789  [62400/100000]
Epoch 25 finished in 104.38 seconds

Epoch 26
-------------------------------
loss: 2.141652  [    0/100000]
loss: 2.120137  [ 2560/100000]
loss: 2.132119  [ 5120/100000]
loss: 2.115933  [ 7680/100000]
loss: 2.290941  [10240/100000]
loss: 2.264908  [12800/100000]
loss: 2.238182  [15360/100000]
loss: 2.102946  [17920/100000]
loss: 2.605780  [20480/100000]
loss: 2.152127  [23040/100000]
loss: 2.028238  [25600/100000]
loss: 2.053146  [28160/100000]
loss: 2.154037  [30720/100000]
loss: 2.191304  [33280/100000]
loss: 2.330198  [35840/100000]
loss: 2.448107  [38400/100000]
loss: 2.468484  [40960/100000]
loss: 2.198407  [43520/100000]
loss: 2.158100  [46080/100000]
loss: 2.085799  [48640/100000]
loss: 2.212379  [51200/100000]
loss: 2.032917  [53760/100000]
loss: 2.385158  [56320/100000]
loss: 2.088201  [58880/100000]
loss: 2.308896  [61440/100000]
loss: 2.204130  [64000/100000]
loss: 1.997678  [66560/100000]
loss: 2.211415  [69120/100000]
loss: 2.135994  [71680/100000]
loss: 2.012618  [74240/100000]
loss: 2.280104  [76800/100000]
loss: 2.145792  [79360/100000]
loss: 2.450980  [81920/100000]
loss: 2.015931  [84480/100000]
loss: 2.296855  [87040/100000]
loss: 2.292715  [89600/100000]
loss: 2.358480  [92160/100000]
loss: 2.271442  [94720/100000]
loss: 2.220867  [97280/100000]
loss: 1.998830  [62400/100000]
Epoch 26 finished in 104.47 seconds

Epoch 27
-------------------------------
loss: 1.967716  [    0/100000]
loss: 2.224785  [ 2560/100000]
loss: 2.055782  [ 5120/100000]
loss: 2.052712  [ 7680/100000]
loss: 2.082271  [10240/100000]
loss: 1.719970  [12800/100000]
loss: 2.022146  [15360/100000]
loss: 2.150258  [17920/100000]
loss: 2.061965  [20480/100000]
loss: 2.040528  [23040/100000]
loss: 1.951105  [25600/100000]
loss: 1.967016  [28160/100000]
loss: 2.061786  [30720/100000]
loss: 1.966583  [33280/100000]
loss: 1.953939  [35840/100000]
loss: 2.054188  [38400/100000]
loss: 2.169027  [40960/100000]
loss: 1.990065  [43520/100000]
loss: 2.142671  [46080/100000]
loss: 1.982197  [48640/100000]
loss: 2.285282  [51200/100000]
loss: 1.966214  [53760/100000]
loss: 2.389354  [56320/100000]
loss: 2.183325  [58880/100000]
loss: 1.845284  [61440/100000]
loss: 2.050713  [64000/100000]
loss: 2.115508  [66560/100000]
loss: 2.014203  [69120/100000]
loss: 2.309516  [71680/100000]
loss: 2.224072  [74240/100000]
loss: 2.228225  [76800/100000]
loss: 2.190914  [79360/100000]
loss: 2.114649  [81920/100000]
loss: 2.268732  [84480/100000]
loss: 1.995070  [87040/100000]
loss: 2.114666  [89600/100000]
loss: 1.886934  [92160/100000]
loss: 2.081438  [94720/100000]
loss: 2.284625  [97280/100000]
loss: 2.286293  [62400/100000]
Epoch 27 finished in 104.56 seconds

Epoch 28
-------------------------------
loss: 2.077991  [    0/100000]
loss: 1.798250  [ 2560/100000]
loss: 1.811001  [ 5120/100000]
loss: 1.957015  [ 7680/100000]
loss: 2.023448  [10240/100000]
loss: 1.933976  [12800/100000]
loss: 1.864290  [15360/100000]
loss: 1.832555  [17920/100000]
loss: 1.995186  [20480/100000]
loss: 2.052378  [23040/100000]
loss: 2.109164  [25600/100000]
loss: 1.891285  [28160/100000]
loss: 1.954491  [30720/100000]
loss: 2.094005  [33280/100000]
loss: 2.112478  [35840/100000]
loss: 2.209361  [38400/100000]
loss: 2.054818  [40960/100000]
loss: 2.155722  [43520/100000]
loss: 2.076779  [46080/100000]
loss: 2.181529  [48640/100000]
loss: 2.184570  [51200/100000]
loss: 2.103607  [53760/100000]
loss: 1.883953  [56320/100000]
loss: 2.276121  [58880/100000]
loss: 2.114995  [61440/100000]
loss: 2.122786  [64000/100000]
loss: 2.016602  [66560/100000]
loss: 2.127288  [69120/100000]
loss: 2.077746  [71680/100000]
loss: 2.148227  [74240/100000]
loss: 1.928826  [76800/100000]
loss: 2.044970  [79360/100000]
loss: 2.122556  [81920/100000]
loss: 1.970954  [84480/100000]
loss: 2.251073  [87040/100000]
loss: 2.146730  [89600/100000]
loss: 2.119140  [92160/100000]
loss: 2.136008  [94720/100000]
loss: 1.933619  [97280/100000]
loss: 1.945506  [62400/100000]
Epoch 28 finished in 104.45 seconds

Epoch 29
-------------------------------
loss: 1.813057  [    0/100000]
loss: 1.866157  [ 2560/100000]
loss: 1.801062  [ 5120/100000]
loss: 2.026933  [ 7680/100000]
loss: 1.823210  [10240/100000]
loss: 1.743333  [12800/100000]
loss: 1.749263  [15360/100000]
loss: 1.902928  [17920/100000]
loss: 1.830291  [20480/100000]
loss: 2.054039  [23040/100000]
loss: 1.829638  [25600/100000]
loss: 2.031881  [28160/100000]
loss: 1.646885  [30720/100000]
loss: 1.885605  [33280/100000]
loss: 2.038888  [35840/100000]
loss: 2.082891  [38400/100000]
loss: 1.960478  [40960/100000]
loss: 2.108655  [43520/100000]
loss: 1.800155  [46080/100000]
loss: 2.016030  [48640/100000]
loss: 1.969345  [51200/100000]
loss: 1.879859  [53760/100000]
loss: 2.207199  [56320/100000]
loss: 2.031395  [58880/100000]
loss: 1.899995  [61440/100000]
loss: 1.821014  [64000/100000]
loss: 1.933733  [66560/100000]
loss: 1.829637  [69120/100000]
loss: 1.915449  [71680/100000]
loss: 2.028360  [74240/100000]
loss: 2.145579  [76800/100000]
loss: 2.053151  [79360/100000]
loss: 2.042206  [81920/100000]
loss: 2.134743  [84480/100000]
loss: 2.197890  [87040/100000]
loss: 2.020639  [89600/100000]
loss: 2.136507  [92160/100000]
loss: 1.906589  [94720/100000]
loss: 2.028442  [97280/100000]
loss: 2.194633  [62400/100000]
Epoch 29 finished in 104.35 seconds

Epoch 30
-------------------------------
loss: 1.748027  [    0/100000]
loss: 1.615082  [ 2560/100000]
loss: 1.663700  [ 5120/100000]
loss: 1.791738  [ 7680/100000]
loss: 1.987711  [10240/100000]
loss: 1.812273  [12800/100000]
loss: 1.889892  [15360/100000]
loss: 1.854917  [17920/100000]
loss: 1.728826  [20480/100000]
loss: 1.980845  [23040/100000]
loss: 1.777294  [25600/100000]
loss: 1.956635  [28160/100000]
loss: 1.931127  [30720/100000]
loss: 1.907264  [33280/100000]
loss: 1.940359  [35840/100000]
loss: 2.013398  [38400/100000]
loss: 1.899091  [40960/100000]
loss: 1.893248  [43520/100000]
loss: 1.848278  [46080/100000]
loss: 1.818112  [48640/100000]
loss: 1.965417  [51200/100000]
loss: 1.772725  [53760/100000]
loss: 1.773294  [56320/100000]
loss: 1.678841  [58880/100000]
loss: 1.966207  [61440/100000]
loss: 1.941700  [64000/100000]
loss: 1.900076  [66560/100000]
loss: 1.931688  [69120/100000]
loss: 2.078990  [71680/100000]
loss: 1.930168  [74240/100000]
loss: 2.017046  [76800/100000]
loss: 1.852221  [79360/100000]
loss: 1.842686  [81920/100000]
loss: 2.105905  [84480/100000]
loss: 1.948730  [87040/100000]
loss: 2.091470  [89600/100000]
loss: 2.071987  [92160/100000]
loss: 1.978688  [94720/100000]
loss: 1.761864  [97280/100000]
loss: 1.862411  [62400/100000]
Epoch 30 finished in 104.47 seconds

Saved Loss Plot as loss_plot.png
Saved PyTorchModel State
Test Error: 
 Accuracy: 30.6%, Avg loss: 3.338715 

