nohup: ignoring input
--- Train Data ---
Shape of X [N, C, H, W]: torch.Size([256, 3, 64, 64])
Shape of y: torch.Size([256]) torch.int64

--- Test Data ---
Shape of X [N, C, H, W]: torch.Size([256, 3, 64, 64])
Shape of y: torch.Size([256]) torch.int64
Using device: cuda
VGGNet_A(
  (features): Sequential(
    (0): Conv2d(3, 64, kernel_size=(3, 3), stride=(1, 1), padding=(1, 1))
    (1): ReLU(inplace=True)
    (2): MaxPool2d(kernel_size=2, stride=2, padding=0, dilation=1, ceil_mode=False)
    (3): Conv2d(64, 128, kernel_size=(3, 3), stride=(1, 1), padding=(1, 1))
    (4): ReLU(inplace=True)
    (5): MaxPool2d(kernel_size=2, stride=2, padding=0, dilation=1, ceil_mode=False)
    (6): Conv2d(128, 256, kernel_size=(3, 3), stride=(1, 1), padding=(1, 1))
    (7): ReLU(inplace=True)
    (8): Conv2d(256, 256, kernel_size=(3, 3), stride=(1, 1), padding=(1, 1))
    (9): ReLU(inplace=True)
    (10): MaxPool2d(kernel_size=2, stride=2, padding=0, dilation=1, ceil_mode=False)
    (11): Conv2d(256, 512, kernel_size=(3, 3), stride=(1, 1), padding=(1, 1))
    (12): ReLU(inplace=True)
    (13): Conv2d(512, 512, kernel_size=(3, 3), stride=(1, 1), padding=(1, 1))
    (14): ReLU(inplace=True)
    (15): MaxPool2d(kernel_size=2, stride=2, padding=0, dilation=1, ceil_mode=False)
    (16): Conv2d(512, 512, kernel_size=(3, 3), stride=(1, 1), padding=(1, 1))
    (17): ReLU(inplace=True)
    (18): Conv2d(512, 512, kernel_size=(3, 3), stride=(1, 1), padding=(1, 1))
    (19): ReLU(inplace=True)
    (20): MaxPool2d(kernel_size=2, stride=2, padding=0, dilation=1, ceil_mode=False)
  )
  (classifier): Sequential(
    (0): Conv2d(512, 4096, kernel_size=(2, 2), stride=(1, 1))
    (1): ReLU(inplace=True)
    (2): Dropout2d(p=0.5, inplace=False)
    (3): Conv2d(4096, 4096, kernel_size=(1, 1), stride=(1, 1))
    (4): ReLU(inplace=True)
    (5): Dropout2d(p=0.5, inplace=False)
    (6): Conv2d(4096, 200, kernel_size=(1, 1), stride=(1, 1))
  )
)
Epoch 1
-------------------------------
loss: 5.567630  [    0/100000]
loss: 5.314034  [ 2560/100000]
loss: 5.303569  [ 5120/100000]
loss: 5.306911  [ 7680/100000]
loss: 5.302044  [10240/100000]
loss: 5.298717  [12800/100000]
loss: 5.302773  [15360/100000]
loss: 5.296748  [17920/100000]
loss: 5.301257  [20480/100000]
loss: 5.297137  [23040/100000]
loss: 5.295459  [25600/100000]
loss: 5.300499  [28160/100000]
loss: 5.300744  [30720/100000]
loss: 5.301261  [33280/100000]
loss: 5.291603  [35840/100000]
loss: 5.263658  [38400/100000]
loss: 5.234351  [40960/100000]
loss: 5.249608  [43520/100000]
loss: 5.233616  [46080/100000]
loss: 5.212069  [48640/100000]
loss: 5.298968  [51200/100000]
loss: 5.206234  [53760/100000]
loss: 5.191769  [56320/100000]
loss: 5.231710  [58880/100000]
loss: 5.187330  [61440/100000]
loss: 5.194773  [64000/100000]
loss: 5.136662  [66560/100000]
loss: 5.177792  [69120/100000]
loss: 5.204206  [71680/100000]
loss: 5.213424  [74240/100000]
loss: 5.201014  [76800/100000]
loss: 5.125474  [79360/100000]
loss: 5.139459  [81920/100000]
loss: 5.134212  [84480/100000]
loss: 5.148216  [87040/100000]
loss: 5.083218  [89600/100000]
loss: 5.119241  [92160/100000]
loss: 5.008680  [94720/100000]
loss: 5.097025  [97280/100000]
loss: 5.098186  [62400/100000]
Epoch 1 finished in 75.98 seconds

Epoch 2
-------------------------------
loss: 5.073245  [    0/100000]
loss: 5.037804  [ 2560/100000]
loss: 5.137613  [ 5120/100000]
loss: 5.080046  [ 7680/100000]
loss: 5.076019  [10240/100000]
loss: 5.103449  [12800/100000]
loss: 5.016084  [15360/100000]
loss: 5.045133  [17920/100000]
loss: 4.959034  [20480/100000]
loss: 5.031701  [23040/100000]
loss: 4.995096  [25600/100000]
loss: 5.010072  [28160/100000]
loss: 5.030959  [30720/100000]
loss: 5.016495  [33280/100000]
loss: 5.028962  [35840/100000]
loss: 4.964884  [38400/100000]
loss: 4.936244  [40960/100000]
loss: 5.024138  [43520/100000]
loss: 5.013455  [46080/100000]
loss: 4.962542  [48640/100000]
loss: 5.007362  [51200/100000]
loss: 4.937170  [53760/100000]
loss: 4.987552  [56320/100000]
loss: 4.958831  [58880/100000]
loss: 5.038053  [61440/100000]
loss: 4.961751  [64000/100000]
loss: 4.860414  [66560/100000]
loss: 4.934847  [69120/100000]
loss: 4.855836  [71680/100000]
loss: 4.935267  [74240/100000]
loss: 4.987063  [76800/100000]
loss: 4.883532  [79360/100000]
loss: 4.816652  [81920/100000]
loss: 4.887872  [84480/100000]
loss: 4.780675  [87040/100000]
loss: 4.921190  [89600/100000]
loss: 4.951281  [92160/100000]
loss: 4.902341  [94720/100000]
loss: 4.923272  [97280/100000]
loss: 4.818460  [62400/100000]
Epoch 2 finished in 75.64 seconds

Epoch 3
-------------------------------
loss: 4.785235  [    0/100000]
loss: 4.947963  [ 2560/100000]
loss: 4.873545  [ 5120/100000]
loss: 4.761491  [ 7680/100000]
loss: 4.767661  [10240/100000]
loss: 4.817792  [12800/100000]
loss: 4.748084  [15360/100000]
loss: 4.814980  [17920/100000]
loss: 4.701263  [20480/100000]
loss: 4.781844  [23040/100000]
loss: 4.717853  [25600/100000]
loss: 4.784867  [28160/100000]
loss: 4.813045  [30720/100000]
loss: 4.711547  [33280/100000]
loss: 4.673960  [35840/100000]
loss: 4.771064  [38400/100000]
loss: 4.760638  [40960/100000]
loss: 4.703750  [43520/100000]
loss: 4.676453  [46080/100000]
loss: 4.636939  [48640/100000]
loss: 4.887707  [51200/100000]
loss: 4.666352  [53760/100000]
loss: 4.628755  [56320/100000]
loss: 4.735557  [58880/100000]
loss: 4.728376  [61440/100000]
loss: 4.687510  [64000/100000]
loss: 4.612234  [66560/100000]
loss: 4.579159  [69120/100000]
loss: 4.542514  [71680/100000]
loss: 4.640574  [74240/100000]
loss: 4.589839  [76800/100000]
loss: 4.641654  [79360/100000]
loss: 4.726194  [81920/100000]
loss: 4.571487  [84480/100000]
loss: 4.548800  [87040/100000]
loss: 4.622159  [89600/100000]
loss: 4.617828  [92160/100000]
loss: 4.604576  [94720/100000]
loss: 4.631787  [97280/100000]
loss: 4.398311  [62400/100000]
Epoch 3 finished in 75.97 seconds

Epoch 4
-------------------------------
loss: 4.397679  [    0/100000]
loss: 4.561338  [ 2560/100000]
loss: 4.532022  [ 5120/100000]
loss: 4.517992  [ 7680/100000]
loss: 4.493913  [10240/100000]
loss: 4.392243  [12800/100000]
loss: 4.521651  [15360/100000]
loss: 4.436086  [17920/100000]
loss: 4.504691  [20480/100000]
loss: 4.520829  [23040/100000]
loss: 4.525367  [25600/100000]
loss: 4.476674  [28160/100000]
loss: 4.462485  [30720/100000]
loss: 4.367749  [33280/100000]
loss: 4.427965  [35840/100000]
loss: 4.388707  [38400/100000]
loss: 4.441068  [40960/100000]
loss: 4.413600  [43520/100000]
loss: 4.522858  [46080/100000]
loss: 4.308078  [48640/100000]
loss: 4.462762  [51200/100000]
loss: 4.238389  [53760/100000]
loss: 4.519528  [56320/100000]
loss: 4.412389  [58880/100000]
loss: 4.330866  [61440/100000]
loss: 4.367491  [64000/100000]
loss: 4.159107  [66560/100000]
loss: 4.429354  [69120/100000]
loss: 4.384399  [71680/100000]
loss: 4.263361  [74240/100000]
loss: 4.310471  [76800/100000]
loss: 4.425282  [79360/100000]
loss: 4.508699  [81920/100000]
loss: 4.214257  [84480/100000]
loss: 4.222021  [87040/100000]
loss: 4.199208  [89600/100000]
loss: 4.303549  [92160/100000]
loss: 4.161106  [94720/100000]
loss: 4.479731  [97280/100000]
loss: 4.241290  [62400/100000]
Epoch 4 finished in 75.95 seconds

Epoch 5
-------------------------------
loss: 4.303864  [    0/100000]
loss: 4.232944  [ 2560/100000]
loss: 4.225587  [ 5120/100000]
loss: 4.061701  [ 7680/100000]
loss: 4.291027  [10240/100000]
loss: 4.143508  [12800/100000]
loss: 4.206973  [15360/100000]
loss: 4.209237  [17920/100000]
loss: 4.244218  [20480/100000]
loss: 4.096598  [23040/100000]
loss: 4.184225  [25600/100000]
loss: 4.121933  [28160/100000]
loss: 4.144396  [30720/100000]
loss: 4.116273  [33280/100000]
loss: 4.236334  [35840/100000]
loss: 4.208911  [38400/100000]
loss: 4.238426  [40960/100000]
loss: 4.092828  [43520/100000]
loss: 4.177796  [46080/100000]
loss: 4.077191  [48640/100000]
loss: 4.225073  [51200/100000]
loss: 4.162728  [53760/100000]
loss: 4.307103  [56320/100000]
loss: 4.126755  [58880/100000]
loss: 4.007721  [61440/100000]
loss: 4.095055  [64000/100000]
loss: 4.089524  [66560/100000]
loss: 4.044049  [69120/100000]
loss: 3.902288  [71680/100000]
loss: 4.246872  [74240/100000]
loss: 4.026993  [76800/100000]
loss: 4.088717  [79360/100000]
loss: 4.017863  [81920/100000]
loss: 4.038949  [84480/100000]
loss: 3.892766  [87040/100000]
loss: 4.264488  [89600/100000]
loss: 3.897756  [92160/100000]
loss: 4.032128  [94720/100000]
loss: 3.856479  [97280/100000]
loss: 3.884707  [62400/100000]
Epoch 5 finished in 75.95 seconds

Epoch 6
-------------------------------
loss: 3.980260  [    0/100000]
loss: 3.883908  [ 2560/100000]
loss: 3.930547  [ 5120/100000]
loss: 4.114424  [ 7680/100000]
loss: 4.069429  [10240/100000]
loss: 4.089316  [12800/100000]
loss: 3.815178  [15360/100000]
loss: 4.024305  [17920/100000]
loss: 3.900975  [20480/100000]
loss: 3.857122  [23040/100000]
loss: 3.828247  [25600/100000]
loss: 3.888743  [28160/100000]
loss: 3.877995  [30720/100000]
loss: 3.966866  [33280/100000]
loss: 3.820938  [35840/100000]
loss: 3.959545  [38400/100000]
loss: 4.040032  [40960/100000]
loss: 3.933995  [43520/100000]
loss: 3.889842  [46080/100000]
loss: 3.847177  [48640/100000]
loss: 3.724624  [51200/100000]
loss: 3.859130  [53760/100000]
loss: 3.840872  [56320/100000]
loss: 3.772448  [58880/100000]
loss: 3.899836  [61440/100000]
loss: 3.822600  [64000/100000]
loss: 4.051432  [66560/100000]
loss: 3.794514  [69120/100000]
loss: 3.956956  [71680/100000]
loss: 3.785254  [74240/100000]
loss: 3.946695  [76800/100000]
loss: 3.911788  [79360/100000]
loss: 3.941269  [81920/100000]
loss: 3.857266  [84480/100000]
loss: 3.917886  [87040/100000]
loss: 3.899055  [89600/100000]
loss: 3.773713  [92160/100000]
loss: 3.818522  [94720/100000]
loss: 3.769582  [97280/100000]
loss: 3.966934  [62400/100000]
Epoch 6 finished in 75.92 seconds

Epoch 7
-------------------------------
loss: 3.838716  [    0/100000]
loss: 3.721170  [ 2560/100000]
loss: 3.622333  [ 5120/100000]
loss: 3.768317  [ 7680/100000]
loss: 4.174543  [10240/100000]
loss: 3.825457  [12800/100000]
loss: 3.804391  [15360/100000]
loss: 3.885816  [17920/100000]
loss: 3.732462  [20480/100000]
loss: 3.964498  [23040/100000]
loss: 3.669796  [25600/100000]
loss: 3.854012  [28160/100000]
loss: 3.681242  [30720/100000]
loss: 3.708478  [33280/100000]
loss: 3.853550  [35840/100000]
loss: 3.842685  [38400/100000]
loss: 3.804622  [40960/100000]
loss: 3.905513  [43520/100000]
loss: 3.903606  [46080/100000]
loss: 3.815656  [48640/100000]
loss: 3.890216  [51200/100000]
loss: 3.634173  [53760/100000]
loss: 3.692911  [56320/100000]
loss: 3.929577  [58880/100000]
loss: 3.702249  [61440/100000]
loss: 3.595371  [64000/100000]
loss: 3.793857  [66560/100000]
loss: 3.792985  [69120/100000]
loss: 3.552575  [71680/100000]
loss: 3.705558  [74240/100000]
loss: 3.558522  [76800/100000]
loss: 3.757236  [79360/100000]
loss: 3.583694  [81920/100000]
loss: 3.502996  [84480/100000]
loss: 3.436774  [87040/100000]
loss: 3.617059  [89600/100000]
loss: 3.793427  [92160/100000]
loss: 3.571314  [94720/100000]
loss: 3.718369  [97280/100000]
loss: 3.825869  [62400/100000]
Epoch 7 finished in 75.95 seconds

Epoch 8
-------------------------------
loss: 3.670515  [    0/100000]
loss: 3.504189  [ 2560/100000]
loss: 3.700974  [ 5120/100000]
loss: 3.494761  [ 7680/100000]
loss: 3.485992  [10240/100000]
loss: 3.672488  [12800/100000]
loss: 3.562332  [15360/100000]
loss: 3.393881  [17920/100000]
loss: 3.407434  [20480/100000]
loss: 3.589428  [23040/100000]
loss: 3.770741  [25600/100000]
loss: 3.603634  [28160/100000]
loss: 3.660892  [30720/100000]
loss: 3.389521  [33280/100000]
loss: 3.564373  [35840/100000]
loss: 3.675368  [38400/100000]
loss: 3.361107  [40960/100000]
loss: 3.369492  [43520/100000]
loss: 3.382503  [46080/100000]
loss: 3.642600  [48640/100000]
loss: 3.698564  [51200/100000]
loss: 3.525436  [53760/100000]
loss: 3.587482  [56320/100000]
loss: 3.662664  [58880/100000]
loss: 3.443144  [61440/100000]
loss: 3.500539  [64000/100000]
loss: 3.429079  [66560/100000]
loss: 3.444237  [69120/100000]
loss: 3.496284  [71680/100000]
loss: 3.562396  [74240/100000]
loss: 3.564600  [76800/100000]
loss: 3.519930  [79360/100000]
loss: 3.451740  [81920/100000]
loss: 3.450153  [84480/100000]
loss: 3.520464  [87040/100000]
loss: 3.471491  [89600/100000]
loss: 3.474263  [92160/100000]
loss: 3.537086  [94720/100000]
loss: 3.566636  [97280/100000]
loss: 3.452697  [62400/100000]
Epoch 8 finished in 76.02 seconds

Epoch 9
-------------------------------
loss: 3.512810  [    0/100000]
loss: 3.497656  [ 2560/100000]
loss: 3.345088  [ 5120/100000]
loss: 3.379048  [ 7680/100000]
loss: 3.567219  [10240/100000]
loss: 3.362659  [12800/100000]
loss: 3.375707  [15360/100000]
loss: 3.535405  [17920/100000]
loss: 3.471152  [20480/100000]
loss: 3.387323  [23040/100000]
loss: 3.449404  [25600/100000]
loss: 3.459837  [28160/100000]
loss: 3.574497  [30720/100000]
loss: 3.588402  [33280/100000]
loss: 3.398524  [35840/100000]
loss: 3.237892  [38400/100000]
loss: 3.375397  [40960/100000]
loss: 3.479239  [43520/100000]
loss: 3.505425  [46080/100000]
loss: 3.369794  [48640/100000]
loss: 3.498149  [51200/100000]
loss: 3.404253  [53760/100000]
loss: 3.413698  [56320/100000]
loss: 3.483617  [58880/100000]
loss: 3.597104  [61440/100000]
loss: 3.314071  [64000/100000]
loss: 3.492035  [66560/100000]
loss: 3.479837  [69120/100000]
loss: 3.309497  [71680/100000]
loss: 3.416720  [74240/100000]
loss: 3.604522  [76800/100000]
loss: 3.381565  [79360/100000]
loss: 3.357983  [81920/100000]
loss: 3.262975  [84480/100000]
loss: 3.043621  [87040/100000]
loss: 3.273539  [89600/100000]
loss: 3.263261  [92160/100000]
loss: 3.264589  [94720/100000]
loss: 3.359234  [97280/100000]
loss: 3.554695  [62400/100000]
Epoch 9 finished in 75.92 seconds

Epoch 10
-------------------------------
loss: 3.268037  [    0/100000]
loss: 3.295309  [ 2560/100000]
loss: 3.363366  [ 5120/100000]
loss: 3.078229  [ 7680/100000]
loss: 3.183855  [10240/100000]
loss: 3.378639  [12800/100000]
loss: 2.972896  [15360/100000]
loss: 3.183819  [17920/100000]
loss: 3.541480  [20480/100000]
loss: 3.186737  [23040/100000]
loss: 3.177210  [25600/100000]
loss: 3.328053  [28160/100000]
loss: 3.258773  [30720/100000]
loss: 3.457380  [33280/100000]
loss: 3.114157  [35840/100000]
loss: 3.284495  [38400/100000]
loss: 3.210609  [40960/100000]
loss: 3.385995  [43520/100000]
loss: 3.173584  [46080/100000]
loss: 3.277343  [48640/100000]
loss: 3.270791  [51200/100000]
loss: 3.110607  [53760/100000]
loss: 3.442301  [56320/100000]
loss: 3.253934  [58880/100000]
loss: 3.357972  [61440/100000]
loss: 3.361412  [64000/100000]
loss: 3.382811  [66560/100000]
loss: 3.232067  [69120/100000]
loss: 3.132603  [71680/100000]
loss: 3.181757  [74240/100000]
loss: 3.205774  [76800/100000]
loss: 3.110703  [79360/100000]
loss: 3.127738  [81920/100000]
loss: 3.101146  [84480/100000]
loss: 3.294325  [87040/100000]
loss: 3.332967  [89600/100000]
loss: 3.246953  [92160/100000]
loss: 3.211090  [94720/100000]
loss: 3.282123  [97280/100000]
loss: 3.348506  [62400/100000]
Epoch 10 finished in 75.96 seconds

Epoch 11
-------------------------------
loss: 3.210611  [    0/100000]
loss: 2.954855  [ 2560/100000]
loss: 3.117682  [ 5120/100000]
loss: 2.957358  [ 7680/100000]
loss: 3.269222  [10240/100000]
loss: 3.146646  [12800/100000]
loss: 3.061436  [15360/100000]
loss: 3.211793  [17920/100000]
loss: 3.133252  [20480/100000]
loss: 3.067297  [23040/100000]
loss: 3.160249  [25600/100000]
loss: 2.931305  [28160/100000]
loss: 2.995527  [30720/100000]
loss: 3.048912  [33280/100000]
loss: 3.086078  [35840/100000]
loss: 3.280836  [38400/100000]
loss: 3.194793  [40960/100000]
loss: 3.131314  [43520/100000]
loss: 3.007422  [46080/100000]
loss: 3.120168  [48640/100000]
loss: 3.237317  [51200/100000]
loss: 3.022222  [53760/100000]
loss: 3.239659  [56320/100000]
loss: 3.150200  [58880/100000]
loss: 3.385680  [61440/100000]
loss: 3.169861  [64000/100000]
loss: 3.066176  [66560/100000]
loss: 3.178754  [69120/100000]
loss: 2.973398  [71680/100000]
loss: 3.034222  [74240/100000]
loss: 3.112615  [76800/100000]
loss: 3.149508  [79360/100000]
loss: 3.134204  [81920/100000]
loss: 2.870920  [84480/100000]
loss: 3.184673  [87040/100000]
loss: 3.008390  [89600/100000]
loss: 2.994720  [92160/100000]
loss: 3.160710  [94720/100000]
loss: 2.897527  [97280/100000]
loss: 3.089022  [62400/100000]
Epoch 11 finished in 75.94 seconds

Epoch 12
-------------------------------
loss: 2.982122  [    0/100000]
loss: 2.668528  [ 2560/100000]
loss: 3.174687  [ 5120/100000]
loss: 3.081102  [ 7680/100000]
loss: 2.987105  [10240/100000]
loss: 2.644407  [12800/100000]
loss: 3.137447  [15360/100000]
loss: 2.943512  [17920/100000]
loss: 3.022717  [20480/100000]
loss: 2.942573  [23040/100000]
loss: 3.194605  [25600/100000]
loss: 2.712847  [28160/100000]
loss: 2.929181  [30720/100000]
loss: 3.124664  [33280/100000]
loss: 3.019233  [35840/100000]
loss: 2.911198  [38400/100000]
loss: 2.840694  [40960/100000]
loss: 2.756819  [43520/100000]
loss: 2.955043  [46080/100000]
loss: 2.902370  [48640/100000]
loss: 3.132249  [51200/100000]
loss: 3.117931  [53760/100000]
loss: 2.983750  [56320/100000]
loss: 3.060012  [58880/100000]
loss: 2.869604  [61440/100000]
loss: 3.142325  [64000/100000]
loss: 3.010690  [66560/100000]
loss: 3.050855  [69120/100000]
loss: 3.132339  [71680/100000]
loss: 2.916568  [74240/100000]
loss: 2.871067  [76800/100000]
loss: 3.084458  [79360/100000]
loss: 3.085199  [81920/100000]
loss: 3.000160  [84480/100000]
loss: 2.982407  [87040/100000]
loss: 2.853222  [89600/100000]
loss: 2.976783  [92160/100000]
loss: 2.826327  [94720/100000]
loss: 2.741692  [97280/100000]
loss: 2.993319  [62400/100000]
Epoch 12 finished in 75.94 seconds

Epoch 13
-------------------------------
loss: 2.933496  [    0/100000]
loss: 2.888608  [ 2560/100000]
loss: 3.001501  [ 5120/100000]
loss: 3.041422  [ 7680/100000]
loss: 2.980258  [10240/100000]
loss: 2.754882  [12800/100000]
loss: 2.994662  [15360/100000]
loss: 2.901993  [17920/100000]
loss: 2.766348  [20480/100000]
loss: 3.028099  [23040/100000]
loss: 3.146458  [25600/100000]
loss: 3.035476  [28160/100000]
loss: 2.753631  [30720/100000]
loss: 2.854202  [33280/100000]
loss: 3.019969  [35840/100000]
loss: 2.810946  [38400/100000]
loss: 2.938170  [40960/100000]
loss: 3.147896  [43520/100000]
loss: 3.008756  [46080/100000]
loss: 2.937949  [48640/100000]
loss: 2.612743  [51200/100000]
loss: 2.837946  [53760/100000]
loss: 2.948079  [56320/100000]
loss: 2.650212  [58880/100000]
loss: 2.901291  [61440/100000]
loss: 2.653613  [64000/100000]
loss: 2.879163  [66560/100000]
loss: 2.908257  [69120/100000]
loss: 2.960826  [71680/100000]
loss: 2.936149  [74240/100000]
loss: 2.765810  [76800/100000]
loss: 3.108245  [79360/100000]
loss: 2.879662  [81920/100000]
loss: 2.823525  [84480/100000]
loss: 3.035936  [87040/100000]
loss: 2.852837  [89600/100000]
loss: 2.692469  [92160/100000]
loss: 2.984035  [94720/100000]
loss: 2.676229  [97280/100000]
loss: 2.834146  [62400/100000]
Epoch 13 finished in 75.91 seconds

Epoch 14
-------------------------------
loss: 2.902052  [    0/100000]
loss: 2.900939  [ 2560/100000]
loss: 2.770609  [ 5120/100000]
loss: 2.854857  [ 7680/100000]
loss: 2.643398  [10240/100000]
loss: 2.791236  [12800/100000]
loss: 2.860563  [15360/100000]
loss: 2.762702  [17920/100000]
loss: 2.738637  [20480/100000]
loss: 2.610415  [23040/100000]
loss: 2.716817  [25600/100000]
loss: 2.786955  [28160/100000]
loss: 2.840337  [30720/100000]
loss: 2.880821  [33280/100000]
loss: 2.755816  [35840/100000]
loss: 2.798418  [38400/100000]
loss: 2.642386  [40960/100000]
loss: 2.830795  [43520/100000]
loss: 2.857341  [46080/100000]
loss: 2.841798  [48640/100000]
loss: 2.600829  [51200/100000]
loss: 2.728396  [53760/100000]
loss: 2.776498  [56320/100000]
loss: 2.880889  [58880/100000]
loss: 2.860291  [61440/100000]
loss: 2.703683  [64000/100000]
loss: 2.599849  [66560/100000]
loss: 2.741535  [69120/100000]
loss: 2.713130  [71680/100000]
loss: 2.903762  [74240/100000]
loss: 2.785136  [76800/100000]
loss: 2.809883  [79360/100000]
loss: 2.756607  [81920/100000]
loss: 2.770955  [84480/100000]
loss: 2.679219  [87040/100000]
loss: 2.686213  [89600/100000]
loss: 2.572319  [92160/100000]
loss: 2.789738  [94720/100000]
loss: 2.532317  [97280/100000]
loss: 2.574423  [62400/100000]
Epoch 14 finished in 75.93 seconds

Epoch 15
-------------------------------
loss: 2.516284  [    0/100000]
loss: 2.833492  [ 2560/100000]
loss: 2.673855  [ 5120/100000]
loss: 2.708001  [ 7680/100000]
loss: 2.597706  [10240/100000]
loss: 2.443938  [12800/100000]
loss: 2.566707  [15360/100000]
loss: 2.671596  [17920/100000]
loss: 2.555179  [20480/100000]
loss: 2.862355  [23040/100000]
loss: 2.696614  [25600/100000]
loss: 2.701711  [28160/100000]
loss: 2.622808  [30720/100000]
loss: 2.747650  [33280/100000]
loss: 2.752587  [35840/100000]
loss: 2.671106  [38400/100000]
loss: 2.568344  [40960/100000]
loss: 2.704399  [43520/100000]
loss: 2.707997  [46080/100000]
loss: 2.816977  [48640/100000]
loss: 2.539741  [51200/100000]
loss: 2.430310  [53760/100000]
loss: 2.770257  [56320/100000]
loss: 2.816081  [58880/100000]
loss: 2.601500  [61440/100000]
loss: 2.554920  [64000/100000]
loss: 2.548180  [66560/100000]
loss: 2.604594  [69120/100000]
loss: 2.748505  [71680/100000]
loss: 2.719209  [74240/100000]
loss: 2.680738  [76800/100000]
loss: 2.686141  [79360/100000]
loss: 2.636856  [81920/100000]
loss: 2.734318  [84480/100000]
loss: 2.592805  [87040/100000]
loss: 2.640135  [89600/100000]
loss: 2.675096  [92160/100000]
loss: 2.422191  [94720/100000]
loss: 2.620487  [97280/100000]
loss: 2.446978  [62400/100000]
Epoch 15 finished in 75.83 seconds

Epoch 16
-------------------------------
loss: 2.628227  [    0/100000]
loss: 2.508565  [ 2560/100000]
loss: 2.484731  [ 5120/100000]
loss: 2.520572  [ 7680/100000]
loss: 2.713110  [10240/100000]
loss: 2.508216  [12800/100000]
loss: 2.617512  [15360/100000]
loss: 2.629349  [17920/100000]
loss: 2.714533  [20480/100000]
loss: 2.571200  [23040/100000]
loss: 2.595766  [25600/100000]
loss: 2.453390  [28160/100000]
loss: 2.754680  [30720/100000]
loss: 2.499709  [33280/100000]
loss: 2.777596  [35840/100000]
loss: 2.520599  [38400/100000]
loss: 2.431445  [40960/100000]
loss: 2.680967  [43520/100000]
loss: 2.544667  [46080/100000]
loss: 2.640587  [48640/100000]
loss: 2.521714  [51200/100000]
loss: 2.478777  [53760/100000]
loss: 2.681498  [56320/100000]
loss: 2.351371  [58880/100000]
loss: 2.707387  [61440/100000]
loss: 2.491821  [64000/100000]
loss: 2.516663  [66560/100000]
loss: 2.575446  [69120/100000]
loss: 2.452565  [71680/100000]
loss: 2.279293  [74240/100000]
loss: 2.534253  [76800/100000]
loss: 2.694894  [79360/100000]
loss: 2.508889  [81920/100000]
loss: 2.734958  [84480/100000]
loss: 2.608035  [87040/100000]
loss: 2.696754  [89600/100000]
loss: 2.568696  [92160/100000]
loss: 2.274139  [94720/100000]
loss: 2.374743  [97280/100000]
loss: 2.395107  [62400/100000]
Epoch 16 finished in 75.85 seconds

Epoch 17
-------------------------------
loss: 2.455678  [    0/100000]
loss: 2.727452  [ 2560/100000]
loss: 2.311711  [ 5120/100000]
loss: 2.269195  [ 7680/100000]
loss: 2.414888  [10240/100000]
loss: 2.543951  [12800/100000]
loss: 2.371301  [15360/100000]
loss: 2.244067  [17920/100000]
loss: 2.443568  [20480/100000]
loss: 2.507367  [23040/100000]
loss: 2.366369  [25600/100000]
loss: 2.549154  [28160/100000]
loss: 2.416627  [30720/100000]
loss: 2.457764  [33280/100000]
loss: 2.532243  [35840/100000]
loss: 2.520542  [38400/100000]
loss: 2.349139  [40960/100000]
loss: 2.264616  [43520/100000]
loss: 2.350424  [46080/100000]
loss: 2.471500  [48640/100000]
loss: 2.465574  [51200/100000]
loss: 2.549030  [53760/100000]
loss: 2.463897  [56320/100000]
loss: 2.303246  [58880/100000]
loss: 2.662629  [61440/100000]
loss: 2.513445  [64000/100000]
loss: 2.448673  [66560/100000]
loss: 2.495830  [69120/100000]
loss: 2.399091  [71680/100000]
loss: 2.409986  [74240/100000]
loss: 2.471009  [76800/100000]
loss: 2.366380  [79360/100000]
loss: 2.503684  [81920/100000]
loss: 2.365341  [84480/100000]
loss: 2.114578  [87040/100000]
loss: 2.522501  [89600/100000]
loss: 2.411604  [92160/100000]
loss: 2.385713  [94720/100000]
loss: 2.359889  [97280/100000]
loss: 2.471200  [62400/100000]
Epoch 17 finished in 75.86 seconds

Epoch 18
-------------------------------
loss: 2.537061  [    0/100000]
loss: 2.168284  [ 2560/100000]
loss: 2.305086  [ 5120/100000]
loss: 2.257526  [ 7680/100000]
loss: 2.389876  [10240/100000]
loss: 2.269400  [12800/100000]
loss: 2.492665  [15360/100000]
loss: 2.521173  [17920/100000]
loss: 2.458346  [20480/100000]
loss: 2.189826  [23040/100000]
loss: 2.138769  [25600/100000]
loss: 2.117600  [28160/100000]
loss: 2.416105  [30720/100000]
loss: 2.466367  [33280/100000]
loss: 2.394010  [35840/100000]
loss: 2.205739  [38400/100000]
loss: 2.267079  [40960/100000]
loss: 2.352829  [43520/100000]
loss: 2.119125  [46080/100000]
loss: 2.248788  [48640/100000]
loss: 2.246129  [51200/100000]
loss: 2.259868  [53760/100000]
loss: 2.434888  [56320/100000]
loss: 2.214978  [58880/100000]
loss: 2.256395  [61440/100000]
loss: 2.278399  [64000/100000]
loss: 2.221065  [66560/100000]
loss: 2.286160  [69120/100000]
loss: 2.305351  [71680/100000]
loss: 2.225053  [74240/100000]
loss: 2.429217  [76800/100000]
loss: 2.497291  [79360/100000]
loss: 2.377323  [81920/100000]
loss: 2.217612  [84480/100000]
loss: 2.299236  [87040/100000]
loss: 2.439820  [89600/100000]
loss: 2.487658  [92160/100000]
loss: 2.545814  [94720/100000]
loss: 2.603323  [97280/100000]
loss: 2.574102  [62400/100000]
Epoch 18 finished in 75.75 seconds

Epoch 19
-------------------------------
loss: 2.146028  [    0/100000]
loss: 2.244592  [ 2560/100000]
loss: 2.409857  [ 5120/100000]
loss: 2.384138  [ 7680/100000]
loss: 2.404489  [10240/100000]
loss: 2.178993  [12800/100000]
loss: 2.314963  [15360/100000]
loss: 2.301641  [17920/100000]
loss: 1.994984  [20480/100000]
loss: 2.212762  [23040/100000]
loss: 2.086218  [25600/100000]
loss: 2.173819  [28160/100000]
loss: 2.287706  [30720/100000]
loss: 2.346348  [33280/100000]
loss: 2.222997  [35840/100000]
loss: 2.413253  [38400/100000]
loss: 2.247002  [40960/100000]
loss: 2.355920  [43520/100000]
loss: 2.199266  [46080/100000]
loss: 2.278739  [48640/100000]
loss: 2.266556  [51200/100000]
loss: 2.287724  [53760/100000]
loss: 2.263371  [56320/100000]
loss: 2.115179  [58880/100000]
loss: 2.219446  [61440/100000]
loss: 2.262697  [64000/100000]
loss: 2.090006  [66560/100000]
loss: 2.179145  [69120/100000]
loss: 1.976103  [71680/100000]
loss: 2.470254  [74240/100000]
loss: 2.344211  [76800/100000]
loss: 2.240000  [79360/100000]
loss: 2.118099  [81920/100000]
loss: 2.299151  [84480/100000]
loss: 2.472210  [87040/100000]
loss: 2.208640  [89600/100000]
loss: 2.431010  [92160/100000]
loss: 2.421275  [94720/100000]
loss: 2.502471  [97280/100000]
loss: 2.537331  [62400/100000]
Epoch 19 finished in 75.60 seconds

Epoch 20
-------------------------------
loss: 2.077513  [    0/100000]
loss: 2.365589  [ 2560/100000]
loss: 2.352136  [ 5120/100000]
loss: 2.279309  [ 7680/100000]
loss: 2.131226  [10240/100000]
loss: 2.089957  [12800/100000]
loss: 2.191176  [15360/100000]
loss: 2.154321  [17920/100000]
loss: 2.132565  [20480/100000]
loss: 2.269078  [23040/100000]
loss: 2.296492  [25600/100000]
loss: 2.152272  [28160/100000]
loss: 2.143369  [30720/100000]
loss: 2.231400  [33280/100000]
loss: 2.181798  [35840/100000]
loss: 2.338783  [38400/100000]
loss: 2.172756  [40960/100000]
loss: 2.306504  [43520/100000]
loss: 2.172898  [46080/100000]
loss: 1.938729  [48640/100000]
loss: 2.299426  [51200/100000]
loss: 2.187423  [53760/100000]
loss: 2.198537  [56320/100000]
loss: 2.091645  [58880/100000]
loss: 2.372053  [61440/100000]
loss: 2.143141  [64000/100000]
loss: 2.205033  [66560/100000]
loss: 2.390437  [69120/100000]
loss: 2.318130  [71680/100000]
loss: 2.040620  [74240/100000]
loss: 2.411290  [76800/100000]
loss: 1.869135  [79360/100000]
loss: 2.307476  [81920/100000]
loss: 2.034477  [84480/100000]
loss: 2.333338  [87040/100000]
loss: 2.279914  [89600/100000]
loss: 2.367944  [92160/100000]
loss: 2.224540  [94720/100000]
loss: 2.300688  [97280/100000]
loss: 2.094912  [62400/100000]
Epoch 20 finished in 75.85 seconds

Epoch 21
-------------------------------
loss: 2.093128  [    0/100000]
loss: 2.167099  [ 2560/100000]
loss: 1.936879  [ 5120/100000]
loss: 1.962528  [ 7680/100000]
loss: 1.899149  [10240/100000]
loss: 2.109228  [12800/100000]
loss: 1.979627  [15360/100000]
loss: 1.992199  [17920/100000]
loss: 2.105494  [20480/100000]
loss: 2.111185  [23040/100000]
loss: 2.023889  [25600/100000]
loss: 2.097378  [28160/100000]
loss: 1.982715  [30720/100000]
loss: 2.007533  [33280/100000]
loss: 1.919604  [35840/100000]
loss: 2.034068  [38400/100000]
loss: 2.249133  [40960/100000]
loss: 2.163061  [43520/100000]
loss: 2.237671  [46080/100000]
loss: 2.146393  [48640/100000]
loss: 2.177105  [51200/100000]
loss: 2.034262  [53760/100000]
loss: 2.141413  [56320/100000]
loss: 1.895442  [58880/100000]
loss: 2.234761  [61440/100000]
loss: 1.978657  [64000/100000]
loss: 2.274573  [66560/100000]
loss: 2.204337  [69120/100000]
loss: 2.156079  [71680/100000]
loss: 2.345482  [74240/100000]
loss: 2.010729  [76800/100000]
loss: 1.857996  [79360/100000]
loss: 2.113539  [81920/100000]
loss: 1.940279  [84480/100000]
loss: 2.207200  [87040/100000]
loss: 1.983577  [89600/100000]
loss: 2.165371  [92160/100000]
loss: 2.199043  [94720/100000]
loss: 2.135613  [97280/100000]
loss: 2.211909  [62400/100000]
Epoch 21 finished in 75.82 seconds

Epoch 22
-------------------------------
loss: 1.856985  [    0/100000]
loss: 1.837624  [ 2560/100000]
loss: 1.874043  [ 5120/100000]
loss: 1.949327  [ 7680/100000]
loss: 1.908393  [10240/100000]
loss: 1.877809  [12800/100000]
loss: 2.134134  [15360/100000]
loss: 2.252682  [17920/100000]
loss: 2.069089  [20480/100000]
loss: 2.052538  [23040/100000]
loss: 1.870968  [25600/100000]
loss: 2.104404  [28160/100000]
loss: 1.982898  [30720/100000]
loss: 2.050108  [33280/100000]
loss: 2.159526  [35840/100000]
loss: 2.067862  [38400/100000]
loss: 2.005542  [40960/100000]
loss: 2.053838  [43520/100000]
loss: 1.959639  [46080/100000]
loss: 2.338721  [48640/100000]
loss: 2.102636  [51200/100000]
loss: 1.769887  [53760/100000]
loss: 1.981046  [56320/100000]
loss: 2.043061  [58880/100000]
loss: 1.998886  [61440/100000]
loss: 1.872263  [64000/100000]
loss: 1.994585  [66560/100000]
loss: 2.269163  [69120/100000]
loss: 2.030970  [71680/100000]
loss: 2.077059  [74240/100000]
loss: 2.029106  [76800/100000]
loss: 2.284568  [79360/100000]
loss: 2.054091  [81920/100000]
loss: 1.868091  [84480/100000]
loss: 1.986301  [87040/100000]
loss: 2.177114  [89600/100000]
loss: 2.058367  [92160/100000]
loss: 2.090199  [94720/100000]
loss: 1.875790  [97280/100000]
loss: 2.473535  [62400/100000]
Epoch 22 finished in 75.83 seconds

Epoch 23
-------------------------------
loss: 1.854101  [    0/100000]
loss: 1.826812  [ 2560/100000]
loss: 1.915653  [ 5120/100000]
loss: 1.921261  [ 7680/100000]
loss: 1.839076  [10240/100000]
loss: 2.018704  [12800/100000]
loss: 1.835969  [15360/100000]
loss: 1.901562  [17920/100000]
loss: 1.730852  [20480/100000]
loss: 1.682323  [23040/100000]
loss: 1.900139  [25600/100000]
loss: 1.833273  [28160/100000]
loss: 1.974576  [30720/100000]
loss: 2.051945  [33280/100000]
loss: 1.875888  [35840/100000]
loss: 1.876087  [38400/100000]
loss: 1.947627  [40960/100000]
loss: 2.023355  [43520/100000]
loss: 1.834773  [46080/100000]
loss: 1.790847  [48640/100000]
loss: 1.957921  [51200/100000]
loss: 1.895907  [53760/100000]
loss: 1.844688  [56320/100000]
loss: 1.711669  [58880/100000]
loss: 1.849393  [61440/100000]
loss: 1.934776  [64000/100000]
loss: 1.968767  [66560/100000]
loss: 2.097060  [69120/100000]
loss: 1.966790  [71680/100000]
loss: 2.085559  [74240/100000]
loss: 2.244472  [76800/100000]
loss: 2.073434  [79360/100000]
loss: 1.906720  [81920/100000]
loss: 1.992721  [84480/100000]
loss: 2.051803  [87040/100000]
loss: 2.141039  [89600/100000]
loss: 2.113002  [92160/100000]
loss: 1.990736  [94720/100000]
loss: 1.965385  [97280/100000]
loss: 2.060056  [62400/100000]
Epoch 23 finished in 75.80 seconds

Epoch 24
-------------------------------
loss: 1.898365  [    0/100000]
loss: 1.768503  [ 2560/100000]
loss: 1.668788  [ 5120/100000]
loss: 1.763992  [ 7680/100000]
loss: 1.649633  [10240/100000]
loss: 1.791816  [12800/100000]
loss: 1.774906  [15360/100000]
loss: 1.840240  [17920/100000]
loss: 1.967944  [20480/100000]
loss: 1.719802  [23040/100000]
loss: 2.022698  [25600/100000]
loss: 1.870826  [28160/100000]
loss: 1.919523  [30720/100000]
loss: 1.962707  [33280/100000]
loss: 1.861461  [35840/100000]
loss: 1.876803  [38400/100000]
loss: 1.835535  [40960/100000]
loss: 1.947729  [43520/100000]
loss: 1.949656  [46080/100000]
loss: 1.975569  [48640/100000]
loss: 1.712062  [51200/100000]
loss: 1.742998  [53760/100000]
loss: 1.800154  [56320/100000]
loss: 2.049881  [58880/100000]
loss: 1.923229  [61440/100000]
loss: 1.823090  [64000/100000]
loss: 1.899726  [66560/100000]
loss: 2.096948  [69120/100000]
loss: 1.897031  [71680/100000]
loss: 2.140953  [74240/100000]
loss: 1.950413  [76800/100000]
loss: 1.726705  [79360/100000]
loss: 2.015425  [81920/100000]
loss: 1.784299  [84480/100000]
loss: 1.976971  [87040/100000]
loss: 1.927245  [89600/100000]
loss: 1.796857  [92160/100000]
loss: 1.732347  [94720/100000]
loss: 2.074086  [97280/100000]
loss: 2.208418  [62400/100000]
Epoch 24 finished in 75.87 seconds

Epoch 25
-------------------------------
loss: 1.661005  [    0/100000]
loss: 1.524657  [ 2560/100000]
loss: 1.681206  [ 5120/100000]
loss: 1.842105  [ 7680/100000]
loss: 1.624968  [10240/100000]
loss: 1.820486  [12800/100000]
loss: 1.971571  [15360/100000]
loss: 1.735737  [17920/100000]
loss: 1.998630  [20480/100000]
loss: 1.827031  [23040/100000]
loss: 1.776504  [25600/100000]
loss: 1.905666  [28160/100000]
loss: 1.837612  [30720/100000]
loss: 1.636673  [33280/100000]
loss: 1.776677  [35840/100000]
loss: 1.554718  [38400/100000]
loss: 1.910774  [40960/100000]
loss: 1.710045  [43520/100000]
loss: 1.983723  [46080/100000]
loss: 1.733226  [48640/100000]
loss: 1.874203  [51200/100000]
loss: 1.788686  [53760/100000]
loss: 1.669378  [56320/100000]
loss: 1.972012  [58880/100000]
loss: 1.913563  [61440/100000]
loss: 1.889998  [64000/100000]
loss: 1.855355  [66560/100000]
loss: 1.925822  [69120/100000]
loss: 1.971729  [71680/100000]
loss: 1.596037  [74240/100000]
loss: 1.957392  [76800/100000]
loss: 1.883515  [79360/100000]
loss: 1.996655  [81920/100000]
loss: 1.682867  [84480/100000]
loss: 1.829728  [87040/100000]
loss: 1.722287  [89600/100000]
loss: 2.002352  [92160/100000]
loss: 1.850611  [94720/100000]
loss: 1.853817  [97280/100000]
loss: 1.948049  [62400/100000]
Epoch 25 finished in 75.87 seconds

Epoch 26
-------------------------------
loss: 1.622165  [    0/100000]
loss: 1.469757  [ 2560/100000]
loss: 1.730355  [ 5120/100000]
loss: 1.613451  [ 7680/100000]
loss: 1.539017  [10240/100000]
loss: 1.791086  [12800/100000]
loss: 1.720868  [15360/100000]
loss: 1.731571  [17920/100000]
loss: 1.795638  [20480/100000]
loss: 1.729410  [23040/100000]
loss: 1.557944  [25600/100000]
loss: 1.777493  [28160/100000]
loss: 1.754504  [30720/100000]
loss: 1.758297  [33280/100000]
loss: 1.560827  [35840/100000]
loss: 1.574687  [38400/100000]
loss: 1.514850  [40960/100000]
loss: 1.788972  [43520/100000]
loss: 1.753790  [46080/100000]
loss: 1.541189  [48640/100000]
loss: 1.785759  [51200/100000]
loss: 1.747941  [53760/100000]
loss: 1.869880  [56320/100000]
loss: 1.549028  [58880/100000]
loss: 1.769593  [61440/100000]
loss: 1.840406  [64000/100000]
loss: 1.607425  [66560/100000]
loss: 1.729233  [69120/100000]
loss: 1.715042  [71680/100000]
loss: 1.928679  [74240/100000]
loss: 1.515977  [76800/100000]
loss: 1.905917  [79360/100000]
loss: 2.119134  [81920/100000]
loss: 1.730338  [84480/100000]
loss: 1.715199  [87040/100000]
loss: 1.953248  [89600/100000]
loss: 1.852998  [92160/100000]
loss: 1.787435  [94720/100000]
loss: 1.631247  [97280/100000]
loss: 1.607282  [62400/100000]
Epoch 26 finished in 75.89 seconds

Epoch 27
-------------------------------
loss: 1.725729  [    0/100000]
loss: 1.584597  [ 2560/100000]
loss: 1.752627  [ 5120/100000]
loss: 1.484858  [ 7680/100000]
loss: 1.670165  [10240/100000]
loss: 1.493005  [12800/100000]
loss: 1.605343  [15360/100000]
loss: 1.747746  [17920/100000]
loss: 1.587608  [20480/100000]
loss: 1.717789  [23040/100000]
loss: 1.444203  [25600/100000]
loss: 1.637989  [28160/100000]
loss: 1.851280  [30720/100000]
loss: 1.560109  [33280/100000]
loss: 1.883706  [35840/100000]
loss: 1.678259  [38400/100000]
loss: 1.548085  [40960/100000]
loss: 1.558846  [43520/100000]
loss: 1.419616  [46080/100000]
loss: 1.646011  [48640/100000]
loss: 1.752888  [51200/100000]
loss: 1.477223  [53760/100000]
loss: 1.615313  [56320/100000]
loss: 1.816568  [58880/100000]
loss: 1.605579  [61440/100000]
loss: 1.648962  [64000/100000]
loss: 1.548853  [66560/100000]
loss: 1.629405  [69120/100000]
loss: 1.735394  [71680/100000]
loss: 1.897382  [74240/100000]
loss: 1.587105  [76800/100000]
loss: 1.530774  [79360/100000]
loss: 1.634605  [81920/100000]
loss: 1.586486  [84480/100000]
loss: 1.489197  [87040/100000]
loss: 1.746971  [89600/100000]
loss: 1.801644  [92160/100000]
loss: 1.945572  [94720/100000]
loss: 1.510547  [97280/100000]
loss: 1.787626  [62400/100000]
Epoch 27 finished in 75.91 seconds

Epoch 28
-------------------------------
loss: 1.650252  [    0/100000]
loss: 1.420541  [ 2560/100000]
loss: 1.550614  [ 5120/100000]
loss: 1.533848  [ 7680/100000]
loss: 1.351529  [10240/100000]
loss: 1.419672  [12800/100000]
loss: 1.411036  [15360/100000]
loss: 1.725820  [17920/100000]
loss: 1.787722  [20480/100000]
loss: 1.734342  [23040/100000]
loss: 1.607037  [25600/100000]
loss: 1.977941  [28160/100000]
loss: 1.738584  [30720/100000]
loss: 1.459929  [33280/100000]
loss: 1.507829  [35840/100000]
loss: 1.375077  [38400/100000]
loss: 1.545252  [40960/100000]
loss: 1.433290  [43520/100000]
loss: 1.707942  [46080/100000]
loss: 1.524418  [48640/100000]
loss: 1.861029  [51200/100000]
loss: 1.412285  [53760/100000]
loss: 1.492695  [56320/100000]
loss: 1.637600  [58880/100000]
loss: 1.704383  [61440/100000]
loss: 1.724379  [64000/100000]
loss: 1.788889  [66560/100000]
loss: 1.739581  [69120/100000]
loss: 1.760227  [71680/100000]
loss: 1.546927  [74240/100000]
loss: 1.701516  [76800/100000]
loss: 1.531274  [79360/100000]
loss: 1.439829  [81920/100000]
loss: 1.709482  [84480/100000]
loss: 1.782391  [87040/100000]
loss: 1.975975  [89600/100000]
loss: 1.762427  [92160/100000]
loss: 1.737330  [94720/100000]
loss: 1.615861  [97280/100000]
loss: 1.792519  [62400/100000]
Epoch 28 finished in 75.91 seconds

Epoch 29
-------------------------------
loss: 1.325280  [    0/100000]
loss: 1.544772  [ 2560/100000]
loss: 1.505992  [ 5120/100000]
loss: 1.566954  [ 7680/100000]
loss: 1.412229  [10240/100000]
loss: 1.273826  [12800/100000]
loss: 1.479433  [15360/100000]
loss: 1.363939  [17920/100000]
loss: 1.663429  [20480/100000]
loss: 1.530424  [23040/100000]
loss: 1.530959  [25600/100000]
loss: 1.418200  [28160/100000]
loss: 1.659921  [30720/100000]
loss: 1.628547  [33280/100000]
loss: 1.490301  [35840/100000]
loss: 1.539577  [38400/100000]
loss: 1.445233  [40960/100000]
loss: 1.244132  [43520/100000]
loss: 1.722511  [46080/100000]
loss: 1.480471  [48640/100000]
loss: 1.621517  [51200/100000]
loss: 1.629629  [53760/100000]
loss: 1.479884  [56320/100000]
loss: 1.475149  [58880/100000]
loss: 1.506266  [61440/100000]
loss: 1.471788  [64000/100000]
loss: 1.354499  [66560/100000]
loss: 1.673502  [69120/100000]
loss: 1.623345  [71680/100000]
loss: 1.633160  [74240/100000]
loss: 1.500229  [76800/100000]
loss: 1.773559  [79360/100000]
loss: 1.706902  [81920/100000]
loss: 1.698485  [84480/100000]
loss: 1.671392  [87040/100000]
loss: 1.783035  [89600/100000]
loss: 1.499600  [92160/100000]
loss: 1.637608  [94720/100000]
loss: 1.801051  [97280/100000]
loss: 1.437218  [62400/100000]
Epoch 29 finished in 75.96 seconds

Epoch 30
-------------------------------
loss: 1.418483  [    0/100000]
loss: 1.381689  [ 2560/100000]
loss: 1.167361  [ 5120/100000]
loss: 1.299181  [ 7680/100000]
loss: 1.548517  [10240/100000]
loss: 1.254479  [12800/100000]
loss: 1.230971  [15360/100000]
loss: 1.490105  [17920/100000]
loss: 1.360246  [20480/100000]
loss: 1.369234  [23040/100000]
loss: 1.386159  [25600/100000]
loss: 1.522460  [28160/100000]
loss: 1.468984  [30720/100000]
loss: 1.753823  [33280/100000]
loss: 1.518687  [35840/100000]
loss: 1.422653  [38400/100000]
loss: 1.464928  [40960/100000]
loss: 1.466473  [43520/100000]
loss: 1.325608  [46080/100000]
loss: 1.601227  [48640/100000]
loss: 1.566642  [51200/100000]
loss: 1.612720  [53760/100000]
loss: 1.492738  [56320/100000]
loss: 1.264214  [58880/100000]
loss: 1.425465  [61440/100000]
loss: 1.475790  [64000/100000]
loss: 1.337664  [66560/100000]
loss: 1.403728  [69120/100000]
loss: 1.357937  [71680/100000]
loss: 1.409347  [74240/100000]
loss: 1.415777  [76800/100000]
loss: 1.460816  [79360/100000]
loss: 1.388197  [81920/100000]
loss: 1.825536  [84480/100000]
loss: 1.565993  [87040/100000]
loss: 1.545322  [89600/100000]
loss: 1.395553  [92160/100000]
loss: 1.693956  [94720/100000]
loss: 1.500762  [97280/100000]
loss: 1.648030  [62400/100000]
Epoch 30 finished in 75.92 seconds

Saved Loss Plot as loss_plot.png
Saved PyTorchModel State
Test Error: 
 Accuracy: 34.0%, Avg loss: 3.201521 

